Archive member included to satisfy reference by file (symbol)

c:/st/stm32cubeide_1.10.1/stm32cubeide/plugins/com.st.stm32cube.ide.mcu.externaltools.gnu-tools-for-stm32.10.3-2021.10.win32_1.0.0.202111181127/tools/bin/../lib/gcc/arm-none-eabi/10.3.1/../../../../arm-none-eabi/lib/thumb/v7e-m+dp/hard\libc_nano.a(lib_a-errno.o)
                              ./Core/Src/syscalls.o (__errno)
c:/st/stm32cubeide_1.10.1/stm32cubeide/plugins/com.st.stm32cube.ide.mcu.externaltools.gnu-tools-for-stm32.10.3-2021.10.win32_1.0.0.202111181127/tools/bin/../lib/gcc/arm-none-eabi/10.3.1/../../../../arm-none-eabi/lib/thumb/v7e-m+dp/hard\libc_nano.a(lib_a-exit.o)
                              c:/st/stm32cubeide_1.10.1/stm32cubeide/plugins/com.st.stm32cube.ide.mcu.externaltools.gnu-tools-for-stm32.10.3-2021.10.win32_1.0.0.202111181127/tools/bin/../lib/gcc/arm-none-eabi/10.3.1/../../../../arm-none-eabi/lib/thumb/v7e-m+dp/hard/crt0.o (exit)
c:/st/stm32cubeide_1.10.1/stm32cubeide/plugins/com.st.stm32cube.ide.mcu.externaltools.gnu-tools-for-stm32.10.3-2021.10.win32_1.0.0.202111181127/tools/bin/../lib/gcc/arm-none-eabi/10.3.1/../../../../arm-none-eabi/lib/thumb/v7e-m+dp/hard\libc_nano.a(lib_a-impure.o)
                              c:/st/stm32cubeide_1.10.1/stm32cubeide/plugins/com.st.stm32cube.ide.mcu.externaltools.gnu-tools-for-stm32.10.3-2021.10.win32_1.0.0.202111181127/tools/bin/../lib/gcc/arm-none-eabi/10.3.1/../../../../arm-none-eabi/lib/thumb/v7e-m+dp/hard\libc_nano.a(lib_a-exit.o) (_global_impure_ptr)
c:/st/stm32cubeide_1.10.1/stm32cubeide/plugins/com.st.stm32cube.ide.mcu.externaltools.gnu-tools-for-stm32.10.3-2021.10.win32_1.0.0.202111181127/tools/bin/../lib/gcc/arm-none-eabi/10.3.1/../../../../arm-none-eabi/lib/thumb/v7e-m+dp/hard\libc_nano.a(lib_a-init.o)
                              c:/st/stm32cubeide_1.10.1/stm32cubeide/plugins/com.st.stm32cube.ide.mcu.externaltools.gnu-tools-for-stm32.10.3-2021.10.win32_1.0.0.202111181127/tools/bin/../lib/gcc/arm-none-eabi/10.3.1/../../../../arm-none-eabi/lib/thumb/v7e-m+dp/hard/crt0.o (__libc_init_array)
c:/st/stm32cubeide_1.10.1/stm32cubeide/plugins/com.st.stm32cube.ide.mcu.externaltools.gnu-tools-for-stm32.10.3-2021.10.win32_1.0.0.202111181127/tools/bin/../lib/gcc/arm-none-eabi/10.3.1/../../../../arm-none-eabi/lib/thumb/v7e-m+dp/hard\libc_nano.a(lib_a-memset.o)
                              c:/st/stm32cubeide_1.10.1/stm32cubeide/plugins/com.st.stm32cube.ide.mcu.externaltools.gnu-tools-for-stm32.10.3-2021.10.win32_1.0.0.202111181127/tools/bin/../lib/gcc/arm-none-eabi/10.3.1/../../../../arm-none-eabi/lib/thumb/v7e-m+dp/hard/crt0.o (memset)
c:/st/stm32cubeide_1.10.1/stm32cubeide/plugins/com.st.stm32cube.ide.mcu.externaltools.gnu-tools-for-stm32.10.3-2021.10.win32_1.0.0.202111181127/tools/bin/../lib/gcc/arm-none-eabi/10.3.1/../../../../arm-none-eabi/lib/thumb/v7e-m+dp/hard\libc_nano.a(lib_a-sprintf.o)
                              ./Core/Lib/app_uart.o (sprintf)
c:/st/stm32cubeide_1.10.1/stm32cubeide/plugins/com.st.stm32cube.ide.mcu.externaltools.gnu-tools-for-stm32.10.3-2021.10.win32_1.0.0.202111181127/tools/bin/../lib/gcc/arm-none-eabi/10.3.1/../../../../arm-none-eabi/lib/thumb/v7e-m+dp/hard\libc_nano.a(lib_a-nano-svfprintf.o)
                              c:/st/stm32cubeide_1.10.1/stm32cubeide/plugins/com.st.stm32cube.ide.mcu.externaltools.gnu-tools-for-stm32.10.3-2021.10.win32_1.0.0.202111181127/tools/bin/../lib/gcc/arm-none-eabi/10.3.1/../../../../arm-none-eabi/lib/thumb/v7e-m+dp/hard\libc_nano.a(lib_a-sprintf.o) (_svfprintf_r)
c:/st/stm32cubeide_1.10.1/stm32cubeide/plugins/com.st.stm32cube.ide.mcu.externaltools.gnu-tools-for-stm32.10.3-2021.10.win32_1.0.0.202111181127/tools/bin/../lib/gcc/arm-none-eabi/10.3.1/../../../../arm-none-eabi/lib/thumb/v7e-m+dp/hard\libc_nano.a(lib_a-nano-vfprintf_i.o)
                              c:/st/stm32cubeide_1.10.1/stm32cubeide/plugins/com.st.stm32cube.ide.mcu.externaltools.gnu-tools-for-stm32.10.3-2021.10.win32_1.0.0.202111181127/tools/bin/../lib/gcc/arm-none-eabi/10.3.1/../../../../arm-none-eabi/lib/thumb/v7e-m+dp/hard\libc_nano.a(lib_a-nano-svfprintf.o) (_printf_i)
c:/st/stm32cubeide_1.10.1/stm32cubeide/plugins/com.st.stm32cube.ide.mcu.externaltools.gnu-tools-for-stm32.10.3-2021.10.win32_1.0.0.202111181127/tools/bin/../lib/gcc/arm-none-eabi/10.3.1/../../../../arm-none-eabi/lib/thumb/v7e-m+dp/hard\libc_nano.a(lib_a-memchr.o)
                              c:/st/stm32cubeide_1.10.1/stm32cubeide/plugins/com.st.stm32cube.ide.mcu.externaltools.gnu-tools-for-stm32.10.3-2021.10.win32_1.0.0.202111181127/tools/bin/../lib/gcc/arm-none-eabi/10.3.1/../../../../arm-none-eabi/lib/thumb/v7e-m+dp/hard\libc_nano.a(lib_a-nano-svfprintf.o) (memchr)
c:/st/stm32cubeide_1.10.1/stm32cubeide/plugins/com.st.stm32cube.ide.mcu.externaltools.gnu-tools-for-stm32.10.3-2021.10.win32_1.0.0.202111181127/tools/bin/../lib/gcc/arm-none-eabi/10.3.1/../../../../arm-none-eabi/lib/thumb/v7e-m+dp/hard\libc_nano.a(lib_a-memcpy-stub.o)
[...]
Memory Configuration

Name             Origin             Length             Attributes
RAM              0x0000000020000000 0x0000000000080000 xrw
FLASH            0x0000000008000000 0x0000000000200000 xr
*default*        0x0000000000000000 0xffffffffffffffff

Linker script and memory map

LOAD c:/st/stm32cubeide_1.10.1/stm32cubeide/plugins/com.st.stm32cube.ide.mcu.externaltools.gnu-tools-for-stm32.10.3-2021.10.win32_1.0.0.202111181127/tools/bin/../lib/gcc/arm-none-eabi/10.3.1/thumb/v7e-m+dp/hard/crti.o
LOAD c:/st/stm32cubeide_1.10.1/stm32cubeide/plugins/com.st.stm32cube.ide.mcu.externaltools.gnu-tools-for-stm32.10.3-2021.10.win32_1.0.0.202111181127/tools/bin/../lib/gcc/arm-none-eabi/10.3.1/thumb/v7e-m+dp/hard/crtbegin.o
LOAD c:/st/stm32cubeide_1.10.1/stm32cubeide/plugins/com.st.stm32cube.ide.mcu.externaltools.gnu-tools-for-stm32.10.3-2021.10.win32_1.0.0.202111181127/tools/bin/../lib/gcc/arm-none-eabi/10.3.1/../../../../arm-none-eabi/lib/thumb/v7e-m+dp/hard/crt0.o
LOAD ./Core/Lib/LSM6DSO/lsm6dso.o
LOAD ./Core/Lib/LSM6DSO/lsm6dso_com.o
LOAD ./Core/Lib/app_can.o
LOAD ./Core/Lib/app_imu.o
LOAD ./Core/Lib/app_light.o
LOAD ./Core/Lib/app_system.o
LOAD ./Core/Lib/app_uart.o
LOAD ./Core/Src/adc.o
LOAD ./Core/Src/can.o
LOAD ./Core/Src/gpio.o
LOAD ./Core/Src/main.o
LOAD ./Core/Src/spi.o
LOAD ./Core/Src/stm32f7xx_hal_msp.o
LOAD ./Core/Src/stm32f7xx_it.o
LOAD ./Core/Src/syscalls.o
LOAD ./Core/Src/sysmem.o
LOAD ./Core/Src/system_stm32f7xx.o
LOAD ./Core/Src/tim.o
LOAD ./Core/Src/usart.o
LOAD ./Core/Startup/startup_stm32f767zitx.o
LOAD ./Drivers/STM32F7xx_HAL_Driver/Src/stm32f7xx_hal.o
LOAD ./Drivers/STM32F7xx_HAL_Driver/Src/stm32f7xx_hal_adc.o
LOAD ./Drivers/STM32F7xx_HAL_Driver/Src/stm32f7xx_hal_adc_ex.o
LOAD ./Drivers/STM32F7xx_HAL_Driver/Src/stm32f7xx_hal_can.o
LOAD ./Drivers/STM32F7xx_HAL_Driver/Src/stm32f7xx_hal_cortex.o
LOAD ./Drivers/STM32F7xx_HAL_Driver/Src/stm32f7xx_hal_dma.o
LOAD ./Drivers/STM32F7xx_HAL_Driver/Src/stm32f7xx_hal_dma_ex.o
LOAD ./Drivers/STM32F7xx_HAL_Driver/Src/stm32f7xx_hal_exti.o
LOAD ./Drivers/STM32F7xx_HAL_Driver/Src/stm32f7xx_hal_flash.o
LOAD ./Drivers/STM32F7xx_HAL_Driver/Src/stm32f7xx_hal_flash_ex.o
LOAD ./Drivers/STM32F7xx_HAL_Driver/Src/stm32f7xx_hal_gpio.o
LOAD ./Drivers/STM32F7xx_HAL_Driver/Src/stm32f7xx_hal_i2c.o
LOAD ./Drivers/STM32F7xx_HAL_Driver/Src/stm32f7xx_hal_i2c_ex.o
LOAD ./Drivers/STM32F7xx_HAL_Driver/Src/stm32f7xx_hal_pwr.o
LOAD ./Drivers/STM32F7xx_HAL_Driver/Src/stm32f7xx_hal_pwr_ex.o
LOAD ./Drivers/STM32F7xx_HAL_Driver/Src/stm32f7xx_hal_rcc.o
LOAD ./Drivers/STM32F7xx_HAL_Driver/Src/stm32f7xx_hal_rcc_ex.o
LOAD ./Drivers/STM32F7xx_HAL_Driver/Src/stm32f7xx_hal_spi.o
LOAD ./Drivers/STM32F7xx_HAL_Driver/Src/stm32f7xx_hal_spi_ex.o
LOAD ./Drivers/STM32F7xx_HAL_Driver/Src/stm32f7xx_hal_tim.o
LOAD ./Drivers/STM32F7xx_HAL_Driver/Src/stm32f7xx_hal_tim_ex.o
LOAD ./Drivers/STM32F7xx_HAL_Driver/Src/stm32f7xx_hal_uart.o
LOAD ./Drivers/STM32F7xx_HAL_Driver/Src/stm32f7xx_hal_uart_ex.o
START GROUP
LOAD c:/st/stm32cubeide_1.10.1/stm32cubeide/plugins/com.st.stm32cube.ide.mcu.externaltools.gnu-tools-for-stm32.10.3-2021.10.win32_1.0.0.202111181127/tools/bin/../lib/gcc/arm-none-eabi/10.3.1/../../../../arm-none-eabi/lib/thumb/v7e-m+dp/hard\libc_nano.a
LOAD c:/st/stm32cubeide_1.10.1/stm32cubeide/plugins/com.st.stm32cube.ide.mcu.externaltools.gnu-tools-for-stm32.10.3-2021.10.win32_1.0.0.202111181127/tools/bin/../lib/gcc/arm-none-eabi/10.3.1/../../../../arm-none-eabi/lib/thumb/v7e-m+dp/hard\libm.a
END GROUP
START GROUP
LOAD c:/st/stm32cubeide_1.10.1/stm32cubeide/plugins/com.st.stm32cube.ide.mcu.externaltools.gnu-tools-for-stm32.10.3-2021.10.win32_1.0.0.202111181127/tools/bin/../lib/gcc/arm-none-eabi/10.3.1/thumb/v7e-m+dp/hard\libgcc.a
LOAD c:/st/stm32cubeide_1.10.1/stm32cubeide/plugins/com.st.stm32cube.ide.mcu.externaltools.gnu-tools-for-stm32.10.3-2021.10.win32_1.0.0.202111181127/tools/bin/../lib/gcc/arm-none-eabi/10.3.1/../../../../arm-none-eabi/lib/thumb/v7e-m+dp/hard\libc_nano.a
END GROUP
START GROUP
LOAD c:/st/stm32cubeide_1.10.1/stm32cubeide/plugins/com.st.stm32cube.ide.mcu.externaltools.gnu-tools-for-stm32.10.3-2021.10.win32_1.0.0.202111181127/tools/bin/../lib/gcc/arm-none-eabi/10.3.1/thumb/v7e-m+dp/hard\libgcc.a
LOAD c:/st/stm32cubeide_1.10.1/stm32cubeide/plugins/com.st.stm32cube.ide.mcu.externaltools.gnu-tools-for-stm32.10.3-2021.10.win32_1.0.0.202111181127/tools/bin/../lib/gcc/arm-none-eabi/10.3.1/../../../../arm-none-eabi/lib/thumb/v7e-m+dp/hard\libc_nano.a
LOAD c:/st/stm32cubeide_1.10.1/stm32cubeide/plugins/com.st.stm32cube.ide.mcu.externaltools.gnu-tools-for-stm32.10.3-2021.10.win32_1.0.0.202111181127/tools/bin/../lib/gcc/arm-none-eabi/10.3.1/../../../../arm-none-eabi/lib/thumb/v7e-m+dp/hard\libnosys.a
END GROUP
START GROUP
LOAD c:/st/stm32cubeide_1.10.1/stm32cubeide/plugins/com.st.stm32cube.ide.mcu.externaltools.gnu-tools-for-stm32.10.3-2021.10.win32_1.0.0.202111181127/tools/bin/../lib/gcc/arm-none-eabi/10.3.1/thumb/v7e-m+dp/hard\libgcc.a
LOAD c:/st/stm32cubeide_1.10.1/stm32cubeide/plugins/com.st.stm32cube.ide.mcu.externaltools.gnu-tools-for-stm32.10.3-2021.10.win32_1.0.0.202111181127/tools/bin/../lib/gcc/arm-none-eabi/10.3.1/../../../../arm-none-eabi/lib/thumb/v7e-m+dp/hard\libc_nano.a
LOAD c:/st/stm32cubeide_1.10.1/stm32cubeide/plugins/com.st.stm32cube.ide.mcu.externaltools.gnu-tools-for-stm32.10.3-2021.10.win32_1.0.0.202111181127/tools/bin/../lib/gcc/arm-none-eabi/10.3.1/../../../../arm-none-eabi/lib/thumb/v7e-m+dp/hard\libnosys.a
END GROUP
LOAD c:/st/stm32cubeide_1.10.1/stm32cubeide/plugins/com.st.stm32cube.ide.mcu.externaltools.gnu-tools-for-stm32.10.3-2021.10.win32_1.0.0.202111181127/tools/bin/../lib/gcc/arm-none-eabi/10.3.1/thumb/v7e-m+dp/hard/crtend.o
LOAD c:/st/stm32cubeide_1.10.1/stm32cubeide/plugins/com.st.stm32cube.ide.mcu.externaltools.gnu-tools-for-stm32.10.3-2021.10.win32_1.0.0.202111181127/tools/bin/../lib/gcc/arm-none-eabi/10.3.1/thumb/v7e-m+dp/hard/crtn.o
                0x0000000020080000                _estack = (ORIGIN (RAM) + LENGTH (RAM))
                0x0000000000000200                _Min_Heap_Size = 0x200
                0x0000000000000400                _Min_Stack_Size = 0x400

.isr_vector     0x0000000008000000      0x1f8
                0x0000000008000000                . = ALIGN (0x4)
 *(.isr_vector)
 .isr_vector    0x0000000008000000      0x1f8 ./Core/Startup/startup_stm32f767zitx.o
                0x0000000008000000                g_pfnVectors
                0x00000000080001f8                . = ALIGN (0x4)

.text           0x0000000008000200     0x6eb4
                0x0000000008000200                . = ALIGN (0x4)
 *(.text)
 .text          0x0000000008000200       0x40 c:/st/stm32cubeide_1.10.1/stm32cubeide/plugins/com.st.stm32cube.ide.mcu.externaltools.gnu-tools-for-stm32.10.3-2021.10.win32_1.0.0.202111181127/tools/bin/../lib/gcc/arm-none-eabi/10.3.1/thumb/v7e-m+dp/hard/crtbegin.o
 .text          0x0000000008000240       0xa0 c:/st/stm32cubeide_1.10.1/stm32cubeide/plugins/com.st.stm32cube.ide.mcu.externaltools.gnu-tools-for-stm32.10.3-2021.10.win32_1.0.0.202111181127/tools/bin/../lib/gcc/arm-none-eabi/10.3.1/../../../../arm-none-eabi/lib/thumb/v7e-m+dp/hard\libc_nano.a(lib_a-memchr.o)
                0x0000000008000240                memchr
 .text          0x00000000080002e0       0x30 c:/st/stm32cubeide_1.10.1/stm32cubeide/plugins/com.st.stm32cube.ide.mcu.externaltools.gnu-tools-for-stm32.10.3-2021.10.win32_1.0.0.202111181127/tools/bin/../lib/gcc/arm-none-eabi/10.3.1/thumb/v7e-m+dp/hard\libgcc.a(_aeabi_uldivmod.o)
                0x00000000080002e0                __aeabi_uldivmod
 .text          0x0000000008000310      0x2d0 c:/st/stm32cubeide_1.10.1/stm32cubeide/plugins/com.st.stm32cube.ide.mcu.externaltools.gnu-tools-for-stm32.10.3-2021.10.win32_1.0.0.202111181127/tools/bin/../lib/gcc/arm-none-eabi/10.3.1/thumb/v7e-m+dp/hard\libgcc.a(_udivmoddi4.o)
                0x0000000008000310                __udivmoddi4
 .text          0x00000000080005e0        0x4 c:/st/stm32cubeide_1.10.1/stm32cubeide/plugins/com.st.stm32cube.ide.mcu.externaltools.gnu-tools-for-stm32.10.3-2021.10.win32_1.0.0.202111181127/tools/bin/../lib/gcc/arm-none-eabi/10.3.1/thumb/v7e-m+dp/hard\libgcc.a(_dvmd_tls.o)
                0x00000000080005e0                __aeabi_idiv0
                0x00000000080005e0                __aeabi_ldiv0
 *(.text*)
 .text.LSM6DSO_Init
                0x00000000080005e4       0x26 ./Core/Lib/LSM6DSO/lsm6dso.o
                0x00000000080005e4                LSM6DSO_Init
 *fill*         0x000000000800060a        0x2 
 .text.LSM6DSO_GetResults
                0x000000000800060c       0x60 ./Core/Lib/LSM6DSO/lsm6dso.o
                0x000000000800060c                LSM6DSO_GetResults
 .text.LSM6DSO_ReadAcceleration
                0x000000000800066c       0x54 ./Core/Lib/LSM6DSO/lsm6dso.o
                0x000000000800066c                LSM6DSO_ReadAcceleration
 .text.LSM6DSO_ReadAngularRate
                0x00000000080006c0       0x54 ./Core/Lib/LSM6DSO/lsm6dso.o
                0x00000000080006c0                LSM6DSO_ReadAngularRate
 .text.LSM6DSO_ReadTemperature
                0x0000000008000714       0x30 ./Core/Lib/LSM6DSO/lsm6dso.o
                0x0000000008000714                LSM6DSO_ReadTemperature
 .text.LSM6DSO_SingleRead
                0x0000000008000744       0x54 ./Core/Lib/LSM6DSO/lsm6dso_com.o
                0x0000000008000744                LSM6DSO_SingleRead
 .text.LSM6DSO_MultipleRead
                0x0000000008000798      0x170 ./Core/Lib/LSM6DSO/lsm6dso_com.o
                0x0000000008000798                LSM6DSO_MultipleRead
 .text.LSM6DSO_MultipleWrite
                0x0000000008000908      0x148 ./Core/Lib/LSM6DSO/lsm6dso_com.o
                0x0000000008000908                LSM6DSO_MultipleWrite
 .text.AppCan_Init
                0x0000000008000a50       0x14 ./Core/Lib/app_can.o
                0x0000000008000a50                AppCan_Init
 .text.AppCan_Task
                0x0000000008000a64       0x3c ./Core/Lib/app_can.o
                0x0000000008000a64                AppCan_Task
 .text.AppCan_FillFrame
                0x0000000008000aa0       0x60 ./Core/Lib/app_can.o
                0x0000000008000aa0                AppCan_FillFrame
 .text.AppCan_TxFrame
                0x0000000008000b00       0x7c ./Core/Lib/app_can.o
 .text.AppCan_ProcessFrame
                0x0000000008000b7c       0x8c ./Core/Lib/app_can.o
 .text.AppImu_Init
                0x0000000008000c08        0xc ./Core/Lib/app_imu.o
                0x0000000008000c08                AppImu_Init
 .text.AppImu_Task
                0x0000000008000c14      0x110 ./Core/Lib/app_imu.o
                0x0000000008000c14                AppImu_Task
 .text.AppLight_Task
                0x0000000008000d24       0x50 ./Core/Lib/app_light.o
                0x0000000008000d24                AppLight_Task
 .text.AppSystem_Init
                0x0000000008000d74       0x14 ./Core/Lib/app_system.o
                0x0000000008000d74                AppSystem_Init
 .text.AppSystem_MainTask
                0x0000000008000d88       0x50 ./Core/Lib/app_system.o
                0x0000000008000d88                AppSystem_MainTask
 .text.AppUart_Init
                0x0000000008000dd8       0x40 ./Core/Lib/app_uart.o
                0x0000000008000dd8                AppUart_Init
 .text.AppUart_ProcessInput
                0x0000000008000e18       0x60 ./Core/Lib/app_uart.o
                0x0000000008000e18                AppUart_ProcessInput
 .text.AppUart_SendInfo
                0x0000000008000e78       0xa4 ./Core/Lib/app_uart.o
                0x0000000008000e78                AppUart_SendInfo
 .text.AppUart_DecodeInputDec
                0x0000000008000f1c       0x60 ./Core/Lib/app_uart.o
                0x0000000008000f1c                AppUart_DecodeInputDec
 .text.AppUart_ProcessData
                0x0000000008000f7c       0x78 ./Core/Lib/app_uart.o
                0x0000000008000f7c                AppUart_ProcessData
 .text.AppUart_ProcessSummary
                0x0000000008000ff4       0x30 ./Core/Lib/app_uart.o
                0x0000000008000ff4                AppUart_ProcessSummary
 .text.AppUart_ProcessError
                0x0000000008001024       0x24 ./Core/Lib/app_uart.o
                0x0000000008001024                AppUart_ProcessError
 .text.MX_ADC1_Init
                0x0000000008001048       0xa4 ./Core/Src/adc.o
                0x0000000008001048                MX_ADC1_Init
 .text.HAL_ADC_MspInit
                0x00000000080010ec       0x80 ./Core/Src/adc.o
                0x00000000080010ec                HAL_ADC_MspInit
 .text.MX_CAN1_Init
                0x000000000800116c       0x6c ./Core/Src/can.o
                0x000000000800116c                MX_CAN1_Init
 .text.HAL_CAN_MspInit
                0x00000000080011d8       0x88 ./Core/Src/can.o
                0x00000000080011d8                HAL_CAN_MspInit
 .text.MX_GPIO_Init
                0x0000000008001260      0x1b0 ./Core/Src/gpio.o
                0x0000000008001260                MX_GPIO_Init
 .text.main     0x0000000008001410       0x36 ./Core/Src/main.o
                0x0000000008001410                main
 *fill*         0x0000000008001446        0x2 
 .text.SystemClock_Config
                0x0000000008001448       0xe4 ./Core/Src/main.o
                0x0000000008001448                SystemClock_Config
 .text.HAL_TIM_PeriodElapsedCallback
                0x000000000800152c       0x24 ./Core/Src/main.o
                0x000000000800152c                HAL_TIM_PeriodElapsedCallback
 .text.HAL_UART_RxCpltCallback
                0x0000000008001550       0x24 ./Core/Src/main.o
                0x0000000008001550                HAL_UART_RxCpltCallback
 .text.Error_Handler
                0x0000000008001574        0xa ./Core/Src/main.o
                0x0000000008001574                Error_Handler
 *fill*         0x000000000800157e        0x2 
 .text.MX_SPI1_Init
                0x0000000008001580       0x7c ./Core/Src/spi.o
                0x0000000008001580                MX_SPI1_Init
 .text.HAL_SPI_MspInit
                0x00000000080015fc       0x88 ./Core/Src/spi.o
                0x00000000080015fc                HAL_SPI_MspInit
 .text.HAL_MspInit
                0x0000000008001684       0x48 ./Core/Src/stm32f7xx_hal_msp.o
                0x0000000008001684                HAL_MspInit
 .text.NMI_Handler
                0x00000000080016cc        0x6 ./Core/Src/stm32f7xx_it.o
                0x00000000080016cc                NMI_Handler
 .text.HardFault_Handler
                0x00000000080016d2        0x6 ./Core/Src/stm32f7xx_it.o
                0x00000000080016d2                HardFault_Handler
 .text.MemManage_Handler
                0x00000000080016d8        0x6 ./Core/Src/stm32f7xx_it.o
                0x00000000080016d8                MemManage_Handler
 .text.BusFault_Handler
                0x00000000080016de        0x6 ./Core/Src/stm32f7xx_it.o
                0x00000000080016de                BusFault_Handler
 .text.UsageFault_Handler
                0x00000000080016e4        0x6 ./Core/Src/stm32f7xx_it.o
                0x00000000080016e4                UsageFault_Handler
 .text.SVC_Handler
                0x00000000080016ea        0xe ./Core/Src/stm32f7xx_it.o
                0x00000000080016ea                SVC_Handler
 .text.DebugMon_Handler
                0x00000000080016f8        0xe ./Core/Src/stm32f7xx_it.o
                0x00000000080016f8                DebugMon_Handler
 .text.PendSV_Handler
                0x0000000008001706        0xe ./Core/Src/stm32f7xx_it.o
                0x0000000008001706                PendSV_Handler
 .text.SysTick_Handler
                0x0000000008001714        0xc ./Core/Src/stm32f7xx_it.o
                0x0000000008001714                SysTick_Handler
 .text.USART3_IRQHandler
                0x0000000008001720       0x14 ./Core/Src/stm32f7xx_it.o
                0x0000000008001720                USART3_IRQHandler
 .text.TIM6_DAC_IRQHandler
                0x0000000008001734       0x14 ./Core/Src/stm32f7xx_it.o
                0x0000000008001734                TIM6_DAC_IRQHandler
 .text._sbrk    0x0000000008001748       0x6c ./Core/Src/sysmem.o
                0x0000000008001748                _sbrk
 .text.SystemInit
                0x00000000080017b4       0x24 ./Core/Src/system_stm32f7xx.o
                0x00000000080017b4                SystemInit
 .text.MX_TIM6_Init
                0x00000000080017d8       0x70 ./Core/Src/tim.o
                0x00000000080017d8                MX_TIM6_Init
 .text.HAL_TIM_Base_MspInit
                0x0000000008001848       0x4c ./Core/Src/tim.o
                0x0000000008001848                HAL_TIM_Base_MspInit
 .text.MX_USART3_UART_Init
                0x0000000008001894       0x60 ./Core/Src/usart.o
                0x0000000008001894                MX_USART3_UART_Init
 .text.HAL_UART_MspInit
                0x00000000080018f4       0xd0 ./Core/Src/usart.o
                0x00000000080018f4                HAL_UART_MspInit
 .text.Reset_Handler
                0x00000000080019c4       0x50 ./Core/Startup/startup_stm32f767zitx.o
                0x00000000080019c4                Reset_Handler
 .text.Default_Handler
                0x0000000008001a14        0x2 ./Core/Startup/startup_stm32f767zitx.o
                0x0000000008001a14                RTC_Alarm_IRQHandler
                0x0000000008001a14                EXTI2_IRQHandler
                0x0000000008001a14                TIM8_CC_IRQHandler
                0x0000000008001a14                UART8_IRQHandler
                0x0000000008001a14                SPI4_IRQHandler
                0x0000000008001a14                TIM1_CC_IRQHandler
                0x0000000008001a14                DMA2_Stream5_IRQHandler
                0x0000000008001a14                JPEG_IRQHandler
                0x0000000008001a14                DMA1_Stream5_IRQHandler
                0x0000000008001a14                CAN3_RX1_IRQHandler
                0x0000000008001a14                PVD_IRQHandler
                0x0000000008001a14                TAMP_STAMP_IRQHandler
                0x0000000008001a14                CAN2_RX1_IRQHandler
                0x0000000008001a14                EXTI3_IRQHandler
                0x0000000008001a14                TIM8_TRG_COM_TIM14_IRQHandler
                0x0000000008001a14                DFSDM1_FLT1_IRQHandler
                0x0000000008001a14                TIM1_UP_TIM10_IRQHandler
                0x0000000008001a14                TIM8_UP_TIM13_IRQHandler
                0x0000000008001a14                I2C3_ER_IRQHandler
                0x0000000008001a14                DFSDM1_FLT2_IRQHandler
                0x0000000008001a14                EXTI0_IRQHandler
                0x0000000008001a14                I2C2_EV_IRQHandler
                0x0000000008001a14                DMA1_Stream2_IRQHandler
                0x0000000008001a14                CAN1_RX0_IRQHandler
                0x0000000008001a14                FPU_IRQHandler
                0x0000000008001a14                OTG_HS_WKUP_IRQHandler
                0x0000000008001a14                CAN3_SCE_IRQHandler
                0x0000000008001a14                LTDC_ER_IRQHandler
                0x0000000008001a14                CAN2_SCE_IRQHandler
                0x0000000008001a14                DMA2_Stream2_IRQHandler
                0x0000000008001a14                SPI1_IRQHandler
                0x0000000008001a14                TIM1_BRK_TIM9_IRQHandler
                0x0000000008001a14                DCMI_IRQHandler
                0x0000000008001a14                CAN2_RX0_IRQHandler
                0x0000000008001a14                DMA2_Stream3_IRQHandler
                0x0000000008001a14                SAI2_IRQHandler
                0x0000000008001a14                DFSDM1_FLT3_IRQHandler
                0x0000000008001a14                USART6_IRQHandler
                0x0000000008001a14                CAN3_RX0_IRQHandler
                0x0000000008001a14                CAN1_RX1_IRQHandler
                0x0000000008001a14                UART5_IRQHandler
                0x0000000008001a14                DMA2_Stream0_IRQHandler
                0x0000000008001a14                TIM4_IRQHandler
                0x0000000008001a14                QUADSPI_IRQHandler
                0x0000000008001a14                I2C1_EV_IRQHandler
                0x0000000008001a14                DMA1_Stream6_IRQHandler
                0x0000000008001a14                DMA1_Stream1_IRQHandler
                0x0000000008001a14                UART4_IRQHandler
                0x0000000008001a14                TIM3_IRQHandler
                0x0000000008001a14                RCC_IRQHandler
                0x0000000008001a14                TIM8_BRK_TIM12_IRQHandler
                0x0000000008001a14                Default_Handler
                0x0000000008001a14                CEC_IRQHandler
                0x0000000008001a14                EXTI15_10_IRQHandler
                0x0000000008001a14                ADC_IRQHandler
                0x0000000008001a14                DMA1_Stream7_IRQHandler
                0x0000000008001a14                SPI5_IRQHandler
                0x0000000008001a14                TIM7_IRQHandler
                0x0000000008001a14                SDMMC1_IRQHandler
                0x0000000008001a14                CAN2_TX_IRQHandler
                0x0000000008001a14                TIM5_IRQHandler
                0x0000000008001a14                DMA2_Stream7_IRQHandler
                0x0000000008001a14                I2C3_EV_IRQHandler
                0x0000000008001a14                EXTI9_5_IRQHandler
                0x0000000008001a14                RTC_WKUP_IRQHandler
                0x0000000008001a14                LTDC_IRQHandler
                0x0000000008001a14                ETH_WKUP_IRQHandler
                0x0000000008001a14                SPDIF_RX_IRQHandler
                0x0000000008001a14                SPI2_IRQHandler
                0x0000000008001a14                OTG_HS_EP1_IN_IRQHandler
                0x0000000008001a14                DMA1_Stream0_IRQHandler
                0x0000000008001a14                CAN1_TX_IRQHandler
                0x0000000008001a14                EXTI4_IRQHandler
                0x0000000008001a14                RNG_IRQHandler
                0x0000000008001a14                ETH_IRQHandler
                0x0000000008001a14                OTG_HS_EP1_OUT_IRQHandler
                0x0000000008001a14                WWDG_IRQHandler
                0x0000000008001a14                SPI6_IRQHandler
                0x0000000008001a14                MDIOS_IRQHandler
                0x0000000008001a14                I2C4_EV_IRQHandler
                0x0000000008001a14                CAN3_TX_IRQHandler
                0x0000000008001a14                TIM2_IRQHandler
                0x0000000008001a14                OTG_FS_WKUP_IRQHandler
                0x0000000008001a14                TIM1_TRG_COM_TIM11_IRQHandler
                0x0000000008001a14                OTG_HS_IRQHandler
                0x0000000008001a14                DMA2D_IRQHandler
                0x0000000008001a14                EXTI1_IRQHandler
                0x0000000008001a14                SDMMC2_IRQHandler
                0x0000000008001a14                UART7_IRQHandler
                0x0000000008001a14                USART2_IRQHandler
                0x0000000008001a14                DFSDM1_FLT0_IRQHandler
                0x0000000008001a14                I2C2_ER_IRQHandler
                0x0000000008001a14                DMA2_Stream1_IRQHandler
                0x0000000008001a14                CAN1_SCE_IRQHandler
                0x0000000008001a14                FLASH_IRQHandler
                0x0000000008001a14                DMA2_Stream4_IRQHandler
                0x0000000008001a14                USART1_IRQHandler
                0x0000000008001a14                OTG_FS_IRQHandler
                0x0000000008001a14                SPI3_IRQHandler
                0x0000000008001a14                DMA1_Stream4_IRQHandler
                0x0000000008001a14                I2C1_ER_IRQHandler
                0x0000000008001a14                FMC_IRQHandler
                0x0000000008001a14                LPTIM1_IRQHandler
                0x0000000008001a14                I2C4_ER_IRQHandler
                0x0000000008001a14                DMA2_Stream6_IRQHandler
                0x0000000008001a14                SAI1_IRQHandler
                0x0000000008001a14                DMA1_Stream3_IRQHandler
 .text.HAL_Init
                0x0000000008001a16       0x1a ./Drivers/STM32F7xx_HAL_Driver/Src/stm32f7xx_hal.o
                0x0000000008001a16                HAL_Init
 .text.HAL_InitTick
                0x0000000008001a30       0x60 ./Drivers/STM32F7xx_HAL_Driver/Src/stm32f7xx_hal.o
                0x0000000008001a30                HAL_InitTick
 .text.HAL_IncTick
                0x0000000008001a90       0x28 ./Drivers/STM32F7xx_HAL_Driver/Src/stm32f7xx_hal.o
                0x0000000008001a90                HAL_IncTick
 .text.HAL_GetTick
                0x0000000008001ab8       0x18 ./Drivers/STM32F7xx_HAL_Driver/Src/stm32f7xx_hal.o
                0x0000000008001ab8                HAL_GetTick
 .text.HAL_ADC_Init
                0x0000000008001ad0       0x88 ./Drivers/STM32F7xx_HAL_Driver/Src/stm32f7xx_hal_adc.o
                0x0000000008001ad0                HAL_ADC_Init
 .text.HAL_ADC_Start
                0x0000000008001b58      0x19c ./Drivers/STM32F7xx_HAL_Driver/Src/stm32f7xx_hal_adc.o
                0x0000000008001b58                HAL_ADC_Start
 .text.HAL_ADC_PollForConversion
                0x0000000008001cf4      0x116 ./Drivers/STM32F7xx_HAL_Driver/Src/stm32f7xx_hal_adc.o
                0x0000000008001cf4                HAL_ADC_PollForConversion
 .text.HAL_ADC_GetValue
                0x0000000008001e0a       0x1a ./Drivers/STM32F7xx_HAL_Driver/Src/stm32f7xx_hal_adc.o
                0x0000000008001e0a                HAL_ADC_GetValue
 .text.HAL_ADC_ConfigChannel
                0x0000000008001e24      0x2ac ./Drivers/STM32F7xx_HAL_Driver/Src/stm32f7xx_hal_adc.o
                0x0000000008001e24                HAL_ADC_ConfigChannel
 .text.ADC_Init
                0x00000000080020d0      0x1f4 ./Drivers/STM32F7xx_HAL_Driver/Src/stm32f7xx_hal_adc.o
 .text.HAL_CAN_Init
                0x00000000080022c4      0x1f6 ./Drivers/STM32F7xx_HAL_Driver/Src/stm32f7xx_hal_can.o
                0x00000000080022c4                HAL_CAN_Init
 .text.HAL_CAN_Start
                0x00000000080024ba       0x88 ./Drivers/STM32F7xx_HAL_Driver/Src/stm32f7xx_hal_can.o
                0x00000000080024ba                HAL_CAN_Start
 .text.HAL_CAN_AddTxMessage
                0x0000000008002542      0x1a0 ./Drivers/STM32F7xx_HAL_Driver/Src/stm32f7xx_hal_can.o
                0x0000000008002542                HAL_CAN_AddTxMessage
 .text.HAL_CAN_IsTxMessagePending
                0x00000000080026e2       0x48 ./Drivers/STM32F7xx_HAL_Driver/Src/stm32f7xx_hal_can.o
                0x00000000080026e2                HAL_CAN_IsTxMessagePending
 *fill*         0x000000000800272a        0x2 
 .text.__NVIC_SetPriorityGrouping
                0x000000000800272c       0x48 ./Drivers/STM32F7xx_HAL_Driver/Src/stm32f7xx_hal_cortex.o
 .text.__NVIC_GetPriorityGrouping
                0x0000000008002774       0x1c ./Drivers/STM32F7xx_HAL_Driver/Src/stm32f7xx_hal_cortex.o
 .text.__NVIC_EnableIRQ
                0x0000000008002790       0x3c ./Drivers/STM32F7xx_HAL_Driver/Src/stm32f7xx_hal_cortex.o
 .text.__NVIC_SetPriority
                0x00000000080027cc       0x54 ./Drivers/STM32F7xx_HAL_Driver/Src/stm32f7xx_hal_cortex.o
 .text.NVIC_EncodePriority
                0x0000000008002820       0x66 ./Drivers/STM32F7xx_HAL_Driver/Src/stm32f7xx_hal_cortex.o
 *fill*         0x0000000008002886        0x2 
 .text.SysTick_Config
                0x0000000008002888       0x44 ./Drivers/STM32F7xx_HAL_Driver/Src/stm32f7xx_hal_cortex.o
 .text.HAL_NVIC_SetPriorityGrouping
                0x00000000080028cc       0x16 ./Drivers/STM32F7xx_HAL_Driver/Src/stm32f7xx_hal_cortex.o
                0x00000000080028cc                HAL_NVIC_SetPriorityGrouping
 .text.HAL_NVIC_SetPriority
                0x00000000080028e2       0x38 ./Drivers/STM32F7xx_HAL_Driver/Src/stm32f7xx_hal_cortex.o
                0x00000000080028e2                HAL_NVIC_SetPriority
 .text.HAL_NVIC_EnableIRQ
                0x000000000800291a       0x1c ./Drivers/STM32F7xx_HAL_Driver/Src/stm32f7xx_hal_cortex.o
                0x000000000800291a                HAL_NVIC_EnableIRQ
 .text.HAL_SYSTICK_Config
                0x0000000008002936       0x18 ./Drivers/STM32F7xx_HAL_Driver/Src/stm32f7xx_hal_cortex.o
                0x0000000008002936                HAL_SYSTICK_Config
 .text.HAL_DMA_Abort
                0x000000000800294e       0xe0 ./Drivers/STM32F7xx_HAL_Driver/Src/stm32f7xx_hal_dma.o
                0x000000000800294e                HAL_DMA_Abort
 .text.HAL_DMA_Abort_IT
                0x0000000008002a2e       0x44 ./Drivers/STM32F7xx_HAL_Driver/Src/stm32f7xx_hal_dma.o
                0x0000000008002a2e                HAL_DMA_Abort_IT
 *fill*         0x0000000008002a72        0x2 
 .text.HAL_GPIO_Init
                0x0000000008002a74      0x358 ./Drivers/STM32F7xx_HAL_Driver/Src/stm32f7xx_hal_gpio.o
                0x0000000008002a74                HAL_GPIO_Init
 .text.HAL_GPIO_WritePin
                0x0000000008002dcc       0x32 ./Drivers/STM32F7xx_HAL_Driver/Src/stm32f7xx_hal_gpio.o
                0x0000000008002dcc                HAL_GPIO_WritePin
 *fill*         0x0000000008002dfe        0x2 
 .text.HAL_PWR_EnableBkUpAccess
                0x0000000008002e00       0x20 ./Drivers/STM32F7xx_HAL_Driver/Src/stm32f7xx_hal_pwr.o
                0x0000000008002e00                HAL_PWR_EnableBkUpAccess
 .text.HAL_PWREx_EnableOverDrive
                0x0000000008002e20       0xa0 ./Drivers/STM32F7xx_HAL_Driver/Src/stm32f7xx_hal_pwr_ex.o
                0x0000000008002e20                HAL_PWREx_EnableOverDrive
 .text.HAL_RCC_OscConfig
                0x0000000008002ec0      0x55c ./Drivers/STM32F7xx_HAL_Driver/Src/stm32f7xx_hal_rcc.o
                0x0000000008002ec0                HAL_RCC_OscConfig
 .text.HAL_RCC_ClockConfig
                0x000000000800341c      0x1d8 ./Drivers/STM32F7xx_HAL_Driver/Src/stm32f7xx_hal_rcc.o
                0x000000000800341c                HAL_RCC_ClockConfig
 .text.HAL_RCC_GetSysClockFreq
                0x00000000080035f4      0x20c ./Drivers/STM32F7xx_HAL_Driver/Src/stm32f7xx_hal_rcc.o
                0x00000000080035f4                HAL_RCC_GetSysClockFreq
 .text.HAL_RCC_GetHCLKFreq
                0x0000000008003800       0x18 ./Drivers/STM32F7xx_HAL_Driver/Src/stm32f7xx_hal_rcc.o
                0x0000000008003800                HAL_RCC_GetHCLKFreq
 .text.HAL_RCC_GetPCLK1Freq
                0x0000000008003818       0x28 ./Drivers/STM32F7xx_HAL_Driver/Src/stm32f7xx_hal_rcc.o
                0x0000000008003818                HAL_RCC_GetPCLK1Freq
 .text.HAL_RCC_GetPCLK2Freq
                0x0000000008003840       0x28 ./Drivers/STM32F7xx_HAL_Driver/Src/stm32f7xx_hal_rcc.o
                0x0000000008003840                HAL_RCC_GetPCLK2Freq
 .text.HAL_RCCEx_PeriphCLKConfig
                0x0000000008003868      0x850 ./Drivers/STM32F7xx_HAL_Driver/Src/stm32f7xx_hal_rcc_ex.o
                0x0000000008003868                HAL_RCCEx_PeriphCLKConfig
 .text.HAL_SPI_Init
                0x00000000080040b8      0x156 ./Drivers/STM32F7xx_HAL_Driver/Src/stm32f7xx_hal_spi.o
                0x00000000080040b8                HAL_SPI_Init
 .text.HAL_SPI_TransmitReceive
                0x000000000800420e      0x426 ./Drivers/STM32F7xx_HAL_Driver/Src/stm32f7xx_hal_spi.o
                0x000000000800420e                HAL_SPI_TransmitReceive
 .text.SPI_WaitFlagStateUntilTimeout
                0x0000000008004634      0x110 ./Drivers/STM32F7xx_HAL_Driver/Src/stm32f7xx_hal_spi.o
 .text.SPI_WaitFifoStateUntilTimeout
                0x0000000008004744      0x12c ./Drivers/STM32F7xx_HAL_Driver/Src/stm32f7xx_hal_spi.o
 .text.SPI_EndRxTxTransaction
                0x0000000008004870       0xd4 ./Drivers/STM32F7xx_HAL_Driver/Src/stm32f7xx_hal_spi.o
 .text.HAL_TIM_Base_Init
                0x0000000008004944       0xae ./Drivers/STM32F7xx_HAL_Driver/Src/stm32f7xx_hal_tim.o
                0x0000000008004944                HAL_TIM_Base_Init
 *fill*         0x00000000080049f2        0x2 
 .text.HAL_TIM_Base_Start_IT
                0x00000000080049f4       0xf0 ./Drivers/STM32F7xx_HAL_Driver/Src/stm32f7xx_hal_tim.o
                0x00000000080049f4                HAL_TIM_Base_Start_IT
 .text.HAL_TIM_IRQHandler
                0x0000000008004ae4      0x23e ./Drivers/STM32F7xx_HAL_Driver/Src/stm32f7xx_hal_tim.o
                0x0000000008004ae4                HAL_TIM_IRQHandler
 .text.HAL_TIM_OC_DelayElapsedCallback
                0x0000000008004d22       0x14 ./Drivers/STM32F7xx_HAL_Driver/Src/stm32f7xx_hal_tim.o
                0x0000000008004d22                HAL_TIM_OC_DelayElapsedCallback
 .text.HAL_TIM_IC_CaptureCallback
                0x0000000008004d36       0x14 ./Drivers/STM32F7xx_HAL_Driver/Src/stm32f7xx_hal_tim.o
                0x0000000008004d36                HAL_TIM_IC_CaptureCallback
 .text.HAL_TIM_PWM_PulseFinishedCallback
                0x0000000008004d4a       0x14 ./Drivers/STM32F7xx_HAL_Driver/Src/stm32f7xx_hal_tim.o
                0x0000000008004d4a                HAL_TIM_PWM_PulseFinishedCallback
 .text.HAL_TIM_TriggerCallback
                0x0000000008004d5e       0x14 ./Drivers/STM32F7xx_HAL_Driver/Src/stm32f7xx_hal_tim.o
                0x0000000008004d5e                HAL_TIM_TriggerCallback
 *fill*         0x0000000008004d72        0x2 
 .text.TIM_Base_SetConfig
                0x0000000008004d74      0x140 ./Drivers/STM32F7xx_HAL_Driver/Src/stm32f7xx_hal_tim.o
                0x0000000008004d74                TIM_Base_SetConfig
 .text.HAL_TIMEx_MasterConfigSynchronization
                0x0000000008004eb4      0x11c ./Drivers/STM32F7xx_HAL_Driver/Src/stm32f7xx_hal_tim_ex.o
                0x0000000008004eb4                HAL_TIMEx_MasterConfigSynchronization
 .text.HAL_TIMEx_CommutCallback
                0x0000000008004fd0       0x14 ./Drivers/STM32F7xx_HAL_Driver/Src/stm32f7xx_hal_tim_ex.o
                0x0000000008004fd0                HAL_TIMEx_CommutCallback
 .text.HAL_TIMEx_BreakCallback
                0x0000000008004fe4       0x14 ./Drivers/STM32F7xx_HAL_Driver/Src/stm32f7xx_hal_tim_ex.o
                0x0000000008004fe4                HAL_TIMEx_BreakCallback
 .text.HAL_TIMEx_Break2Callback
                0x0000000008004ff8       0x14 ./Drivers/STM32F7xx_HAL_Driver/Src/stm32f7xx_hal_tim_ex.o
                0x0000000008004ff8                HAL_TIMEx_Break2Callback
 .text.HAL_UART_Init
                0x000000000800500c       0x9c ./Drivers/STM32F7xx_HAL_Driver/Src/stm32f7xx_hal_uart.o
                0x000000000800500c                HAL_UART_Init
 .text.HAL_UART_Transmit_IT
                0x00000000080050a8       0xbc ./Drivers/STM32F7xx_HAL_Driver/Src/stm32f7xx_hal_uart.o
                0x00000000080050a8                HAL_UART_Transmit_IT
 .text.HAL_UART_Receive_IT
                0x0000000008005164       0x88 ./Drivers/STM32F7xx_HAL_Driver/Src/stm32f7xx_hal_uart.o
                0x0000000008005164                HAL_UART_Receive_IT
 .text.HAL_UART_IRQHandler
                0x00000000080051ec      0x5d0 ./Drivers/STM32F7xx_HAL_Driver/Src/stm32f7xx_hal_uart.o
                0x00000000080051ec                HAL_UART_IRQHandler
 .text.HAL_UART_TxCpltCallback
                0x00000000080057bc       0x14 ./Drivers/STM32F7xx_HAL_Driver/Src/stm32f7xx_hal_uart.o
                0x00000000080057bc                HAL_UART_TxCpltCallback
 .text.HAL_UART_ErrorCallback
                0x00000000080057d0       0x14 ./Drivers/STM32F7xx_HAL_Driver/Src/stm32f7xx_hal_uart.o
                0x00000000080057d0                HAL_UART_ErrorCallback
 .text.HAL_UARTEx_RxEventCallback
                0x00000000080057e4       0x18 ./Drivers/STM32F7xx_HAL_Driver/Src/stm32f7xx_hal_uart.o
                0x00000000080057e4                HAL_UARTEx_RxEventCallback
 .text.HAL_UARTEx_WakeupCallback
                0x00000000080057fc       0x14 ./Drivers/STM32F7xx_HAL_Driver/Src/stm32f7xx_hal_uart.o
                0x00000000080057fc                HAL_UARTEx_WakeupCallback
 .text.UART_SetConfig
                0x0000000008005810      0x4c8 ./Drivers/STM32F7xx_HAL_Driver/Src/stm32f7xx_hal_uart.o
                0x0000000008005810                UART_SetConfig
 .text.UART_AdvFeatureConfig
                0x0000000008005cd8      0x144 ./Drivers/STM32F7xx_HAL_Driver/Src/stm32f7xx_hal_uart.o
                0x0000000008005cd8                UART_AdvFeatureConfig
 .text.UART_CheckIdleState
                0x0000000008005e1c       0x9a ./Drivers/STM32F7xx_HAL_Driver/Src/stm32f7xx_hal_uart.o
                0x0000000008005e1c                UART_CheckIdleState
 .text.UART_WaitOnFlagUntilTimeout
                0x0000000008005eb6      0x18c ./Drivers/STM32F7xx_HAL_Driver/Src/stm32f7xx_hal_uart.o
                0x0000000008005eb6                UART_WaitOnFlagUntilTimeout
 *fill*         0x0000000008006042        0x2 
 .text.UART_Start_Receive_IT
                0x0000000008006044      0x18c ./Drivers/STM32F7xx_HAL_Driver/Src/stm32f7xx_hal_uart.o
                0x0000000008006044                UART_Start_Receive_IT
 .text.UART_EndRxTransfer
                0x00000000080061d0       0xc8 ./Drivers/STM32F7xx_HAL_Driver/Src/stm32f7xx_hal_uart.o
 .text.UART_DMAAbortOnError
                0x0000000008006298       0x2c ./Drivers/STM32F7xx_HAL_Driver/Src/stm32f7xx_hal_uart.o
 .text.UART_TxISR_8BIT
                0x00000000080062c4       0xb6 ./Drivers/STM32F7xx_HAL_Driver/Src/stm32f7xx_hal_uart.o
 .text.UART_TxISR_16BIT
                0x000000000800637a       0xc0 ./Drivers/STM32F7xx_HAL_Driver/Src/stm32f7xx_hal_uart.o
 .text.UART_EndTransmit_IT
                0x000000000800643a       0x54 ./Drivers/STM32F7xx_HAL_Driver/Src/stm32f7xx_hal_uart.o
 .text.UART_RxISR_8BIT
                0x000000000800648e      0x166 ./Drivers/STM32F7xx_HAL_Driver/Src/stm32f7xx_hal_uart.o
 .text.UART_RxISR_16BIT
                0x00000000080065f4      0x166 ./Drivers/STM32F7xx_HAL_Driver/Src/stm32f7xx_hal_uart.o
 *fill*         0x000000000800675a        0x2 
 .text.__errno  0x000000000800675c        0xc c:/st/stm32cubeide_1.10.1/stm32cubeide/plugins/com.st.stm32cube.ide.mcu.externaltools.gnu-tools-for-stm32.10.3-2021.10.win32_1.0.0.202111181127/tools/bin/../lib/gcc/arm-none-eabi/10.3.1/../../../../arm-none-eabi/lib/thumb/v7e-m+dp/hard\libc_nano.a(lib_a-errno.o)
                0x000000000800675c                __errno
 .text.__libc_init_array
                0x0000000008006768       0x48 c:/st/stm32cubeide_1.10.1/stm32cubeide/plugins/com.st.stm32cube.ide.mcu.externaltools.gnu-tools-for-stm32.10.3-2021.10.win32_1.0.0.202111181127/tools/bin/../lib/gcc/arm-none-eabi/10.3.1/../../../../arm-none-eabi/lib/thumb/v7e-m+dp/hard\libc_nano.a(lib_a-init.o)
                0x0000000008006768                __libc_init_array
 .text.memset   0x00000000080067b0       0x10 c:/st/stm32cubeide_1.10.1/stm32cubeide/plugins/com.st.stm32cube.ide.mcu.externaltools.gnu-tools-for-stm32.10.3-2021.10.win32_1.0.0.202111181127/tools/bin/../lib/gcc/arm-none-eabi/10.3.1/../../../../arm-none-eabi/lib/thumb/v7e-m+dp/hard\libc_nano.a(lib_a-memset.o)
                0x00000000080067b0                memset
 .text.sprintf  0x00000000080067c0       0x40 c:/st/stm32cubeide_1.10.1/stm32cubeide/plugins/com.st.stm32cube.ide.mcu.externaltools.gnu-tools-for-stm32.10.3-2021.10.win32_1.0.0.202111181127/tools/bin/../lib/gcc/arm-none-eabi/10.3.1/../../../../arm-none-eabi/lib/thumb/v7e-m+dp/hard\libc_nano.a(lib_a-sprintf.o)
                0x00000000080067c0                siprintf
                0x00000000080067c0                sprintf
 .text.__ssputs_r
                0x0000000008006800       0xb6 c:/st/stm32cubeide_1.10.1/stm32cubeide/plugins/com.st.stm32cube.ide.mcu.externaltools.gnu-tools-for-stm32.10.3-2021.10.win32_1.0.0.202111181127/tools/bin/../lib/gcc/arm-none-eabi/10.3.1/../../../../arm-none-eabi/lib/thumb/v7e-m+dp/hard\libc_nano.a(lib_a-nano-svfprintf.o)
                0x0000000008006800                __ssputs_r
 *fill*         0x00000000080068b6        0x2 
 .text._svfprintf_r
                0x00000000080068b8      0x200 c:/st/stm32cubeide_1.10.1/stm32cubeide/plugins/com.st.stm32cube.ide.mcu.externaltools.gnu-tools-for-stm32.10.3-2021.10.win32_1.0.0.202111181127/tools/bin/../lib/gcc/arm-none-eabi/10.3.1/../../../../arm-none-eabi/lib/thumb/v7e-m+dp/hard\libc_nano.a(lib_a-nano-svfprintf.o)
                0x00000000080068b8                _svfiprintf_r
                0x00000000080068b8                _svfprintf_r
 .text._printf_common
                0x0000000008006ab8       0xda c:/st/stm32cubeide_1.10.1/stm32cubeide/plugins/com.st.stm32cube.ide.mcu.externaltools.gnu-tools-for-stm32.10.3-2021.10.win32_1.0.0.202111181127/tools/bin/../lib/gcc/arm-none-eabi/10.3.1/../../../../arm-none-eabi/lib/thumb/v7e-m+dp/hard\libc_nano.a(lib_a-nano-vfprintf_i.o)
                0x0000000008006ab8                _printf_common
 *fill*         0x0000000008006b92        0x2 
 .text._printf_i
                0x0000000008006b94      0x24c c:/st/stm32cubeide_1.10.1/stm32cubeide/plugins/com.st.stm32cube.ide.mcu.externaltools.gnu-tools-for-stm32.10.3-2021.10.win32_1.0.0.202111181127/tools/bin/../lib/gcc/arm-none-eabi/10.3.1/../../../../arm-none-eabi/lib/thumb/v7e-m+dp/hard\libc_nano.a(lib_a-nano-vfprintf_i.o)
                0x0000000008006b94                _printf_i
 .text.memcpy   0x0000000008006de0       0x1c c:/st/stm32cubeide_1.10.1/stm32cubeide/plugins/com.st.stm32cube.ide.mcu.externaltools.gnu-tools-for-stm32.10.3-2021.10.win32_1.0.0.202111181127/tools/bin/../lib/gcc/arm-none-eabi/10.3.1/../../../../arm-none-eabi/lib/thumb/v7e-m+dp/hard\libc_nano.a(lib_a-memcpy-stub.o)
                0x0000000008006de0                memcpy
 .text.memmove  0x0000000008006dfc       0x34 c:/st/stm32cubeide_1.10.1/stm32cubeide/plugins/com.st.stm32cube.ide.mcu.externaltools.gnu-tools-for-stm32.10.3-2021.10.win32_1.0.0.202111181127/tools/bin/../lib/gcc/arm-none-eabi/10.3.1/../../../../arm-none-eabi/lib/thumb/v7e-m+dp/hard\libc_nano.a(lib_a-memmove.o)
                0x0000000008006dfc                memmove
 .text._free_r  0x0000000008006e30       0x98 c:/st/stm32cubeide_1.10.1/stm32cubeide/plugins/com.st.stm32cube.ide.mcu.externaltools.gnu-tools-for-stm32.10.3-2021.10.win32_1.0.0.202111181127/tools/bin/../lib/gcc/arm-none-eabi/10.3.1/../../../../arm-none-eabi/lib/thumb/v7e-m+dp/hard\libc_nano.a(lib_a-nano-freer.o)
                0x0000000008006e30                _free_r
 .text.sbrk_aligned
                0x0000000008006ec8       0x40 c:/st/stm32cubeide_1.10.1/stm32cubeide/plugins/com.st.stm32cube.ide.mcu.externaltools.gnu-tools-for-stm32.10.3-2021.10.win32_1.0.0.202111181127/tools/bin/../lib/gcc/arm-none-eabi/10.3.1/../../../../arm-none-eabi/lib/thumb/v7e-m+dp/hard\libc_nano.a(lib_a-nano-mallocr.o)
 .text._malloc_r
                0x0000000008006f08       0xe8 c:/st/stm32cubeide_1.10.1/stm32cubeide/plugins/com.st.stm32cube.ide.mcu.externaltools.gnu-tools-for-stm32.10.3-2021.10.win32_1.0.0.202111181127/tools/bin/../lib/gcc/arm-none-eabi/10.3.1/../../../../arm-none-eabi/lib/thumb/v7e-m+dp/hard\libc_nano.a(lib_a-nano-mallocr.o)
                0x0000000008006f08                _malloc_r
 .text._realloc_r
                0x0000000008006ff0       0x5e c:/st/stm32cubeide_1.10.1/stm32cubeide/plugins/com.st.stm32cube.ide.mcu.externaltools.gnu-tools-for-stm32.10.3-2021.10.win32_1.0.0.202111181127/tools/bin/../lib/gcc/arm-none-eabi/10.3.1/../../../../arm-none-eabi/lib/thumb/v7e-m+dp/hard\libc_nano.a(lib_a-nano-reallocr.o)
                0x0000000008006ff0                _realloc_r
 *fill*         0x000000000800704e        0x2 
 .text._sbrk_r  0x0000000008007050       0x20 c:/st/stm32cubeide_1.10.1/stm32cubeide/plugins/com.st.stm32cube.ide.mcu.externaltools.gnu-tools-for-stm32.10.3-2021.10.win32_1.0.0.202111181127/tools/bin/../lib/gcc/arm-none-eabi/10.3.1/../../../../arm-none-eabi/lib/thumb/v7e-m+dp/hard\libc_nano.a(lib_a-sbrkr.o)
                0x0000000008007050                _sbrk_r
 .text.__malloc_lock
                0x0000000008007070        0xc c:/st/stm32cubeide_1.10.1/stm32cubeide/plugins/com.st.stm32cube.ide.mcu.externaltools.gnu-tools-for-stm32.10.3-2021.10.win32_1.0.0.202111181127/tools/bin/../lib/gcc/arm-none-eabi/10.3.1/../../../../arm-none-eabi/lib/thumb/v7e-m+dp/hard\libc_nano.a(lib_a-mlock.o)
                0x0000000008007070                __malloc_lock
 .text.__malloc_unlock
                0x000000000800707c        0xc c:/st/stm32cubeide_1.10.1/stm32cubeide/plugins/com.st.stm32cube.ide.mcu.externaltools.gnu-tools-for-stm32.10.3-2021.10.win32_1.0.0.202111181127/tools/bin/../lib/gcc/arm-none-eabi/10.3.1/../../../../arm-none-eabi/lib/thumb/v7e-m+dp/hard\libc_nano.a(lib_a-mlock.o)
                0x000000000800707c                __malloc_unlock
 .text._malloc_usable_size_r
                0x0000000008007088       0x10 c:/st/stm32cubeide_1.10.1/stm32cubeide/plugins/com.st.stm32cube.ide.mcu.externaltools.gnu-tools-for-stm32.10.3-2021.10.win32_1.0.0.202111181127/tools/bin/../lib/gcc/arm-none-eabi/10.3.1/../../../../arm-none-eabi/lib/thumb/v7e-m+dp/hard\libc_nano.a(lib_a-nano-msizer.o)
                0x0000000008007088                _malloc_usable_size_r
 .text.__retarget_lock_acquire_recursive
                0x0000000008007098        0x2 c:/st/stm32cubeide_1.10.1/stm32cubeide/plugins/com.st.stm32cube.ide.mcu.externaltools.gnu-tools-for-stm32.10.3-2021.10.win32_1.0.0.202111181127/tools/bin/../lib/gcc/arm-none-eabi/10.3.1/../../../../arm-none-eabi/lib/thumb/v7e-m+dp/hard\libc_nano.a(lib_a-lock.o)
                0x0000000008007098                __retarget_lock_acquire_recursive
 .text.__retarget_lock_release_recursive
                0x000000000800709a        0x2 c:/st/stm32cubeide_1.10.1/stm32cubeide/plugins/com.st.stm32cube.ide.mcu.externaltools.gnu-tools-for-stm32.10.3-2021.10.win32_1.0.0.202111181127/tools/bin/../lib/gcc/arm-none-eabi/10.3.1/../../../../arm-none-eabi/lib/thumb/v7e-m+dp/hard\libc_nano.a(lib_a-lock.o)
                0x000000000800709a                __retarget_lock_release_recursive
 *(.glue_7)
 .glue_7        0x000000000800709c        0x0 linker stubs
 *(.glue_7t)
 .glue_7t       0x000000000800709c        0x0 linker stubs
 *(.eh_frame)
 .eh_frame      0x000000000800709c        0x0 c:/st/stm32cubeide_1.10.1/stm32cubeide/plugins/com.st.stm32cube.ide.mcu.externaltools.gnu-tools-for-stm32.10.3-2021.10.win32_1.0.0.202111181127/tools/bin/../lib/gcc/arm-none-eabi/10.3.1/thumb/v7e-m+dp/hard/crtbegin.o
 *(.init)
 .init          0x000000000800709c        0x4 c:/st/stm32cubeide_1.10.1/stm32cubeide/plugins/com.st.stm32cube.ide.mcu.externaltools.gnu-tools-for-stm32.10.3-2021.10.win32_1.0.0.202111181127/tools/bin/../lib/gcc/arm-none-eabi/10.3.1/thumb/v7e-m+dp/hard/crti.o
                0x000000000800709c                _init
 .init          0x00000000080070a0        0x8 c:/st/stm32cubeide_1.10.1/stm32cubeide/plugins/com.st.stm32cube.ide.mcu.externaltools.gnu-tools-for-stm32.10.3-2021.10.win32_1.0.0.202111181127/tools/bin/../lib/gcc/arm-none-eabi/10.3.1/thumb/v7e-m+dp/hard/crtn.o
 *(.fini)
 .fini          0x00000000080070a8        0x4 c:/st/stm32cubeide_1.10.1/stm32cubeide/plugins/com.st.stm32cube.ide.mcu.externaltools.gnu-tools-for-stm32.10.3-2021.10.win32_1.0.0.202111181127/tools/bin/../lib/gcc/arm-none-eabi/10.3.1/thumb/v7e-m+dp/hard/crti.o
                0x00000000080070a8                _fini
 .fini          0x00000000080070ac        0x8 c:/st/stm32cubeide_1.10.1/stm32cubeide/plugins/com.st.stm32cube.ide.mcu.externaltools.gnu-tools-for-stm32.10.3-2021.10.win32_1.0.0.202111181127/tools/bin/../lib/gcc/arm-none-eabi/10.3.1/thumb/v7e-m+dp/hard/crtn.o
                0x00000000080070b4                . = ALIGN (0x4)
                0x00000000080070b4                _etext = .

.vfp11_veneer   0x00000000080070b4        0x0
 .vfp11_veneer  0x00000000080070b4        0x0 linker stubs

.v4_bx          0x00000000080070b4        0x0
 .v4_bx         0x00000000080070b4        0x0 linker stubs

.iplt           0x00000000080070b4        0x0
 .iplt          0x00000000080070b4        0x0 c:/st/stm32cubeide_1.10.1/stm32cubeide/plugins/com.st.stm32cube.ide.mcu.externaltools.gnu-tools-for-stm32.10.3-2021.10.win32_1.0.0.202111181127/tools/bin/../lib/gcc/arm-none-eabi/10.3.1/thumb/v7e-m+dp/hard/crtbegin.o

.rodata         0x00000000080070b4      0x198
                0x00000000080070b4                . = ALIGN (0x4)
 *(.rodata)
 .rodata        0x00000000080070b4      0x14b ./Core/Lib/app_uart.o
 *(.rodata*)
 *fill*         0x00000000080071ff        0x1 
 .rodata.AHBPrescTable
                0x0000000008007200       0x10 ./Core/Src/system_stm32f7xx.o
                0x0000000008007200                AHBPrescTable
 .rodata.APBPrescTable
                0x0000000008007210        0x8 ./Core/Src/system_stm32f7xx.o
                0x0000000008007210                APBPrescTable
 .rodata._svfprintf_r.str1.1
                0x0000000008007218       0x11 c:/st/stm32cubeide_1.10.1/stm32cubeide/plugins/com.st.stm32cube.ide.mcu.externaltools.gnu-tools-for-stm32.10.3-2021.10.win32_1.0.0.202111181127/tools/bin/../lib/gcc/arm-none-eabi/10.3.1/../../../../arm-none-eabi/lib/thumb/v7e-m+dp/hard\libc_nano.a(lib_a-nano-svfprintf.o)
 .rodata._printf_i.str1.1
                0x0000000008007229       0x22 c:/st/stm32cubeide_1.10.1/stm32cubeide/plugins/com.st.stm32cube.ide.mcu.externaltools.gnu-tools-for-stm32.10.3-2021.10.win32_1.0.0.202111181127/tools/bin/../lib/gcc/arm-none-eabi/10.3.1/../../../../arm-none-eabi/lib/thumb/v7e-m+dp/hard\libc_nano.a(lib_a-nano-vfprintf_i.o)
                0x000000000800724c                . = ALIGN (0x4)
 *fill*         0x000000000800724b        0x1 

.ARM.extab      0x000000000800724c        0x0
                0x000000000800724c                . = ALIGN (0x4)
 *(.ARM.extab* .gnu.linkonce.armextab.*)
                0x000000000800724c                . = ALIGN (0x4)

.ARM            0x000000000800724c        0x8
                0x000000000800724c                . = ALIGN (0x4)
                0x000000000800724c                __exidx_start = .
 *(.ARM.exidx*)
 .ARM.exidx     0x000000000800724c        0x8 c:/st/stm32cubeide_1.10.1/stm32cubeide/plugins/com.st.stm32cube.ide.mcu.externaltools.gnu-tools-for-stm32.10.3-2021.10.win32_1.0.0.202111181127/tools/bin/../lib/gcc/arm-none-eabi/10.3.1/thumb/v7e-m+dp/hard\libgcc.a(_udivmoddi4.o)
                0x0000000008007254                __exidx_end = .
                0x0000000008007254                . = ALIGN (0x4)

.rel.dyn        0x0000000008007254        0x0
 .rel.iplt      0x0000000008007254        0x0 c:/st/stm32cubeide_1.10.1/stm32cubeide/plugins/com.st.stm32cube.ide.mcu.externaltools.gnu-tools-for-stm32.10.3-2021.10.win32_1.0.0.202111181127/tools/bin/../lib/gcc/arm-none-eabi/10.3.1/thumb/v7e-m+dp/hard/crtbegin.o

.preinit_array  0x0000000008007254        0x0
                0x0000000008007254                . = ALIGN (0x4)
                0x0000000008007254                PROVIDE (__preinit_array_start = .)
 *(.preinit_array*)
                0x0000000008007254                PROVIDE (__preinit_array_end = .)
                0x0000000008007254                . = ALIGN (0x4)

.init_array     0x0000000008007254        0x4
                0x0000000008007254                . = ALIGN (0x4)
                0x0000000008007254                PROVIDE (__init_array_start = .)
 *(SORT_BY_NAME(.init_array.*))
 *(.init_array*)
 .init_array    0x0000000008007254        0x4 c:/st/stm32cubeide_1.10.1/stm32cubeide/plugins/com.st.stm32cube.ide.mcu.externaltools.gnu-tools-for-stm32.10.3-2021.10.win32_1.0.0.202111181127/tools/bin/../lib/gcc/arm-none-eabi/10.3.1/thumb/v7e-m+dp/hard/crtbegin.o
                0x0000000008007258                PROVIDE (__init_array_end = .)
                0x0000000008007258                . = ALIGN (0x4)

.fini_array     0x0000000008007258        0x4
                0x0000000008007258                . = ALIGN (0x4)
                [!provide]                        PROVIDE (__fini_array_start = .)
 *(SORT_BY_NAME(.fini_array.*))
 *(.fini_array*)
 .fini_array    0x0000000008007258        0x4 c:/st/stm32cubeide_1.10.1/stm32cubeide/plugins/com.st.stm32cube.ide.mcu.externaltools.gnu-tools-for-stm32.10.3-2021.10.win32_1.0.0.202111181127/tools/bin/../lib/gcc/arm-none-eabi/10.3.1/thumb/v7e-m+dp/hard/crtbegin.o
                [!provide]                        PROVIDE (__fini_array_end = .)
                0x000000000800725c                . = ALIGN (0x4)
                0x000000000800725c                _sidata = LOADADDR (.data)

.data           0x0000000020000000       0xec load address 0x000000000800725c
                0x0000000020000000                . = ALIGN (0x4)
                0x0000000020000000                _sdata = .
 *(.data)
 *(.data*)
 .data.AppCan_UserConfig
                0x0000000020000000       0x64 ./Core/Lib/app_can.o
                0x0000000020000000                AppCan_UserConfig
 .data.AppUart_MsgTable
                0x0000000020000064       0x14 ./Core/Lib/app_uart.o
 .data.mul.0    0x0000000020000078        0x3 ./Core/Lib/app_uart.o
 *fill*         0x000000002000007b        0x1 
 .data.SystemCoreClock
                0x000000002000007c        0x4 ./Core/Src/system_stm32f7xx.o
                0x000000002000007c                SystemCoreClock
 .data.uwTickPrio
                0x0000000020000080        0x4 ./Drivers/STM32F7xx_HAL_Driver/Src/stm32f7xx_hal.o
                0x0000000020000080                uwTickPrio
 .data.uwTickFreq
                0x0000000020000084        0x1 ./Drivers/STM32F7xx_HAL_Driver/Src/stm32f7xx_hal.o
                0x0000000020000084                uwTickFreq
 *fill*         0x0000000020000085        0x3 
 .data._impure_ptr
                0x0000000020000088        0x4 c:/st/stm32cubeide_1.10.1/stm32cubeide/plugins/com.st.stm32cube.ide.mcu.externaltools.gnu-tools-for-stm32.10.3-2021.10.win32_1.0.0.202111181127/tools/bin/../lib/gcc/arm-none-eabi/10.3.1/../../../../arm-none-eabi/lib/thumb/v7e-m+dp/hard\libc_nano.a(lib_a-impure.o)
                0x0000000020000088                _impure_ptr
 .data.impure_data
                0x000000002000008c       0x60 c:/st/stm32cubeide_1.10.1/stm32cubeide/plugins/com.st.stm32cube.ide.mcu.externaltools.gnu-tools-for-stm32.10.3-2021.10.win32_1.0.0.202111181127/tools/bin/../lib/gcc/arm-none-eabi/10.3.1/../../../../arm-none-eabi/lib/thumb/v7e-m+dp/hard\libc_nano.a(lib_a-impure.o)
 *(.RamFunc)
 *(.RamFunc*)
                0x00000000200000ec                . = ALIGN (0x4)
                0x00000000200000ec                _edata = .

.igot.plt       0x00000000200000ec        0x0 load address 0x0000000008007348
 .igot.plt      0x00000000200000ec        0x0 c:/st/stm32cubeide_1.10.1/stm32cubeide/plugins/com.st.stm32cube.ide.mcu.externaltools.gnu-tools-for-stm32.10.3-2021.10.win32_1.0.0.202111181127/tools/bin/../lib/gcc/arm-none-eabi/10.3.1/thumb/v7e-m+dp/hard/crtbegin.o
                0x00000000200000ec                . = ALIGN (0x4)

.bss            0x00000000200000ec      0x2a0 load address 0x0000000008007348
                0x00000000200000ec                _sbss = .
                0x00000000200000ec                __bss_start__ = _sbss
 *(.bss)
 .bss           0x00000000200000ec       0x1c c:/st/stm32cubeide_1.10.1/stm32cubeide/plugins/com.st.stm32cube.ide.mcu.externaltools.gnu-tools-for-stm32.10.3-2021.10.win32_1.0.0.202111181127/tools/bin/../lib/gcc/arm-none-eabi/10.3.1/thumb/v7e-m+dp/hard/crtbegin.o
 *(.bss*)
 .bss.LSM6DSO_Result
                0x0000000020000108        0xe ./Core/Lib/LSM6DSO/lsm6dso.o
 *fill*         0x0000000020000116        0x2 
 .bss.AppImu_Data
                0x0000000020000118        0x6 ./Core/Lib/app_imu.o
 *fill*         0x000000002000011e        0x2 
 .bss.AppLight_Data
                0x0000000020000120        0x2 ./Core/Lib/app_light.o
 *fill*         0x0000000020000122        0x2 
 .bss.counter.0
                0x0000000020000124        0x4 ./Core/Lib/app_system.o
 .bss.AppUart_StateMachine
                0x0000000020000128        0x1 ./Core/Lib/app_uart.o
 *fill*         0x0000000020000129        0x3 
 .bss.AppUart_Msg
                0x000000002000012c       0x96 ./Core/Lib/app_uart.o
 *fill*         0x00000000200001c2        0x2 
 .bss.AppUart_UartRxData
                0x00000000200001c4        0x3 ./Core/Lib/app_uart.o
 *fill*         0x00000000200001c7        0x1 
 .bss.AppUartRGB
                0x00000000200001c8        0x3 ./Core/Lib/app_uart.o
 *fill*         0x00000000200001cb        0x1 
 .bss.hadc1     0x00000000200001cc       0x48 ./Core/Src/adc.o
                0x00000000200001cc                hadc1
 .bss.hcan1     0x0000000020000214       0x28 ./Core/Src/can.o
                0x0000000020000214                hcan1
 .bss.hspi1     0x000000002000023c       0x64 ./Core/Src/spi.o
                0x000000002000023c                hspi1
 .bss.__sbrk_heap_end
                0x00000000200002a0        0x4 ./Core/Src/sysmem.o
 .bss.htim6     0x00000000200002a4       0x4c ./Core/Src/tim.o
                0x00000000200002a4                htim6
 .bss.huart3    0x00000000200002f0       0x88 ./Core/Src/usart.o
                0x00000000200002f0                huart3
 .bss.uwTick    0x0000000020000378        0x4 ./Drivers/STM32F7xx_HAL_Driver/Src/stm32f7xx_hal.o
                0x0000000020000378                uwTick
 .bss.__malloc_free_list
                0x000000002000037c        0x4 c:/st/stm32cubeide_1.10.1/stm32cubeide/plugins/com.st.stm32cube.ide.mcu.externaltools.gnu-tools-for-stm32.10.3-2021.10.win32_1.0.0.202111181127/tools/bin/../lib/gcc/arm-none-eabi/10.3.1/../../../../arm-none-eabi/lib/thumb/v7e-m+dp/hard\libc_nano.a(lib_a-nano-mallocr.o)
                0x000000002000037c                __malloc_free_list
 .bss.__malloc_sbrk_start
                0x0000000020000380        0x4 c:/st/stm32cubeide_1.10.1/stm32cubeide/plugins/com.st.stm32cube.ide.mcu.externaltools.gnu-tools-for-stm32.10.3-2021.10.win32_1.0.0.202111181127/tools/bin/../lib/gcc/arm-none-eabi/10.3.1/../../../../arm-none-eabi/lib/thumb/v7e-m+dp/hard\libc_nano.a(lib_a-nano-mallocr.o)
                0x0000000020000380                __malloc_sbrk_start
 .bss.errno     0x0000000020000384        0x4 c:/st/stm32cubeide_1.10.1/stm32cubeide/plugins/com.st.stm32cube.ide.mcu.externaltools.gnu-tools-for-stm32.10.3-2021.10.win32_1.0.0.202111181127/tools/bin/../lib/gcc/arm-none-eabi/10.3.1/../../../../arm-none-eabi/lib/thumb/v7e-m+dp/hard\libc_nano.a(lib_a-reent.o)
                0x0000000020000384                errno
 .bss.__lock___malloc_recursive_mutex
                0x0000000020000388        0x1 c:/st/stm32cubeide_1.10.1/stm32cubeide/plugins/com.st.stm32cube.ide.mcu.externaltools.gnu-tools-for-stm32.10.3-2021.10.win32_1.0.0.202111181127/tools/bin/../lib/gcc/arm-none-eabi/10.3.1/../../../../arm-none-eabi/lib/thumb/v7e-m+dp/hard\libc_nano.a(lib_a-lock.o)
                0x0000000020000388                __lock___malloc_recursive_mutex
 *(COMMON)
                0x000000002000038c                . = ALIGN (0x4)
 *fill*         0x0000000020000389        0x3 
                0x000000002000038c                _ebss = .
                0x000000002000038c                __bss_end__ = _ebss

._user_heap_stack
                0x000000002000038c      0x604 load address 0x0000000008007348
                0x0000000020000390                . = ALIGN (0x8)
 *fill*         0x000000002000038c        0x4 
                [!provide]                        PROVIDE (end = .)
                0x0000000020000390                PROVIDE (_end = .)
                0x0000000020000590                . = (. + _Min_Heap_Size)
 *fill*         0x0000000020000390      0x200 
                0x0000000020000990                . = (. + _Min_Stack_Size)
 *fill*         0x0000000020000590      0x400 
                0x0000000020000990                . = ALIGN (0x8)

/DISCARD/
 libc.a(*)
 libm.a(*)
 libgcc.a(*)

.ARM.attributes
                0x0000000000000000       0x2e
 *(.ARM.attributes)
 .ARM.attributes
                0x0000000000000000       0x1e c:/st/stm32cubeide_1.10.1/stm32cubeide/plugins/com.st.stm32cube.ide.mcu.externaltools.gnu-tools-for-stm32.10.3-2021.10.win32_1.0.0.202111181127/tools/bin/../lib/gcc/arm-none-eabi/10.3.1/thumb/v7e-m+dp/hard/crti.o
 .ARM.attributes
                0x000000000000001e       0x32 c:/st/stm32cubeide_1.10.1/stm32cubeide/plugins/com.st.stm32cube.ide.mcu.externaltools.gnu-tools-for-stm32.10.3-2021.10.win32_1.0.0.202111181127/tools/bin/../lib/gcc/arm-none-eabi/10.3.1/thumb/v7e-m+dp/hard/crtbegin.o
 .ARM.attributes
                0x0000000000000050       0x32 ./Core/Lib/LSM6DSO/lsm6dso.o
 .ARM.attributes
                0x0000000000000082       0x32 ./Core/Lib/LSM6DSO/lsm6dso_com.o
 .ARM.attributes
                0x00000000000000b4       0x32 ./Core/Lib/app_can.o
 .ARM.attributes
                0x00000000000000e6       0x32 ./Core/Lib/app_imu.o
 .ARM.attributes
                0x0000000000000118       0x32 ./Core/Lib/app_light.o
 .ARM.attributes
                0x000000000000014a       0x32 ./Core/Lib/app_system.o
 .ARM.attributes
                0x000000000000017c       0x32 ./Core/Lib/app_uart.o
 .ARM.attributes
                0x00000000000001ae       0x32 ./Core/Src/adc.o
 .ARM.attributes
                0x00000000000001e0       0x32 ./Core/Src/can.o
 .ARM.attributes
                0x0000000000000212       0x32 ./Core/Src/gpio.o
 .ARM.attributes
                0x0000000000000244       0x32 ./Core/Src/main.o
 .ARM.attributes
                0x0000000000000276       0x32 ./Core/Src/spi.o
 .ARM.attributes
                0x00000000000002a8       0x32 ./Core/Src/stm32f7xx_hal_msp.o
 .ARM.attributes
                0x00000000000002da       0x32 ./Core/Src/stm32f7xx_it.o
 .ARM.attributes
                0x000000000000030c       0x32 ./Core/Src/sysmem.o
 .ARM.attributes
                0x000000000000033e       0x32 ./Core/Src/system_stm32f7xx.o
 .ARM.attributes
                0x0000000000000370       0x32 ./Core/Src/tim.o
 .ARM.attributes
                0x00000000000003a2       0x32 ./Core/Src/usart.o
 .ARM.attributes
                0x00000000000003d4       0x21 ./Core/Startup/startup_stm32f767zitx.o
 .ARM.attributes
                0x00000000000003f5       0x32 ./Drivers/STM32F7xx_HAL_Driver/Src/stm32f7xx_hal.o
 .ARM.attributes
                0x0000000000000427       0x32 ./Drivers/STM32F7xx_HAL_Driver/Src/stm32f7xx_hal_adc.o
 .ARM.attributes
                0x0000000000000459       0x32 ./Drivers/STM32F7xx_HAL_Driver/Src/stm32f7xx_hal_can.o
 .ARM.attributes
                0x000000000000048b       0x32 ./Drivers/STM32F7xx_HAL_Driver/Src/stm32f7xx_hal_cortex.o
 .ARM.attributes
                0x00000000000004bd       0x32 ./Drivers/STM32F7xx_HAL_Driver/Src/stm32f7xx_hal_dma.o
 .ARM.attributes
                0x00000000000004ef       0x32 ./Drivers/STM32F7xx_HAL_Driver/Src/stm32f7xx_hal_gpio.o
 .ARM.attributes
                0x0000000000000521       0x32 ./Drivers/STM32F7xx_HAL_Driver/Src/stm32f7xx_hal_pwr.o
 .ARM.attributes
                0x0000000000000553       0x32 ./Drivers/STM32F7xx_HAL_Driver/Src/stm32f7xx_hal_pwr_ex.o
 .ARM.attributes
                0x0000000000000585       0x32 ./Drivers/STM32F7xx_HAL_Driver/Src/stm32f7xx_hal_rcc.o
 .ARM.attributes
                0x00000000000005b7       0x32 ./Drivers/STM32F7xx_HAL_Driver/Src/stm32f7xx_hal_rcc_ex.o
 .ARM.attributes
                0x00000000000005e9       0x32 ./Drivers/STM32F7xx_HAL_Driver/Src/stm32f7xx_hal_spi.o
 .ARM.attributes
                0x000000000000061b       0x32 ./Drivers/STM32F7xx_HAL_Driver/Src/stm32f7xx_hal_tim.o
 .ARM.attributes
                0x000000000000064d       0x32 ./Drivers/STM32F7xx_HAL_Driver/Src/stm32f7xx_hal_tim_ex.o
 .ARM.attributes
                0x000000000000067f       0x32 ./Drivers/STM32F7xx_HAL_Driver/Src/stm32f7xx_hal_uart.o
 .ARM.attributes
                0x00000000000006b1       0x32 c:/st/stm32cubeide_1.10.1/stm32cubeide/plugins/com.st.stm32cube.ide.mcu.externaltools.gnu-tools-for-stm32.10.3-2021.10.win32_1.0.0.202111181127/tools/bin/../lib/gcc/arm-none-eabi/10.3.1/../../../../arm-none-eabi/lib/thumb/v7e-m+dp/hard\libc_nano.a(lib_a-errno.o)
 .ARM.attributes
                0x00000000000006e3       0x32 c:/st/stm32cubeide_1.10.1/stm32cubeide/plugins/com.st.stm32cube.ide.mcu.externaltools.gnu-tools-for-stm32.10.3-2021.10.win32_1.0.0.202111181127/tools/bin/../lib/gcc/arm-none-eabi/10.3.1/../../../../arm-none-eabi/lib/thumb/v7e-m+dp/hard\libc_nano.a(lib_a-impure.o)
 .ARM.attributes
                0x0000000000000715       0x32 c:/st/stm32cubeide_1.10.1/stm32cubeide/plugins/com.st.stm32cube.ide.mcu.externaltools.gnu-tools-for-stm32.10.3-2021.10.win32_1.0.0.202111181127/tools/bin/../lib/gcc/arm-none-eabi/10.3.1/../../../../arm-none-eabi/lib/thumb/v7e-m+dp/hard\libc_nano.a(lib_a-init.o)
 .ARM.attributes
                0x0000000000000747       0x32 c:/st/stm32cubeide_1.10.1/stm32cubeide/plugins/com.st.stm32cube.ide.mcu.externaltools.gnu-tools-for-stm32.10.3-2021.10.win32_1.0.0.202111181127/tools/bin/../lib/gcc/arm-none-eabi/10.3.1/../../../../arm-none-eabi/lib/thumb/v7e-m+dp/hard\libc_nano.a(lib_a-memset.o)
 .ARM.attributes
                0x0000000000000779       0x32 c:/st/stm32cubeide_1.10.1/stm32cubeide/plugins/com.st.stm32cube.ide.mcu.externaltools.gnu-tools-for-stm32.10.3-2021.10.win32_1.0.0.202111181127/tools/bin/../lib/gcc/arm-none-eabi/10.3.1/../../../../arm-none-eabi/lib/thumb/v7e-m+dp/hard\libc_nano.a(lib_a-sprintf.o)
 .ARM.attributes
                0x00000000000007ab       0x32 c:/st/stm32cubeide_1.10.1/stm32cubeide/plugins/com.st.stm32cube.ide.mcu.externaltools.gnu-tools-for-stm32.10.3-2021.10.win32_1.0.0.202111181127/tools/bin/../lib/gcc/arm-none-eabi/10.3.1/../../../../arm-none-eabi/lib/thumb/v7e-m+dp/hard\libc_nano.a(lib_a-nano-svfprintf.o)
 .ARM.attributes
                0x00000000000007dd       0x32 c:/st/stm32cubeide_1.10.1/stm32cubeide/plugins/com.st.stm32cube.ide.mcu.externaltools.gnu-tools-for-stm32.10.3-2021.10.win32_1.0.0.202111181127/tools/bin/../lib/gcc/arm-none-eabi/10.3.1/../../../../arm-none-eabi/lib/thumb/v7e-m+dp/hard\libc_nano.a(lib_a-nano-vfprintf_i.o)
 .ARM.attributes
                0x000000000000080f       0x1c c:/st/stm32cubeide_1.10.1/stm32cubeide/plugins/com.st.stm32cube.ide.mcu.externaltools.gnu-tools-for-stm32.10.3-2021.10.win32_1.0.0.202111181127/tools/bin/../lib/gcc/arm-none-eabi/10.3.1/../../../../arm-none-eabi/lib/thumb/v7e-m+dp/hard\libc_nano.a(lib_a-memchr.o)
 .ARM.attributes
                0x000000000000082b       0x32 c:/st/stm32cubeide_1.10.1/stm32cubeide/plugins/com.st.stm32cube.ide.mcu.externaltools.gnu-tools-for-stm32.10.3-2021.10.win32_1.0.0.202111181127/tools/bin/../lib/gcc/arm-none-eabi/10.3.1/../../../../arm-none-eabi/lib/thumb/v7e-m+dp/hard\libc_nano.a(lib_a-memcpy-stub.o)
 .ARM.attributes
                0x000000000000085d       0x32 c:/st/stm32cubeide_1.10.1/stm32cubeide/plugins/com.st.stm32cube.ide.mcu.externaltools.gnu-tools-for-stm32.10.3-2021.10.win32_1.0.0.202111181127/tools/bin/../lib/gcc/arm-none-eabi/10.3.1/../../../../arm-none-eabi/lib/thumb/v7e-m+dp/hard\libc_nano.a(lib_a-memmove.o)
 .ARM.attributes
                0x000000000000088f       0x32 c:/st/stm32cubeide_1.10.1/stm32cubeide/plugins/com.st.stm32cube.ide.mcu.externaltools.gnu-tools-for-stm32.10.3-2021.10.win32_1.0.0.202111181127/tools/bin/../lib/gcc/arm-none-eabi/10.3.1/../../../../arm-none-eabi/lib/thumb/v7e-m+dp/hard\libc_nano.a(lib_a-nano-freer.o)
 .ARM.attributes
                0x00000000000008c1       0x32 c:/st/stm32cubeide_1.10.1/stm32cubeide/plugins/com.st.stm32cube.ide.mcu.externaltools.gnu-tools-for-stm32.10.3-2021.10.win32_1.0.0.202111181127/tools/bin/../lib/gcc/arm-none-eabi/10.3.1/../../../../arm-none-eabi/lib/thumb/v7e-m+dp/hard\libc_nano.a(lib_a-nano-mallocr.o)
 .ARM.attributes
                0x00000000000008f3       0x32 c:/st/stm32cubeide_1.10.1/stm32cubeide/plugins/com.st.stm32cube.ide.mcu.externaltools.gnu-tools-for-stm32.10.3-2021.10.win32_1.0.0.202111181127/tools/bin/../lib/gcc/arm-none-eabi/10.3.1/../../../../arm-none-eabi/lib/thumb/v7e-m+dp/hard\libc_nano.a(lib_a-nano-reallocr.o)
 .ARM.attributes
                0x0000000000000925       0x32 c:/st/stm32cubeide_1.10.1/stm32cubeide/plugins/com.st.stm32cube.ide.mcu.externaltools.gnu-tools-for-stm32.10.3-2021.10.win32_1.0.0.202111181127/tools/bin/../lib/gcc/arm-none-eabi/10.3.1/../../../../arm-none-eabi/lib/thumb/v7e-m+dp/hard\libc_nano.a(lib_a-sbrkr.o)
 .ARM.attributes
                0x0000000000000957       0x32 c:/st/stm32cubeide_1.10.1/stm32cubeide/plugins/com.st.stm32cube.ide.mcu.externaltools.gnu-tools-for-stm32.10.3-2021.10.win32_1.0.0.202111181127/tools/bin/../lib/gcc/arm-none-eabi/10.3.1/../../../../arm-none-eabi/lib/thumb/v7e-m+dp/hard\libc_nano.a(lib_a-mlock.o)
 .ARM.attributes
                0x0000000000000989       0x32 c:/st/stm32cubeide_1.10.1/stm32cubeide/plugins/com.st.stm32cube.ide.mcu.externaltools.gnu-tools-for-stm32.10.3-2021.10.win32_1.0.0.202111181127/tools/bin/../lib/gcc/arm-none-eabi/10.3.1/../../../../arm-none-eabi/lib/thumb/v7e-m+dp/hard\libc_nano.a(lib_a-nano-msizer.o)
 .ARM.attributes
                0x00000000000009bb       0x32 c:/st/stm32cubeide_1.10.1/stm32cubeide/plugins/com.st.stm32cube.ide.mcu.externaltools.gnu-tools-for-stm32.10.3-2021.10.win32_1.0.0.202111181127/tools/bin/../lib/gcc/arm-none-eabi/10.3.1/../../../../arm-none-eabi/lib/thumb/v7e-m+dp/hard\libc_nano.a(lib_a-reent.o)
 .ARM.attributes
                0x00000000000009ed       0x32 c:/st/stm32cubeide_1.10.1/stm32cubeide/plugins/com.st.stm32cube.ide.mcu.externaltools.gnu-tools-for-stm32.10.3-2021.10.win32_1.0.0.202111181127/tools/bin/../lib/gcc/arm-none-eabi/10.3.1/../../../../arm-none-eabi/lib/thumb/v7e-m+dp/hard\libc_nano.a(lib_a-lock.o)
 .ARM.attributes
                0x0000000000000a1f       0x1e c:/st/stm32cubeide_1.10.1/stm32cubeide/plugins/com.st.stm32cube.ide.mcu.externaltools.gnu-tools-for-stm32.10.3-2021.10.win32_1.0.0.202111181127/tools/bin/../lib/gcc/arm-none-eabi/10.3.1/thumb/v7e-m+dp/hard\libgcc.a(_aeabi_uldivmod.o)
 .ARM.attributes
                0x0000000000000a3d       0x32 c:/st/stm32cubeide_1.10.1/stm32cubeide/plugins/com.st.stm32cube.ide.mcu.externaltools.gnu-tools-for-stm32.10.3-2021.10.win32_1.0.0.202111181127/tools/bin/../lib/gcc/arm-none-eabi/10.3.1/thumb/v7e-m+dp/hard\libgcc.a(_udivmoddi4.o)
 .ARM.attributes
                0x0000000000000a6f       0x1e c:/st/stm32cubeide_1.10.1/stm32cubeide/plugins/com.st.stm32cube.ide.mcu.externaltools.gnu-tools-for-stm32.10.3-2021.10.win32_1.0.0.202111181127/tools/bin/../lib/gcc/arm-none-eabi/10.3.1/thumb/v7e-m+dp/hard\libgcc.a(_dvmd_tls.o)
 .ARM.attributes
                0x0000000000000a8d       0x1e c:/st/stm32cubeide_1.10.1/stm32cubeide/plugins/com.st.stm32cube.ide.mcu.externaltools.gnu-tools-for-stm32.10.3-2021.10.win32_1.0.0.202111181127/tools/bin/../lib/gcc/arm-none-eabi/10.3.1/thumb/v7e-m+dp/hard/crtn.o
OUTPUT(CAN_Master1.elf elf32-littlearm)
LOAD linker stubs
LOAD c:/st/stm32cubeide_1.10.1/stm32cubeide/plugins/com.st.stm32cube.ide.mcu.externaltools.gnu-tools-for-stm32.10.3-2021.10.win32_1.0.0.202111181127/tools/bin/../lib/gcc/arm-none-eabi/10.3.1/../../../../arm-none-eabi/lib/thumb/v7e-m+dp/hard\libc.a
LOAD c:/st/stm32cubeide_1.10.1/stm32cubeide/plugins/com.st.stm32cube.ide.mcu.externaltools.gnu-tools-for-stm32.10.3-2021.10.win32_1.0.0.202111181127/tools/bin/../lib/gcc/arm-none-eabi/10.3.1/../../../../arm-none-eabi/lib/thumb/v7e-m+dp/hard\libm.a
LOAD c:/st/stm32cubeide_1.10.1/stm32cubeide/plugins/com.st.stm32cube.ide.mcu.externaltools.gnu-tools-for-stm32.10.3-2021.10.win32_1.0.0.202111181127/tools/bin/../lib/gcc/arm-none-eabi/10.3.1/thumb/v7e-m+dp/hard\libgcc.a

.debug_info     0x0000000000000000    0x19c10
 .debug_info    0x0000000000000000      0x287 ./Core/Lib/LSM6DSO/lsm6dso.o
 .debug_info    0x0000000000000287      0x987 ./Core/Lib/LSM6DSO/lsm6dso_com.o
 .debug_info    0x0000000000000c0e      0x7f2 ./Core/Lib/app_can.o
 .debug_info    0x0000000000001400      0x25e ./Core/Lib/app_imu.o
 .debug_info    0x000000000000165e      0x6c0 ./Core/Lib/app_light.o
 .debug_info    0x0000000000001d1e      0x76b ./Core/Lib/app_system.o
 .debug_info    0x0000000000002489      0x999 ./Core/Lib/app_uart.o
 .debug_info    0x0000000000002e22      0xa53 ./Core/Src/adc.o
 .debug_info    0x0000000000003875      0x8f0 ./Core/Src/can.o
 .debug_info    0x0000000000004165      0x4f2 ./Core/Src/gpio.o
 .debug_info    0x0000000000004657      0xfb6 ./Core/Src/main.o
 .debug_info    0x000000000000560d      0xa3c ./Core/Src/spi.o
 .debug_info    0x0000000000006049      0x2d2 ./Core/Src/stm32f7xx_hal_msp.o
 .debug_info    0x000000000000631b      0xb51 ./Core/Src/stm32f7xx_it.o
 .debug_info    0x0000000000006e6c      0x171 ./Core/Src/sysmem.o
 .debug_info    0x0000000000006fdd      0x72c ./Core/Src/system_stm32f7xx.o
 .debug_info    0x0000000000007709      0xd24 ./Core/Src/tim.o
 .debug_info    0x000000000000842d     0x104a ./Core/Src/usart.o
 .debug_info    0x0000000000009477       0x22 ./Core/Startup/startup_stm32f767zitx.o
 .debug_info    0x0000000000009499      0xa82 ./Drivers/STM32F7xx_HAL_Driver/Src/stm32f7xx_hal.o
 .debug_info    0x0000000000009f1b      0xd19 ./Drivers/STM32F7xx_HAL_Driver/Src/stm32f7xx_hal_adc.o
 .debug_info    0x000000000000ac34      0xfed ./Drivers/STM32F7xx_HAL_Driver/Src/stm32f7xx_hal_can.o
 .debug_info    0x000000000000bc21     0x109c ./Drivers/STM32F7xx_HAL_Driver/Src/stm32f7xx_hal_cortex.o
 .debug_info    0x000000000000ccbd      0x94f ./Drivers/STM32F7xx_HAL_Driver/Src/stm32f7xx_hal_dma.o
 .debug_info    0x000000000000d60c      0x7a2 ./Drivers/STM32F7xx_HAL_Driver/Src/stm32f7xx_hal_gpio.o
 .debug_info    0x000000000000ddae      0x978 ./Drivers/STM32F7xx_HAL_Driver/Src/stm32f7xx_hal_pwr.o
 .debug_info    0x000000000000e726      0x92e ./Drivers/STM32F7xx_HAL_Driver/Src/stm32f7xx_hal_pwr_ex.o
 .debug_info    0x000000000000f054      0x9f8 ./Drivers/STM32F7xx_HAL_Driver/Src/stm32f7xx_hal_rcc.o
 .debug_info    0x000000000000fa4c      0x78b ./Drivers/STM32F7xx_HAL_Driver/Src/stm32f7xx_hal_rcc_ex.o
 .debug_info    0x00000000000101d7     0x1802 ./Drivers/STM32F7xx_HAL_Driver/Src/stm32f7xx_hal_spi.o
 .debug_info    0x00000000000119d9     0x2d3e ./Drivers/STM32F7xx_HAL_Driver/Src/stm32f7xx_hal_tim.o
 .debug_info    0x0000000000014717     0x1805 ./Drivers/STM32F7xx_HAL_Driver/Src/stm32f7xx_hal_tim_ex.o
 .debug_info    0x0000000000015f1c     0x3cf4 ./Drivers/STM32F7xx_HAL_Driver/Src/stm32f7xx_hal_uart.o

.debug_abbrev   0x0000000000000000     0x3ce2
 .debug_abbrev  0x0000000000000000      0x11f ./Core/Lib/LSM6DSO/lsm6dso.o
 .debug_abbrev  0x000000000000011f      0x1f2 ./Core/Lib/LSM6DSO/lsm6dso_com.o
 .debug_abbrev  0x0000000000000311      0x23c ./Core/Lib/app_can.o
 .debug_abbrev  0x000000000000054d      0x131 ./Core/Lib/app_imu.o
 .debug_abbrev  0x000000000000067e      0x17d ./Core/Lib/app_light.o
 .debug_abbrev  0x00000000000007fb      0x199 ./Core/Lib/app_system.o
 .debug_abbrev  0x0000000000000994      0x205 ./Core/Lib/app_uart.o
 .debug_abbrev  0x0000000000000b99      0x1e0 ./Core/Src/adc.o
 .debug_abbrev  0x0000000000000d79      0x201 ./Core/Src/can.o
 .debug_abbrev  0x0000000000000f7a      0x146 ./Core/Src/gpio.o
 .debug_abbrev  0x00000000000010c0      0x22b ./Core/Src/main.o
 .debug_abbrev  0x00000000000012eb      0x1e0 ./Core/Src/spi.o
 .debug_abbrev  0x00000000000014cb       0xd4 ./Core/Src/stm32f7xx_hal_msp.o
 .debug_abbrev  0x000000000000159f      0x18b ./Core/Src/stm32f7xx_it.o
 .debug_abbrev  0x000000000000172a       0xbb ./Core/Src/sysmem.o
 .debug_abbrev  0x00000000000017e5      0x136 ./Core/Src/system_stm32f7xx.o
 .debug_abbrev  0x000000000000191b      0x1e7 ./Core/Src/tim.o
 .debug_abbrev  0x0000000000001b02      0x205 ./Core/Src/usart.o
 .debug_abbrev  0x0000000000001d07       0x12 ./Core/Startup/startup_stm32f767zitx.o
 .debug_abbrev  0x0000000000001d19      0x20d ./Drivers/STM32F7xx_HAL_Driver/Src/stm32f7xx_hal.o
 .debug_abbrev  0x0000000000001f26      0x244 ./Drivers/STM32F7xx_HAL_Driver/Src/stm32f7xx_hal_adc.o
 .debug_abbrev  0x000000000000216a      0x244 ./Drivers/STM32F7xx_HAL_Driver/Src/stm32f7xx_hal_can.o
 .debug_abbrev  0x00000000000023ae      0x316 ./Drivers/STM32F7xx_HAL_Driver/Src/stm32f7xx_hal_cortex.o
 .debug_abbrev  0x00000000000026c4      0x25b ./Drivers/STM32F7xx_HAL_Driver/Src/stm32f7xx_hal_dma.o
 .debug_abbrev  0x000000000000291f      0x1c4 ./Drivers/STM32F7xx_HAL_Driver/Src/stm32f7xx_hal_gpio.o
 .debug_abbrev  0x0000000000002ae3      0x1b8 ./Drivers/STM32F7xx_HAL_Driver/Src/stm32f7xx_hal_pwr.o
 .debug_abbrev  0x0000000000002c9b      0x1cb ./Drivers/STM32F7xx_HAL_Driver/Src/stm32f7xx_hal_pwr_ex.o
 .debug_abbrev  0x0000000000002e66      0x2d1 ./Drivers/STM32F7xx_HAL_Driver/Src/stm32f7xx_hal_rcc.o
 .debug_abbrev  0x0000000000003137      0x1b9 ./Drivers/STM32F7xx_HAL_Driver/Src/stm32f7xx_hal_rcc_ex.o
 .debug_abbrev  0x00000000000032f0      0x254 ./Drivers/STM32F7xx_HAL_Driver/Src/stm32f7xx_hal_spi.o
 .debug_abbrev  0x0000000000003544      0x264 ./Drivers/STM32F7xx_HAL_Driver/Src/stm32f7xx_hal_tim.o
 .debug_abbrev  0x00000000000037a8      0x26c ./Drivers/STM32F7xx_HAL_Driver/Src/stm32f7xx_hal_tim_ex.o
 .debug_abbrev  0x0000000000003a14      0x2ce ./Drivers/STM32F7xx_HAL_Driver/Src/stm32f7xx_hal_uart.o

.debug_aranges  0x0000000000000000     0x1458
 .debug_aranges
                0x0000000000000000       0x40 ./Core/Lib/LSM6DSO/lsm6dso.o
 .debug_aranges
                0x0000000000000040       0x38 ./Core/Lib/LSM6DSO/lsm6dso_com.o
 .debug_aranges
                0x0000000000000078       0x40 ./Core/Lib/app_can.o
 .debug_aranges
                0x00000000000000b8       0x28 ./Core/Lib/app_imu.o
 .debug_aranges
                0x00000000000000e0       0x20 ./Core/Lib/app_light.o
 .debug_aranges
                0x0000000000000100       0x28 ./Core/Lib/app_system.o
 .debug_aranges
                0x0000000000000128       0x50 ./Core/Lib/app_uart.o
 .debug_aranges
                0x0000000000000178       0x30 ./Core/Src/adc.o
 .debug_aranges
                0x00000000000001a8       0x30 ./Core/Src/can.o
 .debug_aranges
                0x00000000000001d8       0x20 ./Core/Src/gpio.o
 .debug_aranges
                0x00000000000001f8       0x40 ./Core/Src/main.o
 .debug_aranges
                0x0000000000000238       0x30 ./Core/Src/spi.o
 .debug_aranges
                0x0000000000000268       0x20 ./Core/Src/stm32f7xx_hal_msp.o
 .debug_aranges
                0x0000000000000288       0x70 ./Core/Src/stm32f7xx_it.o
 .debug_aranges
                0x00000000000002f8       0x20 ./Core/Src/sysmem.o
 .debug_aranges
                0x0000000000000318       0x28 ./Core/Src/system_stm32f7xx.o
 .debug_aranges
                0x0000000000000340       0x30 ./Core/Src/tim.o
 .debug_aranges
                0x0000000000000370       0x30 ./Core/Src/usart.o
 .debug_aranges
                0x00000000000003a0       0x28 ./Core/Startup/startup_stm32f767zitx.o
 .debug_aranges
                0x00000000000003c8      0x110 ./Drivers/STM32F7xx_HAL_Driver/Src/stm32f7xx_hal.o
 .debug_aranges
                0x00000000000004d8       0xe8 ./Drivers/STM32F7xx_HAL_Driver/Src/stm32f7xx_hal_adc.o
 .debug_aranges
                0x00000000000005c0      0x138 ./Drivers/STM32F7xx_HAL_Driver/Src/stm32f7xx_hal_can.o
 .debug_aranges
                0x00000000000006f8      0x118 ./Drivers/STM32F7xx_HAL_Driver/Src/stm32f7xx_hal_cortex.o
 .debug_aranges
                0x0000000000000810       0x90 ./Drivers/STM32F7xx_HAL_Driver/Src/stm32f7xx_hal_dma.o
 .debug_aranges
                0x00000000000008a0       0x58 ./Drivers/STM32F7xx_HAL_Driver/Src/stm32f7xx_hal_gpio.o
 .debug_aranges
                0x00000000000008f8       0xa0 ./Drivers/STM32F7xx_HAL_Driver/Src/stm32f7xx_hal_pwr.o
 .debug_aranges
                0x0000000000000998       0x80 ./Drivers/STM32F7xx_HAL_Driver/Src/stm32f7xx_hal_pwr_ex.o
 .debug_aranges
                0x0000000000000a18       0x88 ./Drivers/STM32F7xx_HAL_Driver/Src/stm32f7xx_hal_rcc.o
 .debug_aranges
                0x0000000000000aa0       0x50 ./Drivers/STM32F7xx_HAL_Driver/Src/stm32f7xx_hal_rcc_ex.o
 .debug_aranges
                0x0000000000000af0      0x1d8 ./Drivers/STM32F7xx_HAL_Driver/Src/stm32f7xx_hal_spi.o
 .debug_aranges
                0x0000000000000cc8      0x3e0 ./Drivers/STM32F7xx_HAL_Driver/Src/stm32f7xx_hal_tim.o
 .debug_aranges
                0x00000000000010a8      0x180 ./Drivers/STM32F7xx_HAL_Driver/Src/stm32f7xx_hal_tim_ex.o
 .debug_aranges
                0x0000000000001228      0x230 ./Drivers/STM32F7xx_HAL_Driver/Src/stm32f7xx_hal_uart.o

.debug_ranges   0x0000000000000000     0x1280
 .debug_ranges  0x0000000000000000       0x30 ./Core/Lib/LSM6DSO/lsm6dso.o
 .debug_ranges  0x0000000000000030       0x28 ./Core/Lib/LSM6DSO/lsm6dso_com.o
 .debug_ranges  0x0000000000000058       0x30 ./Core/Lib/app_can.o
 .debug_ranges  0x0000000000000088       0x18 ./Core/Lib/app_imu.o
 .debug_ranges  0x00000000000000a0       0x10 ./Core/Lib/app_light.o
 .debug_ranges  0x00000000000000b0       0x18 ./Core/Lib/app_system.o
 .debug_ranges  0x00000000000000c8       0x40 ./Core/Lib/app_uart.o
 .debug_ranges  0x0000000000000108       0x20 ./Core/Src/adc.o
 .debug_ranges  0x0000000000000128       0x20 ./Core/Src/can.o
 .debug_ranges  0x0000000000000148       0x10 ./Core/Src/gpio.o
 .debug_ranges  0x0000000000000158       0x30 ./Core/Src/main.o
 .debug_ranges  0x0000000000000188       0x20 ./Core/Src/spi.o
 .debug_ranges  0x00000000000001a8       0x10 ./Core/Src/stm32f7xx_hal_msp.o
 .debug_ranges  0x00000000000001b8       0x60 ./Core/Src/stm32f7xx_it.o
 .debug_ranges  0x0000000000000218       0x10 ./Core/Src/sysmem.o
 .debug_ranges  0x0000000000000228       0x18 ./Core/Src/system_stm32f7xx.o
 .debug_ranges  0x0000000000000240       0x20 ./Core/Src/tim.o
 .debug_ranges  0x0000000000000260       0x20 ./Core/Src/usart.o
 .debug_ranges  0x0000000000000280       0x20 ./Core/Startup/startup_stm32f767zitx.o
 .debug_ranges  0x00000000000002a0      0x100 ./Drivers/STM32F7xx_HAL_Driver/Src/stm32f7xx_hal.o
 .debug_ranges  0x00000000000003a0       0xd8 ./Drivers/STM32F7xx_HAL_Driver/Src/stm32f7xx_hal_adc.o
 .debug_ranges  0x0000000000000478      0x128 ./Drivers/STM32F7xx_HAL_Driver/Src/stm32f7xx_hal_can.o
 .debug_ranges  0x00000000000005a0      0x108 ./Drivers/STM32F7xx_HAL_Driver/Src/stm32f7xx_hal_cortex.o
 .debug_ranges  0x00000000000006a8       0x80 ./Drivers/STM32F7xx_HAL_Driver/Src/stm32f7xx_hal_dma.o
 .debug_ranges  0x0000000000000728       0x48 ./Drivers/STM32F7xx_HAL_Driver/Src/stm32f7xx_hal_gpio.o
 .debug_ranges  0x0000000000000770       0x90 ./Drivers/STM32F7xx_HAL_Driver/Src/stm32f7xx_hal_pwr.o
 .debug_ranges  0x0000000000000800       0x70 ./Drivers/STM32F7xx_HAL_Driver/Src/stm32f7xx_hal_pwr_ex.o
 .debug_ranges  0x0000000000000870       0x78 ./Drivers/STM32F7xx_HAL_Driver/Src/stm32f7xx_hal_rcc.o
 .debug_ranges  0x00000000000008e8       0x40 ./Drivers/STM32F7xx_HAL_Driver/Src/stm32f7xx_hal_rcc_ex.o
 .debug_ranges  0x0000000000000928      0x1c8 ./Drivers/STM32F7xx_HAL_Driver/Src/stm32f7xx_hal_spi.o
 .debug_ranges  0x0000000000000af0      0x3d0 ./Drivers/STM32F7xx_HAL_Driver/Src/stm32f7xx_hal_tim.o
 .debug_ranges  0x0000000000000ec0      0x170 ./Drivers/STM32F7xx_HAL_Driver/Src/stm32f7xx_hal_tim_ex.o
 .debug_ranges  0x0000000000001030      0x250 ./Drivers/STM32F7xx_HAL_Driver/Src/stm32f7xx_hal_uart.o

.debug_macro    0x0000000000000000    0x2ba96
 .debug_macro   0x0000000000000000      0x298 ./Core/Lib/LSM6DSO/lsm6dso.o
 .debug_macro   0x0000000000000298      0xa90 ./Core/Lib/LSM6DSO/lsm6dso.o
 .debug_macro   0x0000000000000d28       0x22 ./Core/Lib/LSM6DSO/lsm6dso.o
 .debug_macro   0x0000000000000d4a       0x8e ./Core/Lib/LSM6DSO/lsm6dso.o
 .debug_macro   0x0000000000000dd8       0x51 ./Core/Lib/LSM6DSO/lsm6dso.o
 .debug_macro   0x0000000000000e29      0x103 ./Core/Lib/LSM6DSO/lsm6dso.o
 .debug_macro   0x0000000000000f2c       0x6a ./Core/Lib/LSM6DSO/lsm6dso.o
 .debug_macro   0x0000000000000f96      0x1df ./Core/Lib/LSM6DSO/lsm6dso.o
 .debug_macro   0x0000000000001175       0xe2 ./Core/Lib/LSM6DSO/lsm6dso.o
 .debug_macro   0x0000000000001257      0x2a5 ./Core/Lib/LSM6DSO/lsm6dso.o
 .debug_macro   0x00000000000014fc       0x2e ./Core/Lib/LSM6DSO/lsm6dso.o
 .debug_macro   0x000000000000152a       0x3b ./Core/Lib/LSM6DSO/lsm6dso.o
 .debug_macro   0x0000000000001565       0x1c ./Core/Lib/LSM6DSO/lsm6dso.o
 .debug_macro   0x0000000000001581       0x22 ./Core/Lib/LSM6DSO/lsm6dso.o
 .debug_macro   0x00000000000015a3       0xd9 ./Core/Lib/LSM6DSO/lsm6dso.o
 .debug_macro   0x000000000000167c     0x12cd ./Core/Lib/LSM6DSO/lsm6dso.o
 .debug_macro   0x0000000000002949      0x11f ./Core/Lib/LSM6DSO/lsm6dso.o
 .debug_macro   0x0000000000002a68       0x19 ./Core/Lib/LSM6DSO/lsm6dso.o
 .debug_macro   0x0000000000002a81    0x1aa0d ./Core/Lib/LSM6DSO/lsm6dso.o
 .debug_macro   0x000000000001d48e       0x6d ./Core/Lib/LSM6DSO/lsm6dso.o
 .debug_macro   0x000000000001d4fb     0x3749 ./Core/Lib/LSM6DSO/lsm6dso.o
 .debug_macro   0x0000000000020c44      0x174 ./Core/Lib/LSM6DSO/lsm6dso.o
 .debug_macro   0x0000000000020db8       0x63 ./Core/Lib/LSM6DSO/lsm6dso.o
 .debug_macro   0x0000000000020e1b     0x1add ./Core/Lib/LSM6DSO/lsm6dso.o
 .debug_macro   0x00000000000228f8      0x6c4 ./Core/Lib/LSM6DSO/lsm6dso.o
 .debug_macro   0x0000000000022fbc      0x18b ./Core/Lib/LSM6DSO/lsm6dso.o
 .debug_macro   0x0000000000023147      0x115 ./Core/Lib/LSM6DSO/lsm6dso.o
 .debug_macro   0x000000000002325c      0x26e ./Core/Lib/LSM6DSO/lsm6dso.o
 .debug_macro   0x00000000000234ca       0xa5 ./Core/Lib/LSM6DSO/lsm6dso.o
 .debug_macro   0x000000000002356f      0x24f ./Core/Lib/LSM6DSO/lsm6dso.o
 .debug_macro   0x00000000000237be       0x71 ./Core/Lib/LSM6DSO/lsm6dso.o
 .debug_macro   0x000000000002382f       0x58 ./Core/Lib/LSM6DSO/lsm6dso.o
 .debug_macro   0x0000000000023887      0x236 ./Core/Lib/LSM6DSO/lsm6dso.o
 .debug_macro   0x0000000000023abd      0x416 ./Core/Lib/LSM6DSO/lsm6dso.o
 .debug_macro   0x0000000000023ed3      0x153 ./Core/Lib/LSM6DSO/lsm6dso.o
 .debug_macro   0x0000000000024026      0x107 ./Core/Lib/LSM6DSO/lsm6dso.o
 .debug_macro   0x000000000002412d      0x40f ./Core/Lib/LSM6DSO/lsm6dso.o
 .debug_macro   0x000000000002453c      0x14e ./Core/Lib/LSM6DSO/lsm6dso.o
 .debug_macro   0x000000000002468a      0x3db ./Core/Lib/LSM6DSO/lsm6dso.o
 .debug_macro   0x0000000000024a65       0x12 ./Core/Lib/LSM6DSO/lsm6dso.o
 .debug_macro   0x0000000000024a77      0x22c ./Core/Lib/LSM6DSO/lsm6dso.o
 .debug_macro   0x0000000000024ca3       0x61 ./Core/Lib/LSM6DSO/lsm6dso.o
 .debug_macro   0x0000000000024d04       0xa5 ./Core/Lib/LSM6DSO/lsm6dso.o
 .debug_macro   0x0000000000024da9      0x12e ./Core/Lib/LSM6DSO/lsm6dso.o
 .debug_macro   0x0000000000024ed7      0x108 ./Core/Lib/LSM6DSO/lsm6dso.o
 .debug_macro   0x0000000000024fdf       0x35 ./Core/Lib/LSM6DSO/lsm6dso.o
 .debug_macro   0x0000000000025014      0x2fe ./Core/Lib/LSM6DSO/lsm6dso.o
 .debug_macro   0x0000000000025312      0xa8a ./Core/Lib/LSM6DSO/lsm6dso.o
 .debug_macro   0x0000000000025d9c       0xa9 ./Core/Lib/LSM6DSO/lsm6dso.o
 .debug_macro   0x0000000000025e45      0x5ba ./Core/Lib/LSM6DSO/lsm6dso.o
 .debug_macro   0x00000000000263ff       0x44 ./Core/Lib/LSM6DSO/lsm6dso.o
 .debug_macro   0x0000000000026443      0x15b ./Core/Lib/LSM6DSO/lsm6dso.o
 .debug_macro   0x000000000002659e       0xac ./Core/Lib/LSM6DSO/lsm6dso.o
 .debug_macro   0x000000000002664a       0x2e ./Core/Lib/LSM6DSO/lsm6dso.o
 .debug_macro   0x0000000000026678      0x26f ./Core/Lib/LSM6DSO/lsm6dso_com.o
 .debug_macro   0x00000000000268e7      0x3bd ./Core/Lib/app_can.o
 .debug_macro   0x0000000000026ca4       0x16 ./Core/Lib/app_can.o
 .debug_macro   0x0000000000026cba       0x52 ./Core/Lib/app_can.o
 .debug_macro   0x0000000000026d0c       0x1d ./Core/Lib/app_can.o
 .debug_macro   0x0000000000026d29       0x3c ./Core/Lib/app_can.o
 .debug_macro   0x0000000000026d65       0x34 ./Core/Lib/app_can.o
 .debug_macro   0x0000000000026d99       0x16 ./Core/Lib/app_can.o
 .debug_macro   0x0000000000026daf       0x97 ./Core/Lib/app_can.o
 .debug_macro   0x0000000000026e46      0x341 ./Core/Lib/app_can.o
 .debug_macro   0x0000000000027187       0xfd ./Core/Lib/app_can.o
 .debug_macro   0x0000000000027284       0x10 ./Core/Lib/app_can.o
 .debug_macro   0x0000000000027294       0x16 ./Core/Lib/app_can.o
 .debug_macro   0x00000000000272aa       0x43 ./Core/Lib/app_can.o
 .debug_macro   0x00000000000272ed       0x34 ./Core/Lib/app_can.o
 .debug_macro   0x0000000000027321       0x10 ./Core/Lib/app_can.o
 .debug_macro   0x0000000000027331       0x58 ./Core/Lib/app_can.o
 .debug_macro   0x0000000000027389       0x71 ./Core/Lib/app_can.o
 .debug_macro   0x00000000000273fa       0x1c ./Core/Lib/app_can.o
 .debug_macro   0x0000000000027416      0x12a ./Core/Lib/app_can.o
 .debug_macro   0x0000000000027540       0x10 ./Core/Lib/app_can.o
 .debug_macro   0x0000000000027550       0x1c ./Core/Lib/app_can.o
 .debug_macro   0x000000000002756c       0x52 ./Core/Lib/app_can.o
 .debug_macro   0x00000000000275be       0x22 ./Core/Lib/app_can.o
 .debug_macro   0x00000000000275e0       0x10 ./Core/Lib/app_can.o
 .debug_macro   0x00000000000275f0       0x52 ./Core/Lib/app_can.o
 .debug_macro   0x0000000000027642       0xd5 ./Core/Lib/app_can.o
 .debug_macro   0x0000000000027717       0x1c ./Core/Lib/app_can.o
 .debug_macro   0x0000000000027733       0x3d ./Core/Lib/app_can.o
 .debug_macro   0x0000000000027770       0x16 ./Core/Lib/app_can.o
 .debug_macro   0x0000000000027786      0x145 ./Core/Lib/app_can.o
 .debug_macro   0x00000000000278cb       0x22 ./Core/Lib/app_can.o
 .debug_macro   0x00000000000278ed       0x5d ./Core/Lib/app_can.o
 .debug_macro   0x000000000002794a       0x99 ./Core/Lib/app_imu.o
 .debug_macro   0x00000000000279e3       0x1c ./Core/Lib/app_imu.o
 .debug_macro   0x00000000000279ff      0x243 ./Core/Lib/app_light.o
 .debug_macro   0x0000000000027c42      0x251 ./Core/Lib/app_system.o
 .debug_macro   0x0000000000027e93      0x3e2 ./Core/Lib/app_uart.o
 .debug_macro   0x0000000000028275       0x16 ./Core/Lib/app_uart.o
 .debug_macro   0x000000000002828b       0x35 ./Core/Lib/app_uart.o
 .debug_macro   0x00000000000282c0       0x20 ./Core/Lib/app_uart.o
 .debug_macro   0x00000000000282e0      0x234 ./Core/Src/adc.o
 .debug_macro   0x0000000000028514      0x234 ./Core/Src/can.o
 .debug_macro   0x0000000000028748      0x234 ./Core/Src/gpio.o
 .debug_macro   0x000000000002897c      0x291 ./Core/Src/main.o
 .debug_macro   0x0000000000028c0d      0x234 ./Core/Src/spi.o
 .debug_macro   0x0000000000028e41      0x22a ./Core/Src/stm32f7xx_hal_msp.o
 .debug_macro   0x000000000002906b      0x234 ./Core/Src/stm32f7xx_it.o
 .debug_macro   0x000000000002929f       0xff ./Core/Src/sysmem.o
 .debug_macro   0x000000000002939e      0x23b ./Core/Src/sysmem.o
 .debug_macro   0x00000000000295d9      0x21b ./Core/Src/system_stm32f7xx.o
 .debug_macro   0x00000000000297f4      0x234 ./Core/Src/tim.o
 .debug_macro   0x0000000000029a28      0x234 ./Core/Src/usart.o
 .debug_macro   0x0000000000029c5c      0x23f ./Drivers/STM32F7xx_HAL_Driver/Src/stm32f7xx_hal.o
 .debug_macro   0x0000000000029e9b      0x21c ./Drivers/STM32F7xx_HAL_Driver/Src/stm32f7xx_hal_adc.o
 .debug_macro   0x000000000002a0b7      0x223 ./Drivers/STM32F7xx_HAL_Driver/Src/stm32f7xx_hal_can.o
 .debug_macro   0x000000000002a2da      0x21b ./Drivers/STM32F7xx_HAL_Driver/Src/stm32f7xx_hal_cortex.o
 .debug_macro   0x000000000002a4f5      0x221 ./Drivers/STM32F7xx_HAL_Driver/Src/stm32f7xx_hal_dma.o
 .debug_macro   0x000000000002a716      0x221 ./Drivers/STM32F7xx_HAL_Driver/Src/stm32f7xx_hal_gpio.o
 .debug_macro   0x000000000002a937      0x239 ./Drivers/STM32F7xx_HAL_Driver/Src/stm32f7xx_hal_pwr.o
 .debug_macro   0x000000000002ab70      0x233 ./Drivers/STM32F7xx_HAL_Driver/Src/stm32f7xx_hal_pwr_ex.o
 .debug_macro   0x000000000002ada3      0x23f ./Drivers/STM32F7xx_HAL_Driver/Src/stm32f7xx_hal_rcc.o
 .debug_macro   0x000000000002afe2      0x21b ./Drivers/STM32F7xx_HAL_Driver/Src/stm32f7xx_hal_rcc_ex.o
 .debug_macro   0x000000000002b1fd      0x22a ./Drivers/STM32F7xx_HAL_Driver/Src/stm32f7xx_hal_spi.o
 .debug_macro   0x000000000002b427      0x21c ./Drivers/STM32F7xx_HAL_Driver/Src/stm32f7xx_hal_tim.o
 .debug_macro   0x000000000002b643      0x21b ./Drivers/STM32F7xx_HAL_Driver/Src/stm32f7xx_hal_tim_ex.o
 .debug_macro   0x000000000002b85e      0x238 ./Drivers/STM32F7xx_HAL_Driver/Src/stm32f7xx_hal_uart.o

.debug_line     0x0000000000000000    0x1c167
 .debug_line    0x0000000000000000      0x8ce ./Core/Lib/LSM6DSO/lsm6dso.o
 .debug_line    0x00000000000008ce      0x892 ./Core/Lib/LSM6DSO/lsm6dso_com.o
 .debug_line    0x0000000000001160      0xa49 ./Core/Lib/app_can.o
 .debug_line    0x0000000000001ba9      0x4a1 ./Core/Lib/app_imu.o
 .debug_line    0x000000000000204a      0x787 ./Core/Lib/app_light.o
 .debug_line    0x00000000000027d1      0x7b5 ./Core/Lib/app_system.o
 .debug_line    0x0000000000002f86      0xacf ./Core/Lib/app_uart.o
 .debug_line    0x0000000000003a55      0x7df ./Core/Src/adc.o
 .debug_line    0x0000000000004234      0x7cd ./Core/Src/can.o
 .debug_line    0x0000000000004a01      0x7af ./Core/Src/gpio.o
 .debug_line    0x00000000000051b0      0x89b ./Core/Src/main.o
 .debug_line    0x0000000000005a4b      0x7d8 ./Core/Src/spi.o
 .debug_line    0x0000000000006223      0x75f ./Core/Src/stm32f7xx_hal_msp.o
 .debug_line    0x0000000000006982      0x852 ./Core/Src/stm32f7xx_it.o
 .debug_line    0x00000000000071d4      0x4ea ./Core/Src/sysmem.o
 .debug_line    0x00000000000076be      0x7df ./Core/Src/system_stm32f7xx.o
 .debug_line    0x0000000000007e9d      0x7ba ./Core/Src/tim.o
 .debug_line    0x0000000000008657      0x7e4 ./Core/Src/usart.o
 .debug_line    0x0000000000008e3b       0x88 ./Core/Startup/startup_stm32f767zitx.o
 .debug_line    0x0000000000008ec3      0xaa0 ./Drivers/STM32F7xx_HAL_Driver/Src/stm32f7xx_hal.o
 .debug_line    0x0000000000009963     0x12a8 ./Drivers/STM32F7xx_HAL_Driver/Src/stm32f7xx_hal_adc.o
 .debug_line    0x000000000000ac0b     0x11b7 ./Drivers/STM32F7xx_HAL_Driver/Src/stm32f7xx_hal_can.o