18:37:31 **** Incremental Build of configuration Debug for project CAN_Master2_receiver ****
make -j8 all 
arm-none-eabi-size   CAN_Master2_receiver.elf 
   text	   data	    bss	    dec	    hex	filename
  36228	    484	   1900	  38612	   96d4	CAN_Master2_receiver.elf
Finished building: default.size.stdout
 
18:38:33 **** Incremental Build of configuration Debug for project CAN_Master2_receiver ****
make -j8 all 
arm-none-eabi-size   CAN_Master2_receiver.elf 
   text	   data	    bss	    dec	    hex	filename
  36228	    484	   1900	  38612	   96d4	CAN_Master2_receiver.elf
Finished building: default.size.stdout
 
