Archive member included to satisfy reference by file (symbol)

c:/st/stm32cubeide_1.10.1/stm32cubeide/plugins/com.st.stm32cube.ide.mcu.externaltools.gnu-tools-for-stm32.10.3-2021.10.win32_1.0.0.202111181127/tools/bin/../lib/gcc/arm-none-eabi/10.3.1/../../../../arm-none-eabi/lib/thumb/v7e-m+dp/hard\libc_nano.a(lib_a-errno.o)
                              ./Core/Src/syscalls.o (__errno)
c:/st/stm32cubeide_1.10.1/stm32cubeide/plugins/com.st.stm32cube.ide.mcu.externaltools.gnu-tools-for-stm32.10.3-2021.10.win32_1.0.0.202111181127/tools/bin/../lib/gcc/arm-none-eabi/10.3.1/../../../../arm-none-eabi/lib/thumb/v7e-m+dp/hard\libc_nano.a(lib_a-exit.o)
                              c:/st/stm32cubeide_1.10.1/stm32cubeide/plugins/com.st.stm32cube.ide.mcu.externaltools.gnu-tools-for-stm32.10.3-2021.10.win32_1.0.0.202111181127/tools/bin/../lib/gcc/arm-none-eabi/10.3.1/../../../../arm-none-eabi/lib/thumb/v7e-m+dp/hard/crt0.o (exit)
c:/st/stm32cubeide_1.10.1/stm32cubeide/plugins/com.st.stm32cube.ide.mcu.externaltools.gnu-tools-for-stm32.10.3-2021.10.win32_1.0.0.202111181127/tools/bin/../lib/gcc/arm-none-eabi/10.3.1/../../../../arm-none-eabi/lib/thumb/v7e-m+dp/hard\libc_nano.a(lib_a-impure.o)
                              c:/st/stm32cubeide_1.10.1/stm32cubeide/plugins/com.st.stm32cube.ide.mcu.externaltools.gnu-tools-for-stm32.10.3-2021.10.win32_1.0.0.202111181127/tools/bin/../lib/gcc/arm-none-eabi/10.3.1/../../../../arm-none-eabi/lib/thumb/v7e-m+dp/hard\libc_nano.a(lib_a-exit.o) (_global_impure_ptr)
c:/st/stm32cubeide_1.10.1/stm32cubeide/plugins/com.st.stm32cube.ide.mcu.externaltools.gnu-tools-for-stm32.10.3-2021.10.win32_1.0.0.202111181127/tools/bin/../lib/gcc/arm-none-eabi/10.3.1/../../../../arm-none-eabi/lib/thumb/v7e-m+dp/hard\libc_nano.a(lib_a-init.o)
                              c:/st/stm32cubeide_1.10.1/stm32cubeide/plugins/com.st.stm32cube.ide.mcu.externaltools.gnu-tools-for-stm32.10.3-2021.10.win32_1.0.0.202111181127/tools/bin/../lib/gcc/arm-none-eabi/10.3.1/../../../../arm-none-eabi/lib/thumb/v7e-m+dp/hard/crt0.o (__libc_init_array)
c:/st/stm32cubeide_1.10.1/stm32cubeide/plugins/com.st.stm32cube.ide.mcu.externaltools.gnu-tools-for-stm32.10.3-2021.10.win32_1.0.0.202111181127/tools/bin/../lib/gcc/arm-none-eabi/10.3.1/../../../../arm-none-eabi/lib/thumb/v7e-m+dp/hard\libc_nano.a(lib_a-memset.o)
                              c:/st/stm32cubeide_1.10.1/stm32cubeide/plugins/com.st.stm32cube.ide.mcu.externaltools.gnu-tools-for-stm32.10.3-2021.10.win32_1.0.0.202111181127/tools/bin/../lib/gcc/arm-none-eabi/10.3.1/../../../../arm-none-eabi/lib/thumb/v7e-m+dp/hard/crt0.o (memset)
c:/st/stm32cubeide_1.10.1/stm32cubeide/plugins/com.st.stm32cube.ide.mcu.externaltools.gnu-tools-for-stm32.10.3-2021.10.win32_1.0.0.202111181127/tools/bin/../lib/gcc/arm-none-eabi/10.3.1/../../../../arm-none-eabi/lib/thumb/v7e-m+dp/hard\libc_nano.a(lib_a-sprintf.o)
                              ./Core/Lib/app_uart.o (sprintf)
c:/st/stm32cubeide_1.10.1/stm32cubeide/plugins/com.st.stm32cube.ide.mcu.externaltools.gnu-tools-for-stm32.10.3-2021.10.win32_1.0.0.202111181127/tools/bin/../lib/gcc/arm-none-eabi/10.3.1/../../../../arm-none-eabi/lib/thumb/v7e-m+dp/hard\libc_nano.a(lib_a-nano-svfprintf.o)
                              c:/st/stm32cubeide_1.10.1/stm32cubeide/plugins/com.st.stm32cube.ide.mcu.externaltools.gnu-tools-for-stm32.10.3-2021.10.win32_1.0.0.202111181127/tools/bin/../lib/gcc/arm-none-eabi/10.3.1/../../../../arm-none-eabi/lib/thumb/v7e-m+dp/hard\libc_nano.a(lib_a-sprintf.o) (_svfprintf_r)
c:/st/stm32cubeide_1.10.1/stm32cubeide/plugins/com.st.stm32cube.ide.mcu.externaltools.gnu-tools-for-stm32.10.3-2021.10.win32_1.0.0.202111181127/tools/bin/../lib/gcc/arm-none-eabi/10.3.1/../../../../arm-none-eabi/lib/thumb/v7e-m+dp/hard\libc_nano.a(lib_a-nano-vfprintf_i.o)
                              c:/st/stm32cubeide_1.10.1/stm32cubeide/plugins/com.st.stm32cube.ide.mcu.externaltools.gnu-tools-for-stm32.10.3-2021.10.win32_1.0.0.202111181127/tools/bin/../lib/gcc/arm-none-eabi/10.3.1/../../../../arm-none-eabi/lib/thumb/v7e-m+dp/hard\libc_nano.a(lib_a-nano-svfprintf.o) (_printf_i)
c:/st/stm32cubeide_1.10.1/stm32cubeide/plugins/com.st.stm32cube.ide.mcu.externaltools.gnu-tools-for-stm32.10.3-2021.10.win32_1.0.0.202111181127/tools/bin/../lib/gcc/arm-none-eabi/10.3.1/../../../../arm-none-eabi/lib/thumb/v7e-m+dp/hard\libc_nano.a(lib_a-memchr.o)
                              c:/st/stm32cubeide_1.10.1/stm32cubeide/plugins/com.st.stm32cube.ide.mcu.externaltools.gnu-tools-for-stm32.10.3-2021.10.win32_1.0.0.202111181127/tools/bin/../lib/gcc/arm-none-eabi/10.3.1/../../../../arm-none-eabi/lib/thumb/v7e-m+dp/hard\libc_nano.a(lib_a-nano-svfprintf.o) (memchr)
c:/st/stm32cubeide_1.10.1/stm32cubeide/plugins/com.st.stm32cube.ide.mcu.externaltools.gnu-tools-for-stm32.10.3-2021.10.win32_1.0.0.202111181127/tools/bin/../lib/gcc/arm-none-eabi/10.3.1/../../../../arm-none-eabi/lib/thumb/v7e-m+dp/hard\libc_nano.a(lib_a-memcpy-stub.o)
[...]
Memory Configuration

Name             Origin             Length             Attributes
RAM              0x0000000020000000 0x0000000000080000 xrw
FLASH            0x0000000008000000 0x0000000000200000 xr
*default*        0x0000000000000000 0xffffffffffffffff

Linker script and memory map

LOAD c:/st/stm32cubeide_1.10.1/stm32cubeide/plugins/com.st.stm32cube.ide.mcu.externaltools.gnu-tools-for-stm32.10.3-2021.10.win32_1.0.0.202111181127/tools/bin/../lib/gcc/arm-none-eabi/10.3.1/thumb/v7e-m+dp/hard/crti.o
LOAD c:/st/stm32cubeide_1.10.1/stm32cubeide/plugins/com.st.stm32cube.ide.mcu.externaltools.gnu-tools-for-stm32.10.3-2021.10.win32_1.0.0.202111181127/tools/bin/../lib/gcc/arm-none-eabi/10.3.1/thumb/v7e-m+dp/hard/crtbegin.o
LOAD c:/st/stm32cubeide_1.10.1/stm32cubeide/plugins/com.st.stm32cube.ide.mcu.externaltools.gnu-tools-for-stm32.10.3-2021.10.win32_1.0.0.202111181127/tools/bin/../lib/gcc/arm-none-eabi/10.3.1/../../../../arm-none-eabi/lib/thumb/v7e-m+dp/hard/crt0.o
LOAD ./Core/Lib/app_can.o
LOAD ./Core/Lib/app_uart.o
LOAD ./Core/Src/can.o
LOAD ./Core/Src/eth.o
LOAD ./Core/Src/gpio.o
LOAD ./Core/Src/main.o
LOAD ./Core/Src/stm32f7xx_hal_msp.o
LOAD ./Core/Src/stm32f7xx_it.o
LOAD ./Core/Src/syscalls.o
LOAD ./Core/Src/sysmem.o
LOAD ./Core/Src/system_stm32f7xx.o
LOAD ./Core/Src/tim.o
LOAD ./Core/Src/usart.o
LOAD ./Core/Src/usb_otg.o
LOAD ./Core/Startup/startup_stm32f767zitx.o
LOAD ./Drivers/STM32F7xx_HAL_Driver/Src/stm32f7xx_hal.o
LOAD ./Drivers/STM32F7xx_HAL_Driver/Src/stm32f7xx_hal_can.o
LOAD ./Drivers/STM32F7xx_HAL_Driver/Src/stm32f7xx_hal_cortex.o
LOAD ./Drivers/STM32F7xx_HAL_Driver/Src/stm32f7xx_hal_dma.o
LOAD ./Drivers/STM32F7xx_HAL_Driver/Src/stm32f7xx_hal_dma_ex.o
LOAD ./Drivers/STM32F7xx_HAL_Driver/Src/stm32f7xx_hal_eth.o
LOAD ./Drivers/STM32F7xx_HAL_Driver/Src/stm32f7xx_hal_exti.o
LOAD ./Drivers/STM32F7xx_HAL_Driver/Src/stm32f7xx_hal_flash.o
LOAD ./Drivers/STM32F7xx_HAL_Driver/Src/stm32f7xx_hal_flash_ex.o
LOAD ./Drivers/STM32F7xx_HAL_Driver/Src/stm32f7xx_hal_gpio.o
LOAD ./Drivers/STM32F7xx_HAL_Driver/Src/stm32f7xx_hal_i2c.o
LOAD ./Drivers/STM32F7xx_HAL_Driver/Src/stm32f7xx_hal_i2c_ex.o
LOAD ./Drivers/STM32F7xx_HAL_Driver/Src/stm32f7xx_hal_pcd.o
LOAD ./Drivers/STM32F7xx_HAL_Driver/Src/stm32f7xx_hal_pcd_ex.o
LOAD ./Drivers/STM32F7xx_HAL_Driver/Src/stm32f7xx_hal_pwr.o
LOAD ./Drivers/STM32F7xx_HAL_Driver/Src/stm32f7xx_hal_pwr_ex.o
LOAD ./Drivers/STM32F7xx_HAL_Driver/Src/stm32f7xx_hal_rcc.o
LOAD ./Drivers/STM32F7xx_HAL_Driver/Src/stm32f7xx_hal_rcc_ex.o
LOAD ./Drivers/STM32F7xx_HAL_Driver/Src/stm32f7xx_hal_tim.o
LOAD ./Drivers/STM32F7xx_HAL_Driver/Src/stm32f7xx_hal_tim_ex.o
LOAD ./Drivers/STM32F7xx_HAL_Driver/Src/stm32f7xx_hal_uart.o
LOAD ./Drivers/STM32F7xx_HAL_Driver/Src/stm32f7xx_hal_uart_ex.o
LOAD ./Drivers/STM32F7xx_HAL_Driver/Src/stm32f7xx_ll_usb.o
START GROUP
LOAD c:/st/stm32cubeide_1.10.1/stm32cubeide/plugins/com.st.stm32cube.ide.mcu.externaltools.gnu-tools-for-stm32.10.3-2021.10.win32_1.0.0.202111181127/tools/bin/../lib/gcc/arm-none-eabi/10.3.1/../../../../arm-none-eabi/lib/thumb/v7e-m+dp/hard\libc_nano.a
LOAD c:/st/stm32cubeide_1.10.1/stm32cubeide/plugins/com.st.stm32cube.ide.mcu.externaltools.gnu-tools-for-stm32.10.3-2021.10.win32_1.0.0.202111181127/tools/bin/../lib/gcc/arm-none-eabi/10.3.1/../../../../arm-none-eabi/lib/thumb/v7e-m+dp/hard\libm.a
END GROUP
START GROUP
LOAD c:/st/stm32cubeide_1.10.1/stm32cubeide/plugins/com.st.stm32cube.ide.mcu.externaltools.gnu-tools-for-stm32.10.3-2021.10.win32_1.0.0.202111181127/tools/bin/../lib/gcc/arm-none-eabi/10.3.1/thumb/v7e-m+dp/hard\libgcc.a
LOAD c:/st/stm32cubeide_1.10.1/stm32cubeide/plugins/com.st.stm32cube.ide.mcu.externaltools.gnu-tools-for-stm32.10.3-2021.10.win32_1.0.0.202111181127/tools/bin/../lib/gcc/arm-none-eabi/10.3.1/../../../../arm-none-eabi/lib/thumb/v7e-m+dp/hard\libc_nano.a
END GROUP
START GROUP
LOAD c:/st/stm32cubeide_1.10.1/stm32cubeide/plugins/com.st.stm32cube.ide.mcu.externaltools.gnu-tools-for-stm32.10.3-2021.10.win32_1.0.0.202111181127/tools/bin/../lib/gcc/arm-none-eabi/10.3.1/thumb/v7e-m+dp/hard\libgcc.a
LOAD c:/st/stm32cubeide_1.10.1/stm32cubeide/plugins/com.st.stm32cube.ide.mcu.externaltools.gnu-tools-for-stm32.10.3-2021.10.win32_1.0.0.202111181127/tools/bin/../lib/gcc/arm-none-eabi/10.3.1/../../../../arm-none-eabi/lib/thumb/v7e-m+dp/hard\libc_nano.a
LOAD c:/st/stm32cubeide_1.10.1/stm32cubeide/plugins/com.st.stm32cube.ide.mcu.externaltools.gnu-tools-for-stm32.10.3-2021.10.win32_1.0.0.202111181127/tools/bin/../lib/gcc/arm-none-eabi/10.3.1/../../../../arm-none-eabi/lib/thumb/v7e-m+dp/hard\libnosys.a
END GROUP
START GROUP
LOAD c:/st/stm32cubeide_1.10.1/stm32cubeide/plugins/com.st.stm32cube.ide.mcu.externaltools.gnu-tools-for-stm32.10.3-2021.10.win32_1.0.0.202111181127/tools/bin/../lib/gcc/arm-none-eabi/10.3.1/thumb/v7e-m+dp/hard\libgcc.a
LOAD c:/st/stm32cubeide_1.10.1/stm32cubeide/plugins/com.st.stm32cube.ide.mcu.externaltools.gnu-tools-for-stm32.10.3-2021.10.win32_1.0.0.202111181127/tools/bin/../lib/gcc/arm-none-eabi/10.3.1/../../../../arm-none-eabi/lib/thumb/v7e-m+dp/hard\libc_nano.a
LOAD c:/st/stm32cubeide_1.10.1/stm32cubeide/plugins/com.st.stm32cube.ide.mcu.externaltools.gnu-tools-for-stm32.10.3-2021.10.win32_1.0.0.202111181127/tools/bin/../lib/gcc/arm-none-eabi/10.3.1/../../../../arm-none-eabi/lib/thumb/v7e-m+dp/hard\libnosys.a
END GROUP
LOAD c:/st/stm32cubeide_1.10.1/stm32cubeide/plugins/com.st.stm32cube.ide.mcu.externaltools.gnu-tools-for-stm32.10.3-2021.10.win32_1.0.0.202111181127/tools/bin/../lib/gcc/arm-none-eabi/10.3.1/thumb/v7e-m+dp/hard/crtend.o
LOAD c:/st/stm32cubeide_1.10.1/stm32cubeide/plugins/com.st.stm32cube.ide.mcu.externaltools.gnu-tools-for-stm32.10.3-2021.10.win32_1.0.0.202111181127/tools/bin/../lib/gcc/arm-none-eabi/10.3.1/thumb/v7e-m+dp/hard/crtn.o
                0x0000000020080000                _estack = (ORIGIN (RAM) + LENGTH (RAM))
                0x0000000000000200                _Min_Heap_Size = 0x200
                0x0000000000000400                _Min_Stack_Size = 0x400

.isr_vector     0x0000000008000000      0x1f8
                0x0000000008000000                . = ALIGN (0x4)
 *(.isr_vector)
 .isr_vector    0x0000000008000000      0x1f8 ./Core/Startup/startup_stm32f767zitx.o
                0x0000000008000000                g_pfnVectors
                0x00000000080001f8                . = ALIGN (0x4)

.text           0x0000000008000200     0x6bb8
                0x0000000008000200                . = ALIGN (0x4)
 *(.text)
 .text          0x0000000008000200       0x40 c:/st/stm32cubeide_1.10.1/stm32cubeide/plugins/com.st.stm32cube.ide.mcu.externaltools.gnu-tools-for-stm32.10.3-2021.10.win32_1.0.0.202111181127/tools/bin/../lib/gcc/arm-none-eabi/10.3.1/thumb/v7e-m+dp/hard/crtbegin.o
 .text          0x0000000008000240       0xa0 c:/st/stm32cubeide_1.10.1/stm32cubeide/plugins/com.st.stm32cube.ide.mcu.externaltools.gnu-tools-for-stm32.10.3-2021.10.win32_1.0.0.202111181127/tools/bin/../lib/gcc/arm-none-eabi/10.3.1/../../../../arm-none-eabi/lib/thumb/v7e-m+dp/hard\libc_nano.a(lib_a-memchr.o)
                0x0000000008000240                memchr
 .text          0x00000000080002e0       0x30 c:/st/stm32cubeide_1.10.1/stm32cubeide/plugins/com.st.stm32cube.ide.mcu.externaltools.gnu-tools-for-stm32.10.3-2021.10.win32_1.0.0.202111181127/tools/bin/../lib/gcc/arm-none-eabi/10.3.1/thumb/v7e-m+dp/hard\libgcc.a(_aeabi_uldivmod.o)
                0x00000000080002e0                __aeabi_uldivmod
 .text          0x0000000008000310      0x2d0 c:/st/stm32cubeide_1.10.1/stm32cubeide/plugins/com.st.stm32cube.ide.mcu.externaltools.gnu-tools-for-stm32.10.3-2021.10.win32_1.0.0.202111181127/tools/bin/../lib/gcc/arm-none-eabi/10.3.1/thumb/v7e-m+dp/hard\libgcc.a(_udivmoddi4.o)
                0x0000000008000310                __udivmoddi4
 .text          0x00000000080005e0        0x4 c:/st/stm32cubeide_1.10.1/stm32cubeide/plugins/com.st.stm32cube.ide.mcu.externaltools.gnu-tools-for-stm32.10.3-2021.10.win32_1.0.0.202111181127/tools/bin/../lib/gcc/arm-none-eabi/10.3.1/thumb/v7e-m+dp/hard\libgcc.a(_dvmd_tls.o)
                0x00000000080005e0                __aeabi_idiv0
                0x00000000080005e0                __aeabi_ldiv0
 *(.text*)
 .text.AppCan_Init
                0x00000000080005e4       0x14 ./Core/Lib/app_can.o
                0x00000000080005e4                AppCan_Init
 .text.AppCan_Task
                0x00000000080005f8       0xe4 ./Core/Lib/app_can.o
                0x00000000080005f8                AppCan_Task
 .text.AppCan_TxFrame
                0x00000000080006dc       0x50 ./Core/Lib/app_can.o
                0x00000000080006dc                AppCan_TxFrame
 .text.AppCan_AddToScheaduler
                0x000000000800072c       0x90 ./Core/Lib/app_can.o
                0x000000000800072c                AppCan_AddToScheaduler
 .text.AppUart_Init
                0x00000000080007bc       0x40 ./Core/Lib/app_uart.o
                0x00000000080007bc                AppUart_Init
 .text.AppUart_ProcessInput
                0x00000000080007fc       0xc4 ./Core/Lib/app_uart.o
                0x00000000080007fc                AppUart_ProcessInput
 .text.AppUart_SendInfo
                0x00000000080008c0      0x144 ./Core/Lib/app_uart.o
                0x00000000080008c0                AppUart_SendInfo
 .text.AppUart_DecodeInputHex
                0x0000000008000a04       0x60 ./Core/Lib/app_uart.o
                0x0000000008000a04                AppUart_DecodeInputHex
 .text.AppUart_ConvertToHex
                0x0000000008000a64       0x56 ./Core/Lib/app_uart.o
 *fill*         0x0000000008000aba        0x2 
 .text.AppUart_DecodeInputDec
                0x0000000008000abc       0x5c ./Core/Lib/app_uart.o
                0x0000000008000abc                AppUart_DecodeInputDec
 .text.AppUart_ProcessMode
                0x0000000008000b18       0x64 ./Core/Lib/app_uart.o
                0x0000000008000b18                AppUart_ProcessMode
 .text.AppUart_ProcessId
                0x0000000008000b7c       0x54 ./Core/Lib/app_uart.o
                0x0000000008000b7c                AppUart_ProcessId
 .text.AppUart_ProcessDlc
                0x0000000008000bd0       0x84 ./Core/Lib/app_uart.o
                0x0000000008000bd0                AppUart_ProcessDlc
 .text.AppUart_ProcessData
                0x0000000008000c54       0x8c ./Core/Lib/app_uart.o
                0x0000000008000c54                AppUart_ProcessData
 .text.AppUart_ProcessPeriod
                0x0000000008000ce0       0x54 ./Core/Lib/app_uart.o
                0x0000000008000ce0                AppUart_ProcessPeriod
 .text.AppUart_ProcessSummary
                0x0000000008000d34       0x64 ./Core/Lib/app_uart.o
                0x0000000008000d34                AppUart_ProcessSummary
 .text.AppUart_ProcessError
                0x0000000008000d98       0x24 ./Core/Lib/app_uart.o
                0x0000000008000d98                AppUart_ProcessError
 .text.MX_CAN1_Init
                0x0000000008000dbc       0x6c ./Core/Src/can.o
                0x0000000008000dbc                MX_CAN1_Init
 .text.HAL_CAN_MspInit
                0x0000000008000e28       0x88 ./Core/Src/can.o
                0x0000000008000e28                HAL_CAN_MspInit
 .text.MX_ETH_Init
                0x0000000008000eb0       0x9c ./Core/Src/eth.o
                0x0000000008000eb0                MX_ETH_Init
 .text.HAL_ETH_MspInit
                0x0000000008000f4c      0x170 ./Core/Src/eth.o
                0x0000000008000f4c                HAL_ETH_MspInit
 .text.MX_GPIO_Init
                0x00000000080010bc      0x184 ./Core/Src/gpio.o
                0x00000000080010bc                MX_GPIO_Init
 .text.main     0x0000000008001240       0x38 ./Core/Src/main.o
                0x0000000008001240                main
 .text.SystemClock_Config
                0x0000000008001278       0xe4 ./Core/Src/main.o
                0x0000000008001278                SystemClock_Config
 .text.HAL_TIM_PeriodElapsedCallback
                0x000000000800135c       0x24 ./Core/Src/main.o
                0x000000000800135c                HAL_TIM_PeriodElapsedCallback
 .text.HAL_UART_RxCpltCallback
                0x0000000008001380       0x24 ./Core/Src/main.o
                0x0000000008001380                HAL_UART_RxCpltCallback
 .text.Error_Handler
                0x00000000080013a4        0xa ./Core/Src/main.o
                0x00000000080013a4                Error_Handler
 *fill*         0x00000000080013ae        0x2 
 .text.HAL_MspInit
                0x00000000080013b0       0x48 ./Core/Src/stm32f7xx_hal_msp.o
                0x00000000080013b0                HAL_MspInit
 .text.NMI_Handler
                0x00000000080013f8        0x6 ./Core/Src/stm32f7xx_it.o
                0x00000000080013f8                NMI_Handler
 .text.HardFault_Handler
                0x00000000080013fe        0x6 ./Core/Src/stm32f7xx_it.o
                0x00000000080013fe                HardFault_Handler
 .text.MemManage_Handler
                0x0000000008001404        0x6 ./Core/Src/stm32f7xx_it.o
                0x0000000008001404                MemManage_Handler
 .text.BusFault_Handler
                0x000000000800140a        0x6 ./Core/Src/stm32f7xx_it.o
                0x000000000800140a                BusFault_Handler
 .text.UsageFault_Handler
                0x0000000008001410        0x6 ./Core/Src/stm32f7xx_it.o
                0x0000000008001410                UsageFault_Handler
 .text.SVC_Handler
                0x0000000008001416        0xe ./Core/Src/stm32f7xx_it.o
                0x0000000008001416                SVC_Handler
 .text.DebugMon_Handler
                0x0000000008001424        0xe ./Core/Src/stm32f7xx_it.o
                0x0000000008001424                DebugMon_Handler
 .text.PendSV_Handler
                0x0000000008001432        0xe ./Core/Src/stm32f7xx_it.o
                0x0000000008001432                PendSV_Handler
 .text.SysTick_Handler
                0x0000000008001440        0xc ./Core/Src/stm32f7xx_it.o
                0x0000000008001440                SysTick_Handler
 .text.USART3_IRQHandler
                0x000000000800144c       0x14 ./Core/Src/stm32f7xx_it.o
                0x000000000800144c                USART3_IRQHandler
 .text.TIM6_DAC_IRQHandler
                0x0000000008001460       0x14 ./Core/Src/stm32f7xx_it.o
                0x0000000008001460                TIM6_DAC_IRQHandler
 .text._sbrk    0x0000000008001474       0x6c ./Core/Src/sysmem.o
                0x0000000008001474                _sbrk
 .text.SystemInit
                0x00000000080014e0       0x24 ./Core/Src/system_stm32f7xx.o
                0x00000000080014e0                SystemInit
 .text.MX_TIM6_Init
                0x0000000008001504       0x6c ./Core/Src/tim.o
                0x0000000008001504                MX_TIM6_Init
 .text.HAL_TIM_Base_MspInit
                0x0000000008001570       0x4c ./Core/Src/tim.o
                0x0000000008001570                HAL_TIM_Base_MspInit
 .text.MX_USART3_UART_Init
                0x00000000080015bc       0x60 ./Core/Src/usart.o
                0x00000000080015bc                MX_USART3_UART_Init
 .text.HAL_UART_MspInit
                0x000000000800161c       0xd0 ./Core/Src/usart.o
                0x000000000800161c                HAL_UART_MspInit
 .text.MX_USB_OTG_FS_PCD_Init
                0x00000000080016ec       0x5c ./Core/Src/usb_otg.o
                0x00000000080016ec                MX_USB_OTG_FS_PCD_Init
 .text.HAL_PCD_MspInit
                0x0000000008001748       0xf4 ./Core/Src/usb_otg.o
                0x0000000008001748                HAL_PCD_MspInit
 .text.Reset_Handler
                0x000000000800183c       0x50 ./Core/Startup/startup_stm32f767zitx.o
                0x000000000800183c                Reset_Handler
 .text.Default_Handler
                0x000000000800188c        0x2 ./Core/Startup/startup_stm32f767zitx.o
                0x000000000800188c                RTC_Alarm_IRQHandler
                0x000000000800188c                EXTI2_IRQHandler
                0x000000000800188c                TIM8_CC_IRQHandler
                0x000000000800188c                UART8_IRQHandler
                0x000000000800188c                SPI4_IRQHandler
                0x000000000800188c                TIM1_CC_IRQHandler
                0x000000000800188c                DMA2_Stream5_IRQHandler
                0x000000000800188c                JPEG_IRQHandler
                0x000000000800188c                DMA1_Stream5_IRQHandler
                0x000000000800188c                CAN3_RX1_IRQHandler
                0x000000000800188c                PVD_IRQHandler
                0x000000000800188c                TAMP_STAMP_IRQHandler
                0x000000000800188c                CAN2_RX1_IRQHandler
                0x000000000800188c                EXTI3_IRQHandler
                0x000000000800188c                TIM8_TRG_COM_TIM14_IRQHandler
                0x000000000800188c                DFSDM1_FLT1_IRQHandler
                0x000000000800188c                TIM1_UP_TIM10_IRQHandler
                0x000000000800188c                TIM8_UP_TIM13_IRQHandler
                0x000000000800188c                I2C3_ER_IRQHandler
                0x000000000800188c                DFSDM1_FLT2_IRQHandler
                0x000000000800188c                EXTI0_IRQHandler
                0x000000000800188c                I2C2_EV_IRQHandler
                0x000000000800188c                DMA1_Stream2_IRQHandler
                0x000000000800188c                CAN1_RX0_IRQHandler
                0x000000000800188c                FPU_IRQHandler
                0x000000000800188c                OTG_HS_WKUP_IRQHandler
                0x000000000800188c                CAN3_SCE_IRQHandler
                0x000000000800188c                LTDC_ER_IRQHandler
                0x000000000800188c                CAN2_SCE_IRQHandler
                0x000000000800188c                DMA2_Stream2_IRQHandler
                0x000000000800188c                SPI1_IRQHandler
                0x000000000800188c                TIM1_BRK_TIM9_IRQHandler
                0x000000000800188c                DCMI_IRQHandler
                0x000000000800188c                CAN2_RX0_IRQHandler
                0x000000000800188c                DMA2_Stream3_IRQHandler
                0x000000000800188c                SAI2_IRQHandler
                0x000000000800188c                DFSDM1_FLT3_IRQHandler
                0x000000000800188c                USART6_IRQHandler
                0x000000000800188c                CAN3_RX0_IRQHandler
                0x000000000800188c                CAN1_RX1_IRQHandler
                0x000000000800188c                UART5_IRQHandler
                0x000000000800188c                DMA2_Stream0_IRQHandler
                0x000000000800188c                TIM4_IRQHandler
                0x000000000800188c                QUADSPI_IRQHandler
                0x000000000800188c                I2C1_EV_IRQHandler
                0x000000000800188c                DMA1_Stream6_IRQHandler
                0x000000000800188c                DMA1_Stream1_IRQHandler
                0x000000000800188c                UART4_IRQHandler
                0x000000000800188c                TIM3_IRQHandler
                0x000000000800188c                RCC_IRQHandler
                0x000000000800188c                TIM8_BRK_TIM12_IRQHandler
                0x000000000800188c                Default_Handler
                0x000000000800188c                CEC_IRQHandler
                0x000000000800188c                EXTI15_10_IRQHandler
                0x000000000800188c                ADC_IRQHandler
                0x000000000800188c                DMA1_Stream7_IRQHandler
                0x000000000800188c                SPI5_IRQHandler
                0x000000000800188c                TIM7_IRQHandler
                0x000000000800188c                SDMMC1_IRQHandler
                0x000000000800188c                CAN2_TX_IRQHandler
                0x000000000800188c                TIM5_IRQHandler
                0x000000000800188c                DMA2_Stream7_IRQHandler
                0x000000000800188c                I2C3_EV_IRQHandler
                0x000000000800188c                EXTI9_5_IRQHandler
                0x000000000800188c                RTC_WKUP_IRQHandler
                0x000000000800188c                LTDC_IRQHandler
                0x000000000800188c                ETH_WKUP_IRQHandler
                0x000000000800188c                SPDIF_RX_IRQHandler
                0x000000000800188c                SPI2_IRQHandler
                0x000000000800188c                OTG_HS_EP1_IN_IRQHandler
                0x000000000800188c                DMA1_Stream0_IRQHandler
                0x000000000800188c                CAN1_TX_IRQHandler
                0x000000000800188c                EXTI4_IRQHandler
                0x000000000800188c                RNG_IRQHandler
                0x000000000800188c                ETH_IRQHandler
                0x000000000800188c                OTG_HS_EP1_OUT_IRQHandler
                0x000000000800188c                WWDG_IRQHandler
                0x000000000800188c                SPI6_IRQHandler
                0x000000000800188c                MDIOS_IRQHandler
                0x000000000800188c                I2C4_EV_IRQHandler
                0x000000000800188c                CAN3_TX_IRQHandler
                0x000000000800188c                TIM2_IRQHandler
                0x000000000800188c                OTG_FS_WKUP_IRQHandler
                0x000000000800188c                TIM1_TRG_COM_TIM11_IRQHandler
                0x000000000800188c                OTG_HS_IRQHandler
                0x000000000800188c                DMA2D_IRQHandler
                0x000000000800188c                EXTI1_IRQHandler
                0x000000000800188c                SDMMC2_IRQHandler
                0x000000000800188c                UART7_IRQHandler
                0x000000000800188c                USART2_IRQHandler
                0x000000000800188c                DFSDM1_FLT0_IRQHandler
                0x000000000800188c                I2C2_ER_IRQHandler
                0x000000000800188c                DMA2_Stream1_IRQHandler
                0x000000000800188c                CAN1_SCE_IRQHandler
                0x000000000800188c                FLASH_IRQHandler
                0x000000000800188c                DMA2_Stream4_IRQHandler
                0x000000000800188c                USART1_IRQHandler
                0x000000000800188c                OTG_FS_IRQHandler
                0x000000000800188c                SPI3_IRQHandler
                0x000000000800188c                DMA1_Stream4_IRQHandler
                0x000000000800188c                I2C1_ER_IRQHandler
                0x000000000800188c                FMC_IRQHandler
                0x000000000800188c                LPTIM1_IRQHandler
                0x000000000800188c                I2C4_ER_IRQHandler
                0x000000000800188c                DMA2_Stream6_IRQHandler
                0x000000000800188c                SAI1_IRQHandler
                0x000000000800188c                DMA1_Stream3_IRQHandler
 .text.HAL_Init
                0x000000000800188e       0x1a ./Drivers/STM32F7xx_HAL_Driver/Src/stm32f7xx_hal.o
                0x000000000800188e                HAL_Init
 .text.HAL_InitTick
                0x00000000080018a8       0x60 ./Drivers/STM32F7xx_HAL_Driver/Src/stm32f7xx_hal.o
                0x00000000080018a8                HAL_InitTick
 .text.HAL_IncTick
                0x0000000008001908       0x28 ./Drivers/STM32F7xx_HAL_Driver/Src/stm32f7xx_hal.o
                0x0000000008001908                HAL_IncTick
 .text.HAL_GetTick
                0x0000000008001930       0x18 ./Drivers/STM32F7xx_HAL_Driver/Src/stm32f7xx_hal.o
                0x0000000008001930                HAL_GetTick
 .text.HAL_Delay
                0x0000000008001948       0x48 ./Drivers/STM32F7xx_HAL_Driver/Src/stm32f7xx_hal.o
                0x0000000008001948                HAL_Delay
 .text.HAL_CAN_Init
                0x0000000008001990      0x1f6 ./Drivers/STM32F7xx_HAL_Driver/Src/stm32f7xx_hal_can.o
                0x0000000008001990                HAL_CAN_Init
 .text.HAL_CAN_Start
                0x0000000008001b86       0x88 ./Drivers/STM32F7xx_HAL_Driver/Src/stm32f7xx_hal_can.o
                0x0000000008001b86                HAL_CAN_Start
 .text.HAL_CAN_AddTxMessage
                0x0000000008001c0e      0x1a0 ./Drivers/STM32F7xx_HAL_Driver/Src/stm32f7xx_hal_can.o
                0x0000000008001c0e                HAL_CAN_AddTxMessage
 .text.HAL_CAN_IsTxMessagePending
                0x0000000008001dae       0x48 ./Drivers/STM32F7xx_HAL_Driver/Src/stm32f7xx_hal_can.o
                0x0000000008001dae                HAL_CAN_IsTxMessagePending
 *fill*         0x0000000008001df6        0x2 
 .text.__NVIC_SetPriorityGrouping
                0x0000000008001df8       0x48 ./Drivers/STM32F7xx_HAL_Driver/Src/stm32f7xx_hal_cortex.o
 .text.__NVIC_GetPriorityGrouping
                0x0000000008001e40       0x1c ./Drivers/STM32F7xx_HAL_Driver/Src/stm32f7xx_hal_cortex.o
 .text.__NVIC_EnableIRQ
                0x0000000008001e5c       0x3c ./Drivers/STM32F7xx_HAL_Driver/Src/stm32f7xx_hal_cortex.o
 .text.__NVIC_SetPriority
                0x0000000008001e98       0x54 ./Drivers/STM32F7xx_HAL_Driver/Src/stm32f7xx_hal_cortex.o
 .text.NVIC_EncodePriority
                0x0000000008001eec       0x66 ./Drivers/STM32F7xx_HAL_Driver/Src/stm32f7xx_hal_cortex.o
 *fill*         0x0000000008001f52        0x2 
 .text.SysTick_Config
                0x0000000008001f54       0x44 ./Drivers/STM32F7xx_HAL_Driver/Src/stm32f7xx_hal_cortex.o
 .text.HAL_NVIC_SetPriorityGrouping
                0x0000000008001f98       0x16 ./Drivers/STM32F7xx_HAL_Driver/Src/stm32f7xx_hal_cortex.o
                0x0000000008001f98                HAL_NVIC_SetPriorityGrouping
 .text.HAL_NVIC_SetPriority
                0x0000000008001fae       0x38 ./Drivers/STM32F7xx_HAL_Driver/Src/stm32f7xx_hal_cortex.o
                0x0000000008001fae                HAL_NVIC_SetPriority
 .text.HAL_NVIC_EnableIRQ
                0x0000000008001fe6       0x1c ./Drivers/STM32F7xx_HAL_Driver/Src/stm32f7xx_hal_cortex.o
                0x0000000008001fe6                HAL_NVIC_EnableIRQ
 .text.HAL_SYSTICK_Config
                0x0000000008002002       0x18 ./Drivers/STM32F7xx_HAL_Driver/Src/stm32f7xx_hal_cortex.o
                0x0000000008002002                HAL_SYSTICK_Config
 .text.HAL_DMA_Abort
                0x000000000800201a       0xe0 ./Drivers/STM32F7xx_HAL_Driver/Src/stm32f7xx_hal_dma.o
                0x000000000800201a                HAL_DMA_Abort
 .text.HAL_DMA_Abort_IT
                0x00000000080020fa       0x44 ./Drivers/STM32F7xx_HAL_Driver/Src/stm32f7xx_hal_dma.o
                0x00000000080020fa                HAL_DMA_Abort_IT
 *fill*         0x000000000800213e        0x2 
 .text.HAL_ETH_Init
                0x0000000008002140       0xf8 ./Drivers/STM32F7xx_HAL_Driver/Src/stm32f7xx_hal_eth.o
                0x0000000008002140                HAL_ETH_Init
 .text.ETH_SetMACConfig
                0x0000000008002238      0x160 ./Drivers/STM32F7xx_HAL_Driver/Src/stm32f7xx_hal_eth.o
 .text.ETH_SetDMAConfig
                0x0000000008002398      0x114 ./Drivers/STM32F7xx_HAL_Driver/Src/stm32f7xx_hal_eth.o
 .text.ETH_MACDMAConfig
                0x00000000080024ac       0xe4 ./Drivers/STM32F7xx_HAL_Driver/Src/stm32f7xx_hal_eth.o
 .text.ETH_MACAddressConfig
                0x0000000008002590       0x70 ./Drivers/STM32F7xx_HAL_Driver/Src/stm32f7xx_hal_eth.o
 .text.ETH_DMATxDescListInit
                0x0000000008002600       0xb2 ./Drivers/STM32F7xx_HAL_Driver/Src/stm32f7xx_hal_eth.o
 .text.ETH_DMARxDescListInit
                0x00000000080026b2       0xda ./Drivers/STM32F7xx_HAL_Driver/Src/stm32f7xx_hal_eth.o
 .text.HAL_GPIO_Init
                0x000000000800278c      0x358 ./Drivers/STM32F7xx_HAL_Driver/Src/stm32f7xx_hal_gpio.o
                0x000000000800278c                HAL_GPIO_Init
 .text.HAL_GPIO_WritePin
                0x0000000008002ae4       0x32 ./Drivers/STM32F7xx_HAL_Driver/Src/stm32f7xx_hal_gpio.o
                0x0000000008002ae4                HAL_GPIO_WritePin
 .text.HAL_PCD_Init
                0x0000000008002b16      0x248 ./Drivers/STM32F7xx_HAL_Driver/Src/stm32f7xx_hal_pcd.o
                0x0000000008002b16                HAL_PCD_Init
 *fill*         0x0000000008002d5e        0x2 
 .text.HAL_PCDEx_ActivateLPM
                0x0000000008002d60       0x48 ./Drivers/STM32F7xx_HAL_Driver/Src/stm32f7xx_hal_pcd_ex.o
                0x0000000008002d60                HAL_PCDEx_ActivateLPM
 .text.HAL_PWR_EnableBkUpAccess
                0x0000000008002da8       0x20 ./Drivers/STM32F7xx_HAL_Driver/Src/stm32f7xx_hal_pwr.o
                0x0000000008002da8                HAL_PWR_EnableBkUpAccess
 .text.HAL_PWREx_EnableOverDrive
                0x0000000008002dc8       0xa0 ./Drivers/STM32F7xx_HAL_Driver/Src/stm32f7xx_hal_pwr_ex.o
                0x0000000008002dc8                HAL_PWREx_EnableOverDrive
 .text.HAL_RCC_OscConfig
                0x0000000008002e68      0x55c ./Drivers/STM32F7xx_HAL_Driver/Src/stm32f7xx_hal_rcc.o
                0x0000000008002e68                HAL_RCC_OscConfig
 .text.HAL_RCC_ClockConfig
                0x00000000080033c4      0x1d8 ./Drivers/STM32F7xx_HAL_Driver/Src/stm32f7xx_hal_rcc.o
                0x00000000080033c4                HAL_RCC_ClockConfig
 .text.HAL_RCC_GetSysClockFreq
                0x000000000800359c      0x20c ./Drivers/STM32F7xx_HAL_Driver/Src/stm32f7xx_hal_rcc.o
                0x000000000800359c                HAL_RCC_GetSysClockFreq
 .text.HAL_RCC_GetHCLKFreq
                0x00000000080037a8       0x18 ./Drivers/STM32F7xx_HAL_Driver/Src/stm32f7xx_hal_rcc.o
                0x00000000080037a8                HAL_RCC_GetHCLKFreq
 .text.HAL_RCC_GetPCLK1Freq
                0x00000000080037c0       0x28 ./Drivers/STM32F7xx_HAL_Driver/Src/stm32f7xx_hal_rcc.o
                0x00000000080037c0                HAL_RCC_GetPCLK1Freq
 .text.HAL_RCC_GetPCLK2Freq
                0x00000000080037e8       0x28 ./Drivers/STM32F7xx_HAL_Driver/Src/stm32f7xx_hal_rcc.o
                0x00000000080037e8                HAL_RCC_GetPCLK2Freq
 .text.HAL_RCCEx_PeriphCLKConfig
                0x0000000008003810      0x850 ./Drivers/STM32F7xx_HAL_Driver/Src/stm32f7xx_hal_rcc_ex.o
                0x0000000008003810                HAL_RCCEx_PeriphCLKConfig
 .text.HAL_TIM_Base_Init
                0x0000000008004060       0xae ./Drivers/STM32F7xx_HAL_Driver/Src/stm32f7xx_hal_tim.o
                0x0000000008004060                HAL_TIM_Base_Init
 *fill*         0x000000000800410e        0x2 
 .text.HAL_TIM_Base_Start_IT
                0x0000000008004110       0xf0 ./Drivers/STM32F7xx_HAL_Driver/Src/stm32f7xx_hal_tim.o
                0x0000000008004110                HAL_TIM_Base_Start_IT
 .text.HAL_TIM_IRQHandler
                0x0000000008004200      0x23e ./Drivers/STM32F7xx_HAL_Driver/Src/stm32f7xx_hal_tim.o
                0x0000000008004200                HAL_TIM_IRQHandler
 .text.HAL_TIM_OC_DelayElapsedCallback
                0x000000000800443e       0x14 ./Drivers/STM32F7xx_HAL_Driver/Src/stm32f7xx_hal_tim.o
                0x000000000800443e                HAL_TIM_OC_DelayElapsedCallback
 .text.HAL_TIM_IC_CaptureCallback
                0x0000000008004452       0x14 ./Drivers/STM32F7xx_HAL_Driver/Src/stm32f7xx_hal_tim.o
                0x0000000008004452                HAL_TIM_IC_CaptureCallback
 .text.HAL_TIM_PWM_PulseFinishedCallback
                0x0000000008004466       0x14 ./Drivers/STM32F7xx_HAL_Driver/Src/stm32f7xx_hal_tim.o
                0x0000000008004466                HAL_TIM_PWM_PulseFinishedCallback
 .text.HAL_TIM_TriggerCallback
                0x000000000800447a       0x14 ./Drivers/STM32F7xx_HAL_Driver/Src/stm32f7xx_hal_tim.o
                0x000000000800447a                HAL_TIM_TriggerCallback
 *fill*         0x000000000800448e        0x2 
 .text.TIM_Base_SetConfig
                0x0000000008004490      0x140 ./Drivers/STM32F7xx_HAL_Driver/Src/stm32f7xx_hal_tim.o
                0x0000000008004490                TIM_Base_SetConfig
 .text.HAL_TIMEx_MasterConfigSynchronization
                0x00000000080045d0      0x11c ./Drivers/STM32F7xx_HAL_Driver/Src/stm32f7xx_hal_tim_ex.o
                0x00000000080045d0                HAL_TIMEx_MasterConfigSynchronization
 .text.HAL_TIMEx_CommutCallback
                0x00000000080046ec       0x14 ./Drivers/STM32F7xx_HAL_Driver/Src/stm32f7xx_hal_tim_ex.o
                0x00000000080046ec                HAL_TIMEx_CommutCallback
 .text.HAL_TIMEx_BreakCallback
                0x0000000008004700       0x14 ./Drivers/STM32F7xx_HAL_Driver/Src/stm32f7xx_hal_tim_ex.o
                0x0000000008004700                HAL_TIMEx_BreakCallback
 .text.HAL_TIMEx_Break2Callback
                0x0000000008004714       0x14 ./Drivers/STM32F7xx_HAL_Driver/Src/stm32f7xx_hal_tim_ex.o
                0x0000000008004714                HAL_TIMEx_Break2Callback
 .text.HAL_UART_Init
                0x0000000008004728       0x9c ./Drivers/STM32F7xx_HAL_Driver/Src/stm32f7xx_hal_uart.o
                0x0000000008004728                HAL_UART_Init
 .text.HAL_UART_Transmit_IT
                0x00000000080047c4       0xbc ./Drivers/STM32F7xx_HAL_Driver/Src/stm32f7xx_hal_uart.o
                0x00000000080047c4                HAL_UART_Transmit_IT
 .text.HAL_UART_Receive_IT
                0x0000000008004880       0x88 ./Drivers/STM32F7xx_HAL_Driver/Src/stm32f7xx_hal_uart.o
                0x0000000008004880                HAL_UART_Receive_IT
 .text.HAL_UART_IRQHandler
                0x0000000008004908      0x5d0 ./Drivers/STM32F7xx_HAL_Driver/Src/stm32f7xx_hal_uart.o
                0x0000000008004908                HAL_UART_IRQHandler
 .text.HAL_UART_TxCpltCallback
                0x0000000008004ed8       0x14 ./Drivers/STM32F7xx_HAL_Driver/Src/stm32f7xx_hal_uart.o
                0x0000000008004ed8                HAL_UART_TxCpltCallback
 .text.HAL_UART_ErrorCallback
                0x0000000008004eec       0x14 ./Drivers/STM32F7xx_HAL_Driver/Src/stm32f7xx_hal_uart.o
                0x0000000008004eec                HAL_UART_ErrorCallback
 .text.HAL_UARTEx_RxEventCallback
                0x0000000008004f00       0x18 ./Drivers/STM32F7xx_HAL_Driver/Src/stm32f7xx_hal_uart.o
                0x0000000008004f00                HAL_UARTEx_RxEventCallback
 .text.HAL_UARTEx_WakeupCallback
                0x0000000008004f18       0x14 ./Drivers/STM32F7xx_HAL_Driver/Src/stm32f7xx_hal_uart.o
                0x0000000008004f18                HAL_UARTEx_WakeupCallback
 .text.UART_SetConfig
                0x0000000008004f2c      0x4c8 ./Drivers/STM32F7xx_HAL_Driver/Src/stm32f7xx_hal_uart.o
                0x0000000008004f2c                UART_SetConfig
 .text.UART_AdvFeatureConfig
                0x00000000080053f4      0x144 ./Drivers/STM32F7xx_HAL_Driver/Src/stm32f7xx_hal_uart.o
                0x00000000080053f4                UART_AdvFeatureConfig
 .text.UART_CheckIdleState
                0x0000000008005538       0x9a ./Drivers/STM32F7xx_HAL_Driver/Src/stm32f7xx_hal_uart.o
                0x0000000008005538                UART_CheckIdleState
 .text.UART_WaitOnFlagUntilTimeout
                0x00000000080055d2      0x18c ./Drivers/STM32F7xx_HAL_Driver/Src/stm32f7xx_hal_uart.o
                0x00000000080055d2                UART_WaitOnFlagUntilTimeout
 *fill*         0x000000000800575e        0x2 
 .text.UART_Start_Receive_IT
                0x0000000008005760      0x18c ./Drivers/STM32F7xx_HAL_Driver/Src/stm32f7xx_hal_uart.o
                0x0000000008005760                UART_Start_Receive_IT
 .text.UART_EndRxTransfer
                0x00000000080058ec       0xc8 ./Drivers/STM32F7xx_HAL_Driver/Src/stm32f7xx_hal_uart.o
 .text.UART_DMAAbortOnError
                0x00000000080059b4       0x2c ./Drivers/STM32F7xx_HAL_Driver/Src/stm32f7xx_hal_uart.o
 .text.UART_TxISR_8BIT
                0x00000000080059e0       0xb6 ./Drivers/STM32F7xx_HAL_Driver/Src/stm32f7xx_hal_uart.o
 .text.UART_TxISR_16BIT
                0x0000000008005a96       0xc0 ./Drivers/STM32F7xx_HAL_Driver/Src/stm32f7xx_hal_uart.o
 .text.UART_EndTransmit_IT
                0x0000000008005b56       0x54 ./Drivers/STM32F7xx_HAL_Driver/Src/stm32f7xx_hal_uart.o
 .text.UART_RxISR_8BIT
                0x0000000008005baa      0x166 ./Drivers/STM32F7xx_HAL_Driver/Src/stm32f7xx_hal_uart.o
 .text.UART_RxISR_16BIT
                0x0000000008005d10      0x166 ./Drivers/STM32F7xx_HAL_Driver/Src/stm32f7xx_hal_uart.o
 *fill*         0x0000000008005e76        0x2 
 .text.USB_CoreInit
                0x0000000008005e78       0xb0 ./Drivers/STM32F7xx_HAL_Driver/Src/stm32f7xx_ll_usb.o
                0x0000000008005e78                USB_CoreInit
 .text.USB_DisableGlobalInt
                0x0000000008005f28       0x22 ./Drivers/STM32F7xx_HAL_Driver/Src/stm32f7xx_ll_usb.o
                0x0000000008005f28                USB_DisableGlobalInt
 .text.USB_SetCurrentMode
                0x0000000008005f4a       0x98 ./Drivers/STM32F7xx_HAL_Driver/Src/stm32f7xx_ll_usb.o
                0x0000000008005f4a                USB_SetCurrentMode
 *fill*         0x0000000008005fe2        0x2 
 .text.USB_DevInit
                0x0000000008005fe4      0x2bc ./Drivers/STM32F7xx_HAL_Driver/Src/stm32f7xx_ll_usb.o
                0x0000000008005fe4                USB_DevInit
 .text.USB_FlushTxFifo
                0x00000000080062a0       0x68 ./Drivers/STM32F7xx_HAL_Driver/Src/stm32f7xx_ll_usb.o
                0x00000000080062a0                USB_FlushTxFifo
 .text.USB_FlushRxFifo
                0x0000000008006308       0x60 ./Drivers/STM32F7xx_HAL_Driver/Src/stm32f7xx_ll_usb.o
                0x0000000008006308                USB_FlushRxFifo
 .text.USB_SetDevSpeed
                0x0000000008006368       0x32 ./Drivers/STM32F7xx_HAL_Driver/Src/stm32f7xx_ll_usb.o
                0x0000000008006368                USB_SetDevSpeed
 .text.USB_DevDisconnect
                0x000000000800639a       0x42 ./Drivers/STM32F7xx_HAL_Driver/Src/stm32f7xx_ll_usb.o
                0x000000000800639a                USB_DevDisconnect
 .text.USB_GetMode
                0x00000000080063dc       0x1c ./Drivers/STM32F7xx_HAL_Driver/Src/stm32f7xx_ll_usb.o
                0x00000000080063dc                USB_GetMode
 .text.USB_CoreReset
                0x00000000080063f8       0x68 ./Drivers/STM32F7xx_HAL_Driver/Src/stm32f7xx_ll_usb.o
 .text.__errno  0x0000000008006460        0xc c:/st/stm32cubeide_1.10.1/stm32cubeide/plugins/com.st.stm32cube.ide.mcu.externaltools.gnu-tools-for-stm32.10.3-2021.10.win32_1.0.0.202111181127/tools/bin/../lib/gcc/arm-none-eabi/10.3.1/../../../../arm-none-eabi/lib/thumb/v7e-m+dp/hard\libc_nano.a(lib_a-errno.o)
                0x0000000008006460                __errno
 .text.__libc_init_array
                0x000000000800646c       0x48 c:/st/stm32cubeide_1.10.1/stm32cubeide/plugins/com.st.stm32cube.ide.mcu.externaltools.gnu-tools-for-stm32.10.3-2021.10.win32_1.0.0.202111181127/tools/bin/../lib/gcc/arm-none-eabi/10.3.1/../../../../arm-none-eabi/lib/thumb/v7e-m+dp/hard\libc_nano.a(lib_a-init.o)
                0x000000000800646c                __libc_init_array
 .text.memset   0x00000000080064b4       0x10 c:/st/stm32cubeide_1.10.1/stm32cubeide/plugins/com.st.stm32cube.ide.mcu.externaltools.gnu-tools-for-stm32.10.3-2021.10.win32_1.0.0.202111181127/tools/bin/../lib/gcc/arm-none-eabi/10.3.1/../../../../arm-none-eabi/lib/thumb/v7e-m+dp/hard\libc_nano.a(lib_a-memset.o)
                0x00000000080064b4                memset
 .text.sprintf  0x00000000080064c4       0x40 c:/st/stm32cubeide_1.10.1/stm32cubeide/plugins/com.st.stm32cube.ide.mcu.externaltools.gnu-tools-for-stm32.10.3-2021.10.win32_1.0.0.202111181127/tools/bin/../lib/gcc/arm-none-eabi/10.3.1/../../../../arm-none-eabi/lib/thumb/v7e-m+dp/hard\libc_nano.a(lib_a-sprintf.o)
                0x00000000080064c4                siprintf
                0x00000000080064c4                sprintf
 .text.__ssputs_r
                0x0000000008006504       0xb6 c:/st/stm32cubeide_1.10.1/stm32cubeide/plugins/com.st.stm32cube.ide.mcu.externaltools.gnu-tools-for-stm32.10.3-2021.10.win32_1.0.0.202111181127/tools/bin/../lib/gcc/arm-none-eabi/10.3.1/../../../../arm-none-eabi/lib/thumb/v7e-m+dp/hard\libc_nano.a(lib_a-nano-svfprintf.o)
                0x0000000008006504                __ssputs_r
 *fill*         0x00000000080065ba        0x2 
 .text._svfprintf_r
                0x00000000080065bc      0x200 c:/st/stm32cubeide_1.10.1/stm32cubeide/plugins/com.st.stm32cube.ide.mcu.externaltools.gnu-tools-for-stm32.10.3-2021.10.win32_1.0.0.202111181127/tools/bin/../lib/gcc/arm-none-eabi/10.3.1/../../../../arm-none-eabi/lib/thumb/v7e-m+dp/hard\libc_nano.a(lib_a-nano-svfprintf.o)
                0x00000000080065bc                _svfiprintf_r
                0x00000000080065bc                _svfprintf_r
 .text._printf_common
                0x00000000080067bc       0xda c:/st/stm32cubeide_1.10.1/stm32cubeide/plugins/com.st.stm32cube.ide.mcu.externaltools.gnu-tools-for-stm32.10.3-2021.10.win32_1.0.0.202111181127/tools/bin/../lib/gcc/arm-none-eabi/10.3.1/../../../../arm-none-eabi/lib/thumb/v7e-m+dp/hard\libc_nano.a(lib_a-nano-vfprintf_i.o)
                0x00000000080067bc                _printf_common
 *fill*         0x0000000008006896        0x2 
 .text._printf_i
                0x0000000008006898      0x24c c:/st/stm32cubeide_1.10.1/stm32cubeide/plugins/com.st.stm32cube.ide.mcu.externaltools.gnu-tools-for-stm32.10.3-2021.10.win32_1.0.0.202111181127/tools/bin/../lib/gcc/arm-none-eabi/10.3.1/../../../../arm-none-eabi/lib/thumb/v7e-m+dp/hard\libc_nano.a(lib_a-nano-vfprintf_i.o)
                0x0000000008006898                _printf_i
 .text.memcpy   0x0000000008006ae4       0x1c c:/st/stm32cubeide_1.10.1/stm32cubeide/plugins/com.st.stm32cube.ide.mcu.externaltools.gnu-tools-for-stm32.10.3-2021.10.win32_1.0.0.202111181127/tools/bin/../lib/gcc/arm-none-eabi/10.3.1/../../../../arm-none-eabi/lib/thumb/v7e-m+dp/hard\libc_nano.a(lib_a-memcpy-stub.o)
                0x0000000008006ae4                memcpy
 .text.memmove  0x0000000008006b00       0x34 c:/st/stm32cubeide_1.10.1/stm32cubeide/plugins/com.st.stm32cube.ide.mcu.externaltools.gnu-tools-for-stm32.10.3-2021.10.win32_1.0.0.202111181127/tools/bin/../lib/gcc/arm-none-eabi/10.3.1/../../../../arm-none-eabi/lib/thumb/v7e-m+dp/hard\libc_nano.a(lib_a-memmove.o)
                0x0000000008006b00                memmove
 .text._free_r  0x0000000008006b34       0x98 c:/st/stm32cubeide_1.10.1/stm32cubeide/plugins/com.st.stm32cube.ide.mcu.externaltools.gnu-tools-for-stm32.10.3-2021.10.win32_1.0.0.202111181127/tools/bin/../lib/gcc/arm-none-eabi/10.3.1/../../../../arm-none-eabi/lib/thumb/v7e-m+dp/hard\libc_nano.a(lib_a-nano-freer.o)
                0x0000000008006b34                _free_r
 .text.sbrk_aligned
                0x0000000008006bcc       0x40 c:/st/stm32cubeide_1.10.1/stm32cubeide/plugins/com.st.stm32cube.ide.mcu.externaltools.gnu-tools-for-stm32.10.3-2021.10.win32_1.0.0.202111181127/tools/bin/../lib/gcc/arm-none-eabi/10.3.1/../../../../arm-none-eabi/lib/thumb/v7e-m+dp/hard\libc_nano.a(lib_a-nano-mallocr.o)
 .text._malloc_r
                0x0000000008006c0c       0xe8 c:/st/stm32cubeide_1.10.1/stm32cubeide/plugins/com.st.stm32cube.ide.mcu.externaltools.gnu-tools-for-stm32.10.3-2021.10.win32_1.0.0.202111181127/tools/bin/../lib/gcc/arm-none-eabi/10.3.1/../../../../arm-none-eabi/lib/thumb/v7e-m+dp/hard\libc_nano.a(lib_a-nano-mallocr.o)
                0x0000000008006c0c                _malloc_r
 .text._realloc_r
                0x0000000008006cf4       0x5e c:/st/stm32cubeide_1.10.1/stm32cubeide/plugins/com.st.stm32cube.ide.mcu.externaltools.gnu-tools-for-stm32.10.3-2021.10.win32_1.0.0.202111181127/tools/bin/../lib/gcc/arm-none-eabi/10.3.1/../../../../arm-none-eabi/lib/thumb/v7e-m+dp/hard\libc_nano.a(lib_a-nano-reallocr.o)
                0x0000000008006cf4                _realloc_r
 *fill*         0x0000000008006d52        0x2 
 .text._sbrk_r  0x0000000008006d54       0x20 c:/st/stm32cubeide_1.10.1/stm32cubeide/plugins/com.st.stm32cube.ide.mcu.externaltools.gnu-tools-for-stm32.10.3-2021.10.win32_1.0.0.202111181127/tools/bin/../lib/gcc/arm-none-eabi/10.3.1/../../../../arm-none-eabi/lib/thumb/v7e-m+dp/hard\libc_nano.a(lib_a-sbrkr.o)
                0x0000000008006d54                _sbrk_r
 .text.__malloc_lock
                0x0000000008006d74        0xc c:/st/stm32cubeide_1.10.1/stm32cubeide/plugins/com.st.stm32cube.ide.mcu.externaltools.gnu-tools-for-stm32.10.3-2021.10.win32_1.0.0.202111181127/tools/bin/../lib/gcc/arm-none-eabi/10.3.1/../../../../arm-none-eabi/lib/thumb/v7e-m+dp/hard\libc_nano.a(lib_a-mlock.o)
                0x0000000008006d74                __malloc_lock
 .text.__malloc_unlock
                0x0000000008006d80        0xc c:/st/stm32cubeide_1.10.1/stm32cubeide/plugins/com.st.stm32cube.ide.mcu.externaltools.gnu-tools-for-stm32.10.3-2021.10.win32_1.0.0.202111181127/tools/bin/../lib/gcc/arm-none-eabi/10.3.1/../../../../arm-none-eabi/lib/thumb/v7e-m+dp/hard\libc_nano.a(lib_a-mlock.o)
                0x0000000008006d80                __malloc_unlock
 .text._malloc_usable_size_r
                0x0000000008006d8c       0x10 c:/st/stm32cubeide_1.10.1/stm32cubeide/plugins/com.st.stm32cube.ide.mcu.externaltools.gnu-tools-for-stm32.10.3-2021.10.win32_1.0.0.202111181127/tools/bin/../lib/gcc/arm-none-eabi/10.3.1/../../../../arm-none-eabi/lib/thumb/v7e-m+dp/hard\libc_nano.a(lib_a-nano-msizer.o)
                0x0000000008006d8c                _malloc_usable_size_r
 .text.__retarget_lock_acquire_recursive
                0x0000000008006d9c        0x2 c:/st/stm32cubeide_1.10.1/stm32cubeide/plugins/com.st.stm32cube.ide.mcu.externaltools.gnu-tools-for-stm32.10.3-2021.10.win32_1.0.0.202111181127/tools/bin/../lib/gcc/arm-none-eabi/10.3.1/../../../../arm-none-eabi/lib/thumb/v7e-m+dp/hard\libc_nano.a(lib_a-lock.o)
                0x0000000008006d9c                __retarget_lock_acquire_recursive
 .text.__retarget_lock_release_recursive
                0x0000000008006d9e        0x2 c:/st/stm32cubeide_1.10.1/stm32cubeide/plugins/com.st.stm32cube.ide.mcu.externaltools.gnu-tools-for-stm32.10.3-2021.10.win32_1.0.0.202111181127/tools/bin/../lib/gcc/arm-none-eabi/10.3.1/../../../../arm-none-eabi/lib/thumb/v7e-m+dp/hard\libc_nano.a(lib_a-lock.o)
                0x0000000008006d9e                __retarget_lock_release_recursive
 *(.glue_7)
 .glue_7        0x0000000008006da0        0x0 linker stubs
 *(.glue_7t)
 .glue_7t       0x0000000008006da0        0x0 linker stubs
 *(.eh_frame)
 .eh_frame      0x0000000008006da0        0x0 c:/st/stm32cubeide_1.10.1/stm32cubeide/plugins/com.st.stm32cube.ide.mcu.externaltools.gnu-tools-for-stm32.10.3-2021.10.win32_1.0.0.202111181127/tools/bin/../lib/gcc/arm-none-eabi/10.3.1/thumb/v7e-m+dp/hard/crtbegin.o
 *(.init)
 .init          0x0000000008006da0        0x4 c:/st/stm32cubeide_1.10.1/stm32cubeide/plugins/com.st.stm32cube.ide.mcu.externaltools.gnu-tools-for-stm32.10.3-2021.10.win32_1.0.0.202111181127/tools/bin/../lib/gcc/arm-none-eabi/10.3.1/thumb/v7e-m+dp/hard/crti.o
                0x0000000008006da0                _init
 .init          0x0000000008006da4        0x8 c:/st/stm32cubeide_1.10.1/stm32cubeide/plugins/com.st.stm32cube.ide.mcu.externaltools.gnu-tools-for-stm32.10.3-2021.10.win32_1.0.0.202111181127/tools/bin/../lib/gcc/arm-none-eabi/10.3.1/thumb/v7e-m+dp/hard/crtn.o
 *(.fini)
 .fini          0x0000000008006dac        0x4 c:/st/stm32cubeide_1.10.1/stm32cubeide/plugins/com.st.stm32cube.ide.mcu.externaltools.gnu-tools-for-stm32.10.3-2021.10.win32_1.0.0.202111181127/tools/bin/../lib/gcc/arm-none-eabi/10.3.1/thumb/v7e-m+dp/hard/crti.o
                0x0000000008006dac                _fini
 .fini          0x0000000008006db0        0x8 c:/st/stm32cubeide_1.10.1/stm32cubeide/plugins/com.st.stm32cube.ide.mcu.externaltools.gnu-tools-for-stm32.10.3-2021.10.win32_1.0.0.202111181127/tools/bin/../lib/gcc/arm-none-eabi/10.3.1/thumb/v7e-m+dp/hard/crtn.o
                0x0000000008006db8                . = ALIGN (0x4)
                0x0000000008006db8                _etext = .

.vfp11_veneer   0x0000000008006db8        0x0
 .vfp11_veneer  0x0000000008006db8        0x0 linker stubs

.v4_bx          0x0000000008006db8        0x0
 .v4_bx         0x0000000008006db8        0x0 linker stubs

.iplt           0x0000000008006db8        0x0
 .iplt          0x0000000008006db8        0x0 c:/st/stm32cubeide_1.10.1/stm32cubeide/plugins/com.st.stm32cube.ide.mcu.externaltools.gnu-tools-for-stm32.10.3-2021.10.win32_1.0.0.202111181127/tools/bin/../lib/gcc/arm-none-eabi/10.3.1/thumb/v7e-m+dp/hard/crtbegin.o

.rodata         0x0000000008006db8      0x2e8
                0x0000000008006db8                . = ALIGN (0x4)
 *(.rodata)
 .rodata        0x0000000008006db8      0x29c ./Core/Lib/app_uart.o
 *(.rodata*)
 .rodata.AHBPrescTable
                0x0000000008007054       0x10 ./Core/Src/system_stm32f7xx.o
                0x0000000008007054                AHBPrescTable
 .rodata.APBPrescTable
                0x0000000008007064        0x8 ./Core/Src/system_stm32f7xx.o
                0x0000000008007064                APBPrescTable
 .rodata._svfprintf_r.str1.1
                0x000000000800706c       0x11 c:/st/stm32cubeide_1.10.1/stm32cubeide/plugins/com.st.stm32cube.ide.mcu.externaltools.gnu-tools-for-stm32.10.3-2021.10.win32_1.0.0.202111181127/tools/bin/../lib/gcc/arm-none-eabi/10.3.1/../../../../arm-none-eabi/lib/thumb/v7e-m+dp/hard\libc_nano.a(lib_a-nano-svfprintf.o)
 .rodata._printf_i.str1.1
                0x000000000800707d       0x22 c:/st/stm32cubeide_1.10.1/stm32cubeide/plugins/com.st.stm32cube.ide.mcu.externaltools.gnu-tools-for-stm32.10.3-2021.10.win32_1.0.0.202111181127/tools/bin/../lib/gcc/arm-none-eabi/10.3.1/../../../../arm-none-eabi/lib/thumb/v7e-m+dp/hard\libc_nano.a(lib_a-nano-vfprintf_i.o)
                0x00000000080070a0                . = ALIGN (0x4)
 *fill*         0x000000000800709f        0x1 

.ARM.extab      0x00000000080070a0        0x0
                0x00000000080070a0                . = ALIGN (0x4)
 *(.ARM.extab* .gnu.linkonce.armextab.*)
                0x00000000080070a0                . = ALIGN (0x4)

.ARM            0x00000000080070a0        0x8
                0x00000000080070a0                . = ALIGN (0x4)
                0x00000000080070a0                __exidx_start = .
 *(.ARM.exidx*)
 .ARM.exidx     0x00000000080070a0        0x8 c:/st/stm32cubeide_1.10.1/stm32cubeide/plugins/com.st.stm32cube.ide.mcu.externaltools.gnu-tools-for-stm32.10.3-2021.10.win32_1.0.0.202111181127/tools/bin/../lib/gcc/arm-none-eabi/10.3.1/thumb/v7e-m+dp/hard\libgcc.a(_udivmoddi4.o)
                0x00000000080070a8                __exidx_end = .
                0x00000000080070a8                . = ALIGN (0x4)

.rel.dyn        0x00000000080070a8        0x0
 .rel.iplt      0x00000000080070a8        0x0 c:/st/stm32cubeide_1.10.1/stm32cubeide/plugins/com.st.stm32cube.ide.mcu.externaltools.gnu-tools-for-stm32.10.3-2021.10.win32_1.0.0.202111181127/tools/bin/../lib/gcc/arm-none-eabi/10.3.1/thumb/v7e-m+dp/hard/crtbegin.o

.preinit_array  0x00000000080070a8        0x0
                0x00000000080070a8                . = ALIGN (0x4)
                0x00000000080070a8                PROVIDE (__preinit_array_start = .)
 *(.preinit_array*)
                0x00000000080070a8                PROVIDE (__preinit_array_end = .)
                0x00000000080070a8                . = ALIGN (0x4)

.init_array     0x00000000080070a8        0x4
                0x00000000080070a8                . = ALIGN (0x4)
                0x00000000080070a8                PROVIDE (__init_array_start = .)
 *(SORT_BY_NAME(.init_array.*))
 *(.init_array*)
 .init_array    0x00000000080070a8        0x4 c:/st/stm32cubeide_1.10.1/stm32cubeide/plugins/com.st.stm32cube.ide.mcu.externaltools.gnu-tools-for-stm32.10.3-2021.10.win32_1.0.0.202111181127/tools/bin/../lib/gcc/arm-none-eabi/10.3.1/thumb/v7e-m+dp/hard/crtbegin.o
                0x00000000080070ac                PROVIDE (__init_array_end = .)
                0x00000000080070ac                . = ALIGN (0x4)

.fini_array     0x00000000080070ac        0x4
                0x00000000080070ac                . = ALIGN (0x4)
                [!provide]                        PROVIDE (__fini_array_start = .)
 *(SORT_BY_NAME(.fini_array.*))
 *(.fini_array*)
 .fini_array    0x00000000080070ac        0x4 c:/st/stm32cubeide_1.10.1/stm32cubeide/plugins/com.st.stm32cube.ide.mcu.externaltools.gnu-tools-for-stm32.10.3-2021.10.win32_1.0.0.202111181127/tools/bin/../lib/gcc/arm-none-eabi/10.3.1/thumb/v7e-m+dp/hard/crtbegin.o
                [!provide]                        PROVIDE (__fini_array_end = .)
                0x00000000080070b0                . = ALIGN (0x4)
                0x00000000080070b0                _sidata = LOADADDR (.data)

.data           0x0000000020000000       0xc0 load address 0x00000000080070b0
                0x0000000020000000                . = ALIGN (0x4)
                0x0000000020000000                _sdata = .
 *(.data)
 *(.data*)
 .data.AppCan_MsgTable
                0x0000000020000000       0x38 ./Core/Lib/app_uart.o
 .data.mul.1    0x0000000020000038        0x6 ./Core/Lib/app_uart.o
 *fill*         0x000000002000003e        0x2 
 .data.mul.0    0x0000000020000040       0x10 ./Core/Lib/app_uart.o
 .data.SystemCoreClock
                0x0000000020000050        0x4 ./Core/Src/system_stm32f7xx.o
                0x0000000020000050                SystemCoreClock
 .data.uwTickPrio
                0x0000000020000054        0x4 ./Drivers/STM32F7xx_HAL_Driver/Src/stm32f7xx_hal.o
                0x0000000020000054                uwTickPrio
 .data.uwTickFreq
                0x0000000020000058        0x1 ./Drivers/STM32F7xx_HAL_Driver/Src/stm32f7xx_hal.o
                0x0000000020000058                uwTickFreq
 *fill*         0x0000000020000059        0x3 
 .data._impure_ptr
                0x000000002000005c        0x4 c:/st/stm32cubeide_1.10.1/stm32cubeide/plugins/com.st.stm32cube.ide.mcu.externaltools.gnu-tools-for-stm32.10.3-2021.10.win32_1.0.0.202111181127/tools/bin/../lib/gcc/arm-none-eabi/10.3.1/../../../../arm-none-eabi/lib/thumb/v7e-m+dp/hard\libc_nano.a(lib_a-impure.o)
                0x000000002000005c                _impure_ptr
 .data.impure_data
                0x0000000020000060       0x60 c:/st/stm32cubeide_1.10.1/stm32cubeide/plugins/com.st.stm32cube.ide.mcu.externaltools.gnu-tools-for-stm32.10.3-2021.10.win32_1.0.0.202111181127/tools/bin/../lib/gcc/arm-none-eabi/10.3.1/../../../../arm-none-eabi/lib/thumb/v7e-m+dp/hard\libc_nano.a(lib_a-impure.o)
 *(.RamFunc)
 *(.RamFunc*)
                0x00000000200000c0                . = ALIGN (0x4)
                0x00000000200000c0                _edata = .

.igot.plt       0x00000000200000c0        0x0 load address 0x0000000008007170
 .igot.plt      0x00000000200000c0        0x0 c:/st/stm32cubeide_1.10.1/stm32cubeide/plugins/com.st.stm32cube.ide.mcu.externaltools.gnu-tools-for-stm32.10.3-2021.10.win32_1.0.0.202111181127/tools/bin/../lib/gcc/arm-none-eabi/10.3.1/thumb/v7e-m+dp/hard/crtbegin.o

.RxDecripSection
                0x00000000200000c0       0xa0 load address 0x0000000008007170
 .RxDecripSection
                0x00000000200000c0       0xa0 ./Core/Src/eth.o
                0x00000000200000c0                DMARxDscrTab

.TxDecripSection
                0x0000000020000160       0xa0 load address 0x0000000008007210
 .TxDecripSection
                0x0000000020000160       0xa0 ./Core/Src/eth.o
                0x0000000020000160                DMATxDscrTab
                0x0000000020000200                . = ALIGN (0x4)

.bss            0x0000000020000200      0x8f0 load address 0x00000000080072b0
                0x0000000020000200                _sbss = .
                0x0000000020000200                __bss_start__ = _sbss
 *(.bss)
 .bss           0x0000000020000200       0x1c c:/st/stm32cubeide_1.10.1/stm32cubeide/plugins/com.st.stm32cube.ide.mcu.externaltools.gnu-tools-for-stm32.10.3-2021.10.win32_1.0.0.202111181127/tools/bin/../lib/gcc/arm-none-eabi/10.3.1/thumb/v7e-m+dp/hard/crtbegin.o
 *(.bss*)
 .bss.AppCan_CanFrames
                0x000000002000021c       0xa0 ./Core/Lib/app_can.o
 .bss.AppCan_HowManyScheaduledFrames
                0x00000000200002bc        0x1 ./Core/Lib/app_can.o
 .bss.AppCan_CurrentFrame
                0x00000000200002bd        0x1 ./Core/Lib/app_can.o
 *fill*         0x00000000200002be        0x2 
 .bss.my_tim.2  0x00000000200002c0        0x4 ./Core/Lib/app_can.o
 .bss.enable_tx.1
                0x00000000200002c4        0x1 ./Core/Lib/app_can.o
 *fill*         0x00000000200002c5        0x3 
 .bss.latch_period.0
                0x00000000200002c8        0x4 ./Core/Lib/app_can.o
 .bss.AppUart_StateMachine
                0x00000000200002cc        0x1 ./Core/Lib/app_uart.o
 *fill*         0x00000000200002cd        0x3 
 .bss.AppUart_Msg
                0x00000000200002d0       0xfa ./Core/Lib/app_uart.o
 *fill*         0x00000000200003ca        0x2 
 .bss.AppUart_UartRxData
                0x00000000200003cc        0x4 ./Core/Lib/app_uart.o
 .bss.AppUart_RequestMode
                0x00000000200003d0        0x1 ./Core/Lib/app_uart.o
 *fill*         0x00000000200003d1        0x1 
 .bss.AppUart_RequestId
                0x00000000200003d2        0x2 ./Core/Lib/app_uart.o
 .bss.AppUart_RequestDlc
                0x00000000200003d4        0x1 ./Core/Lib/app_uart.o
 *fill*         0x00000000200003d5        0x3 
 .bss.AppUart_RequestData
                0x00000000200003d8        0x8 ./Core/Lib/app_uart.o
 .bss.AppUart_RequestPeriod
                0x00000000200003e0        0x2 ./Core/Lib/app_uart.o
 *fill*         0x00000000200003e2        0x2 
 .bss.hcan1     0x00000000200003e4       0x28 ./Core/Src/can.o
                0x00000000200003e4                hcan1
 .bss.TxConfig  0x000000002000040c       0x38 ./Core/Src/eth.o
                0x000000002000040c                TxConfig
 .bss.heth      0x0000000020000444       0xb0 ./Core/Src/eth.o
                0x0000000020000444                heth
 .bss.MACAddr.0
                0x00000000200004f4        0x6 ./Core/Src/eth.o
 *fill*         0x00000000200004fa        0x2 
 .bss.__sbrk_heap_end
                0x00000000200004fc        0x4 ./Core/Src/sysmem.o
 .bss.htim6     0x0000000020000500       0x4c ./Core/Src/tim.o
                0x0000000020000500                htim6
 .bss.huart3    0x000000002000054c       0x88 ./Core/Src/usart.o
                0x000000002000054c                huart3
 .bss.hpcd_USB_OTG_FS
                0x00000000200005d4      0x508 ./Core/Src/usb_otg.o
                0x00000000200005d4                hpcd_USB_OTG_FS
 .bss.uwTick    0x0000000020000adc        0x4 ./Drivers/STM32F7xx_HAL_Driver/Src/stm32f7xx_hal.o
                0x0000000020000adc                uwTick
 .bss.__malloc_free_list
                0x0000000020000ae0        0x4 c:/st/stm32cubeide_1.10.1/stm32cubeide/plugins/com.st.stm32cube.ide.mcu.externaltools.gnu-tools-for-stm32.10.3-2021.10.win32_1.0.0.202111181127/tools/bin/../lib/gcc/arm-none-eabi/10.3.1/../../../../arm-none-eabi/lib/thumb/v7e-m+dp/hard\libc_nano.a(lib_a-nano-mallocr.o)
                0x0000000020000ae0                __malloc_free_list
 .bss.__malloc_sbrk_start
                0x0000000020000ae4        0x4 c:/st/stm32cubeide_1.10.1/stm32cubeide/plugins/com.st.stm32cube.ide.mcu.externaltools.gnu-tools-for-stm32.10.3-2021.10.win32_1.0.0.202111181127/tools/bin/../lib/gcc/arm-none-eabi/10.3.1/../../../../arm-none-eabi/lib/thumb/v7e-m+dp/hard\libc_nano.a(lib_a-nano-mallocr.o)
                0x0000000020000ae4                __malloc_sbrk_start
 .bss.errno     0x0000000020000ae8        0x4 c:/st/stm32cubeide_1.10.1/stm32cubeide/plugins/com.st.stm32cube.ide.mcu.externaltools.gnu-tools-for-stm32.10.3-2021.10.win32_1.0.0.202111181127/tools/bin/../lib/gcc/arm-none-eabi/10.3.1/../../../../arm-none-eabi/lib/thumb/v7e-m+dp/hard\libc_nano.a(lib_a-reent.o)
                0x0000000020000ae8                errno
 .bss.__lock___malloc_recursive_mutex
                0x0000000020000aec        0x1 c:/st/stm32cubeide_1.10.1/stm32cubeide/plugins/com.st.stm32cube.ide.mcu.externaltools.gnu-tools-for-stm32.10.3-2021.10.win32_1.0.0.202111181127/tools/bin/../lib/gcc/arm-none-eabi/10.3.1/../../../../arm-none-eabi/lib/thumb/v7e-m+dp/hard\libc_nano.a(lib_a-lock.o)
                0x0000000020000aec                __lock___malloc_recursive_mutex
 *(COMMON)
                0x0000000020000af0                . = ALIGN (0x4)
 *fill*         0x0000000020000aed        0x3 
                0x0000000020000af0                _ebss = .
                0x0000000020000af0                __bss_end__ = _ebss

._user_heap_stack
                0x0000000020000af0      0x600 load address 0x00000000080072b0
                0x0000000020000af0                . = ALIGN (0x8)
                [!provide]                        PROVIDE (end = .)
                0x0000000020000af0                PROVIDE (_end = .)
                0x0000000020000cf0                . = (. + _Min_Heap_Size)
 *fill*         0x0000000020000af0      0x200 
                0x00000000200010f0                . = (. + _Min_Stack_Size)
 *fill*         0x0000000020000cf0      0x400 
                0x00000000200010f0                . = ALIGN (0x8)

/DISCARD/
 libc.a(*)
 libm.a(*)
 libgcc.a(*)

.ARM.attributes
                0x0000000000000000       0x2e
 *(.ARM.attributes)
 .ARM.attributes
                0x0000000000000000       0x1e c:/st/stm32cubeide_1.10.1/stm32cubeide/plugins/com.st.stm32cube.ide.mcu.externaltools.gnu-tools-for-stm32.10.3-2021.10.win32_1.0.0.202111181127/tools/bin/../lib/gcc/arm-none-eabi/10.3.1/thumb/v7e-m+dp/hard/crti.o
 .ARM.attributes
                0x000000000000001e       0x32 c:/st/stm32cubeide_1.10.1/stm32cubeide/plugins/com.st.stm32cube.ide.mcu.externaltools.gnu-tools-for-stm32.10.3-2021.10.win32_1.0.0.202111181127/tools/bin/../lib/gcc/arm-none-eabi/10.3.1/thumb/v7e-m+dp/hard/crtbegin.o
 .ARM.attributes
                0x0000000000000050       0x32 ./Core/Lib/app_can.o
 .ARM.attributes
                0x0000000000000082       0x32 ./Core/Lib/app_uart.o
 .ARM.attributes
                0x00000000000000b4       0x32 ./Core/Src/can.o
 .ARM.attributes
                0x00000000000000e6       0x32 ./Core/Src/eth.o
 .ARM.attributes
                0x0000000000000118       0x32 ./Core/Src/gpio.o
 .ARM.attributes
                0x000000000000014a       0x32 ./Core/Src/main.o
 .ARM.attributes
                0x000000000000017c       0x32 ./Core/Src/stm32f7xx_hal_msp.o
 .ARM.attributes
                0x00000000000001ae       0x32 ./Core/Src/stm32f7xx_it.o
 .ARM.attributes
                0x00000000000001e0       0x32 ./Core/Src/sysmem.o
 .ARM.attributes
                0x0000000000000212       0x32 ./Core/Src/system_stm32f7xx.o
 .ARM.attributes
                0x0000000000000244       0x32 ./Core/Src/tim.o
 .ARM.attributes
                0x0000000000000276       0x32 ./Core/Src/usart.o
 .ARM.attributes
                0x00000000000002a8       0x32 ./Core/Src/usb_otg.o
 .ARM.attributes
                0x00000000000002da       0x21 ./Core/Startup/startup_stm32f767zitx.o
 .ARM.attributes
                0x00000000000002fb       0x32 ./Drivers/STM32F7xx_HAL_Driver/Src/stm32f7xx_hal.o
 .ARM.attributes
                0x000000000000032d       0x32 ./Drivers/STM32F7xx_HAL_Driver/Src/stm32f7xx_hal_can.o
 .ARM.attributes
                0x000000000000035f       0x32 ./Drivers/STM32F7xx_HAL_Driver/Src/stm32f7xx_hal_cortex.o
 .ARM.attributes
                0x0000000000000391       0x32 ./Drivers/STM32F7xx_HAL_Driver/Src/stm32f7xx_hal_dma.o
 .ARM.attributes
                0x00000000000003c3       0x32 ./Drivers/STM32F7xx_HAL_Driver/Src/stm32f7xx_hal_eth.o
 .ARM.attributes
                0x00000000000003f5       0x32 ./Drivers/STM32F7xx_HAL_Driver/Src/stm32f7xx_hal_gpio.o
 .ARM.attributes
                0x0000000000000427       0x32 ./Drivers/STM32F7xx_HAL_Driver/Src/stm32f7xx_hal_pcd.o
 .ARM.attributes
                0x0000000000000459       0x32 ./Drivers/STM32F7xx_HAL_Driver/Src/stm32f7xx_hal_pcd_ex.o
 .ARM.attributes
                0x000000000000048b       0x32 ./Drivers/STM32F7xx_HAL_Driver/Src/stm32f7xx_hal_pwr.o
 .ARM.attributes
                0x00000000000004bd       0x32 ./Drivers/STM32F7xx_HAL_Driver/Src/stm32f7xx_hal_pwr_ex.o
 .ARM.attributes
                0x00000000000004ef       0x32 ./Drivers/STM32F7xx_HAL_Driver/Src/stm32f7xx_hal_rcc.o
 .ARM.attributes
                0x0000000000000521       0x32 ./Drivers/STM32F7xx_HAL_Driver/Src/stm32f7xx_hal_rcc_ex.o
 .ARM.attributes
                0x0000000000000553       0x32 ./Drivers/STM32F7xx_HAL_Driver/Src/stm32f7xx_hal_tim.o
 .ARM.attributes
                0x0000000000000585       0x32 ./Drivers/STM32F7xx_HAL_Driver/Src/stm32f7xx_hal_tim_ex.o
 .ARM.attributes
                0x00000000000005b7       0x32 ./Drivers/STM32F7xx_HAL_Driver/Src/stm32f7xx_hal_uart.o
 .ARM.attributes
                0x00000000000005e9       0x32 ./Drivers/STM32F7xx_HAL_Driver/Src/stm32f7xx_ll_usb.o
 .ARM.attributes
                0x000000000000061b       0x32 c:/st/stm32cubeide_1.10.1/stm32cubeide/plugins/com.st.stm32cube.ide.mcu.externaltools.gnu-tools-for-stm32.10.3-2021.10.win32_1.0.0.202111181127/tools/bin/../lib/gcc/arm-none-eabi/10.3.1/../../../../arm-none-eabi/lib/thumb/v7e-m+dp/hard\libc_nano.a(lib_a-errno.o)
 .ARM.attributes
                0x000000000000064d       0x32 c:/st/stm32cubeide_1.10.1/stm32cubeide/plugins/com.st.stm32cube.ide.mcu.externaltools.gnu-tools-for-stm32.10.3-2021.10.win32_1.0.0.202111181127/tools/bin/../lib/gcc/arm-none-eabi/10.3.1/../../../../arm-none-eabi/lib/thumb/v7e-m+dp/hard\libc_nano.a(lib_a-impure.o)
 .ARM.attributes
                0x000000000000067f       0x32 c:/st/stm32cubeide_1.10.1/stm32cubeide/plugins/com.st.stm32cube.ide.mcu.externaltools.gnu-tools-for-stm32.10.3-2021.10.win32_1.0.0.202111181127/tools/bin/../lib/gcc/arm-none-eabi/10.3.1/../../../../arm-none-eabi/lib/thumb/v7e-m+dp/hard\libc_nano.a(lib_a-init.o)
 .ARM.attributes
                0x00000000000006b1       0x32 c:/st/stm32cubeide_1.10.1/stm32cubeide/plugins/com.st.stm32cube.ide.mcu.externaltools.gnu-tools-for-stm32.10.3-2021.10.win32_1.0.0.202111181127/tools/bin/../lib/gcc/arm-none-eabi/10.3.1/../../../../arm-none-eabi/lib/thumb/v7e-m+dp/hard\libc_nano.a(lib_a-memset.o)
 .ARM.attributes
                0x00000000000006e3       0x32 c:/st/stm32cubeide_1.10.1/stm32cubeide/plugins/com.st.stm32cube.ide.mcu.externaltools.gnu-tools-for-stm32.10.3-2021.10.win32_1.0.0.202111181127/tools/bin/../lib/gcc/arm-none-eabi/10.3.1/../../../../arm-none-eabi/lib/thumb/v7e-m+dp/hard\libc_nano.a(lib_a-sprintf.o)
 .ARM.attributes
                0x0000000000000715       0x32 c:/st/stm32cubeide_1.10.1/stm32cubeide/plugins/com.st.stm32cube.ide.mcu.externaltools.gnu-tools-for-stm32.10.3-2021.10.win32_1.0.0.202111181127/tools/bin/../lib/gcc/arm-none-eabi/10.3.1/../../../../arm-none-eabi/lib/thumb/v7e-m+dp/hard\libc_nano.a(lib_a-nano-svfprintf.o)
 .ARM.attributes
                0x0000000000000747       0x32 c:/st/stm32cubeide_1.10.1/stm32cubeide/plugins/com.st.stm32cube.ide.mcu.externaltools.gnu-tools-for-stm32.10.3-2021.10.win32_1.0.0.202111181127/tools/bin/../lib/gcc/arm-none-eabi/10.3.1/../../../../arm-none-eabi/lib/thumb/v7e-m+dp/hard\libc_nano.a(lib_a-nano-vfprintf_i.o)
 .ARM.attributes
                0x0000000000000779       0x1c c:/st/stm32cubeide_1.10.1/stm32cubeide/plugins/com.st.stm32cube.ide.mcu.externaltools.gnu-tools-for-stm32.10.3-2021.10.win32_1.0.0.202111181127/tools/bin/../lib/gcc/arm-none-eabi/10.3.1/../../../../arm-none-eabi/lib/thumb/v7e-m+dp/hard\libc_nano.a(lib_a-memchr.o)
 .ARM.attributes
                0x0000000000000795       0x32 c:/st/stm32cubeide_1.10.1/stm32cubeide/plugins/com.st.stm32cube.ide.mcu.externaltools.gnu-tools-for-stm32.10.3-2021.10.win32_1.0.0.202111181127/tools/bin/../lib/gcc/arm-none-eabi/10.3.1/../../../../arm-none-eabi/lib/thumb/v7e-m+dp/hard\libc_nano.a(lib_a-memcpy-stub.o)
 .ARM.attributes
                0x00000000000007c7       0x32 c:/st/stm32cubeide_1.10.1/stm32cubeide/plugins/com.st.stm32cube.ide.mcu.externaltools.gnu-tools-for-stm32.10.3-2021.10.win32_1.0.0.202111181127/tools/bin/../lib/gcc/arm-none-eabi/10.3.1/../../../../arm-none-eabi/lib/thumb/v7e-m+dp/hard\libc_nano.a(lib_a-memmove.o)
 .ARM.attributes
                0x00000000000007f9       0x32 c:/st/stm32cubeide_1.10.1/stm32cubeide/plugins/com.st.stm32cube.ide.mcu.externaltools.gnu-tools-for-stm32.10.3-2021.10.win32_1.0.0.202111181127/tools/bin/../lib/gcc/arm-none-eabi/10.3.1/../../../../arm-none-eabi/lib/thumb/v7e-m+dp/hard\libc_nano.a(lib_a-nano-freer.o)
 .ARM.attributes
                0x000000000000082b       0x32 c:/st/stm32cubeide_1.10.1/stm32cubeide/plugins/com.st.stm32cube.ide.mcu.externaltools.gnu-tools-for-stm32.10.3-2021.10.win32_1.0.0.202111181127/tools/bin/../lib/gcc/arm-none-eabi/10.3.1/../../../../arm-none-eabi/lib/thumb/v7e-m+dp/hard\libc_nano.a(lib_a-nano-mallocr.o)
 .ARM.attributes
                0x000000000000085d       0x32 c:/st/stm32cubeide_1.10.1/stm32cubeide/plugins/com.st.stm32cube.ide.mcu.externaltools.gnu-tools-for-stm32.10.3-2021.10.win32_1.0.0.202111181127/tools/bin/../lib/gcc/arm-none-eabi/10.3.1/../../../../arm-none-eabi/lib/thumb/v7e-m+dp/hard\libc_nano.a(lib_a-nano-reallocr.o)
 .ARM.attributes
                0x000000000000088f       0x32 c:/st/stm32cubeide_1.10.1/stm32cubeide/plugins/com.st.stm32cube.ide.mcu.externaltools.gnu-tools-for-stm32.10.3-2021.10.win32_1.0.0.202111181127/tools/bin/../lib/gcc/arm-none-eabi/10.3.1/../../../../arm-none-eabi/lib/thumb/v7e-m+dp/hard\libc_nano.a(lib_a-sbrkr.o)
 .ARM.attributes
                0x00000000000008c1       0x32 c:/st/stm32cubeide_1.10.1/stm32cubeide/plugins/com.st.stm32cube.ide.mcu.externaltools.gnu-tools-for-stm32.10.3-2021.10.win32_1.0.0.202111181127/tools/bin/../lib/gcc/arm-none-eabi/10.3.1/../../../../arm-none-eabi/lib/thumb/v7e-m+dp/hard\libc_nano.a(lib_a-mlock.o)
 .ARM.attributes
                0x00000000000008f3       0x32 c:/st/stm32cubeide_1.10.1/stm32cubeide/plugins/com.st.stm32cube.ide.mcu.externaltools.gnu-tools-for-stm32.10.3-2021.10.win32_1.0.0.202111181127/tools/bin/../lib/gcc/arm-none-eabi/10.3.1/../../../../arm-none-eabi/lib/thumb/v7e-m+dp/hard\libc_nano.a(lib_a-nano-msizer.o)
 .ARM.attributes
                0x0000000000000925       0x32 c:/st/stm32cubeide_1.10.1/stm32cubeide/plugins/com.st.stm32cube.ide.mcu.externaltools.gnu-tools-for-stm32.10.3-2021.10.win32_1.0.0.202111181127/tools/bin/../lib/gcc/arm-none-eabi/10.3.1/../../../../arm-none-eabi/lib/thumb/v7e-m+dp/hard\libc_nano.a(lib_a-reent.o)
 .ARM.attributes
                0x0000000000000957       0x32 c:/st/stm32cubeide_1.10.1/stm32cubeide/plugins/com.st.stm32cube.ide.mcu.externaltools.gnu-tools-for-stm32.10.3-2021.10.win32_1.0.0.202111181127/tools/bin/../lib/gcc/arm-none-eabi/10.3.1/../../../../arm-none-eabi/lib/thumb/v7e-m+dp/hard\libc_nano.a(lib_a-lock.o)
 .ARM.attributes
                0x0000000000000989       0x1e c:/st/stm32cubeide_1.10.1/stm32cubeide/plugins/com.st.stm32cube.ide.mcu.externaltools.gnu-tools-for-stm32.10.3-2021.10.win32_1.0.0.202111181127/tools/bin/../lib/gcc/arm-none-eabi/10.3.1/thumb/v7e-m+dp/hard\libgcc.a(_aeabi_uldivmod.o)
 .ARM.attributes
                0x00000000000009a7       0x32 c:/st/stm32cubeide_1.10.1/stm32cubeide/plugins/com.st.stm32cube.ide.mcu.externaltools.gnu-tools-for-stm32.10.3-2021.10.win32_1.0.0.202111181127/tools/bin/../lib/gcc/arm-none-eabi/10.3.1/thumb/v7e-m+dp/hard\libgcc.a(_udivmoddi4.o)
 .ARM.attributes
                0x00000000000009d9       0x1e c:/st/stm32cubeide_1.10.1/stm32cubeide/plugins/com.st.stm32cube.ide.mcu.externaltools.gnu-tools-for-stm32.10.3-2021.10.win32_1.0.0.202111181127/tools/bin/../lib/gcc/arm-none-eabi/10.3.1/thumb/v7e-m+dp/hard\libgcc.a(_dvmd_tls.o)
 .ARM.attributes
                0x00000000000009f7       0x1e c:/st/stm32cubeide_1.10.1/stm32cubeide/plugins/com.st.stm32cube.ide.mcu.externaltools.gnu-tools-for-stm32.10.3-2021.10.win32_1.0.0.202111181127/tools/bin/../lib/gcc/arm-none-eabi/10.3.1/thumb/v7e-m+dp/hard/crtn.o
OUTPUT(CAN_Master1.elf elf32-littlearm)
LOAD linker stubs
LOAD c:/st/stm32cubeide_1.10.1/stm32cubeide/plugins/com.st.stm32cube.ide.mcu.externaltools.gnu-tools-for-stm32.10.3-2021.10.win32_1.0.0.202111181127/tools/bin/../lib/gcc/arm-none-eabi/10.3.1/../../../../arm-none-eabi/lib/thumb/v7e-m+dp/hard\libc.a
LOAD c:/st/stm32cubeide_1.10.1/stm32cubeide/plugins/com.st.stm32cube.ide.mcu.externaltools.gnu-tools-for-stm32.10.3-2021.10.win32_1.0.0.202111181127/tools/bin/../lib/gcc/arm-none-eabi/10.3.1/../../../../arm-none-eabi/lib/thumb/v7e-m+dp/hard\libm.a
LOAD c:/st/stm32cubeide_1.10.1/stm32cubeide/plugins/com.st.stm32cube.ide.mcu.externaltools.gnu-tools-for-stm32.10.3-2021.10.win32_1.0.0.202111181127/tools/bin/../lib/gcc/arm-none-eabi/10.3.1/thumb/v7e-m+dp/hard\libgcc.a

.debug_info     0x0000000000000000    0x1c06f
 .debug_info    0x0000000000000000      0x7a8 ./Core/Lib/app_can.o
 .debug_info    0x00000000000007a8      0xb88 ./Core/Lib/app_uart.o
 .debug_info    0x0000000000001330      0x8f0 ./Core/Src/can.o
 .debug_info    0x0000000000001c20      0xfee ./Core/Src/eth.o
 .debug_info    0x0000000000002c0e      0x4f2 ./Core/Src/gpio.o
 .debug_info    0x0000000000003100      0xfc9 ./Core/Src/main.o
 .debug_info    0x00000000000040c9      0x2d2 ./Core/Src/stm32f7xx_hal_msp.o
 .debug_info    0x000000000000439b      0xb51 ./Core/Src/stm32f7xx_it.o
 .debug_info    0x0000000000004eec      0x171 ./Core/Src/sysmem.o
 .debug_info    0x000000000000505d      0x72c ./Core/Src/system_stm32f7xx.o
 .debug_info    0x0000000000005789      0xd24 ./Core/Src/tim.o
 .debug_info    0x00000000000064ad     0x104a ./Core/Src/usart.o
 .debug_info    0x00000000000074f7      0xc8f ./Core/Src/usb_otg.o
 .debug_info    0x0000000000008186       0x22 ./Core/Startup/startup_stm32f767zitx.o
 .debug_info    0x00000000000081a8      0xa82 ./Drivers/STM32F7xx_HAL_Driver/Src/stm32f7xx_hal.o
 .debug_info    0x0000000000008c2a      0xfed ./Drivers/STM32F7xx_HAL_Driver/Src/stm32f7xx_hal_can.o
 .debug_info    0x0000000000009c17     0x109c ./Drivers/STM32F7xx_HAL_Driver/Src/stm32f7xx_hal_cortex.o
 .debug_info    0x000000000000acb3      0x94f ./Drivers/STM32F7xx_HAL_Driver/Src/stm32f7xx_hal_dma.o
 .debug_info    0x000000000000b602     0x2266 ./Drivers/STM32F7xx_HAL_Driver/Src/stm32f7xx_hal_eth.o
 .debug_info    0x000000000000d868      0x7a2 ./Drivers/STM32F7xx_HAL_Driver/Src/stm32f7xx_hal_gpio.o
 .debug_info    0x000000000000e00a     0x16c1 ./Drivers/STM32F7xx_HAL_Driver/Src/stm32f7xx_hal_pcd.o
 .debug_info    0x000000000000f6cb      0x7df ./Drivers/STM32F7xx_HAL_Driver/Src/stm32f7xx_hal_pcd_ex.o
 .debug_info    0x000000000000feaa      0x978 ./Drivers/STM32F7xx_HAL_Driver/Src/stm32f7xx_hal_pwr.o
 .debug_info    0x0000000000010822      0x92e ./Drivers/STM32F7xx_HAL_Driver/Src/stm32f7xx_hal_pwr_ex.o
 .debug_info    0x0000000000011150      0x9f8 ./Drivers/STM32F7xx_HAL_Driver/Src/stm32f7xx_hal_rcc.o
 .debug_info    0x0000000000011b48      0x78b ./Drivers/STM32F7xx_HAL_Driver/Src/stm32f7xx_hal_rcc_ex.o
 .debug_info    0x00000000000122d3     0x2d3e ./Drivers/STM32F7xx_HAL_Driver/Src/stm32f7xx_hal_tim.o
 .debug_info    0x0000000000015011     0x1805 ./Drivers/STM32F7xx_HAL_Driver/Src/stm32f7xx_hal_tim_ex.o
 .debug_info    0x0000000000016816     0x3cf4 ./Drivers/STM32F7xx_HAL_Driver/Src/stm32f7xx_hal_uart.o
 .debug_info    0x000000000001a50a     0x1b65 ./Drivers/STM32F7xx_HAL_Driver/Src/stm32f7xx_ll_usb.o

.debug_abbrev   0x0000000000000000     0x3be3
 .debug_abbrev  0x0000000000000000      0x204 ./Core/Lib/app_can.o
 .debug_abbrev  0x0000000000000204      0x2a8 ./Core/Lib/app_uart.o
 .debug_abbrev  0x00000000000004ac      0x201 ./Core/Src/can.o
 .debug_abbrev  0x00000000000006ad      0x23c ./Core/Src/eth.o
 .debug_abbrev  0x00000000000008e9      0x146 ./Core/Src/gpio.o
 .debug_abbrev  0x0000000000000a2f      0x23e ./Core/Src/main.o
 .debug_abbrev  0x0000000000000c6d       0xd4 ./Core/Src/stm32f7xx_hal_msp.o
 .debug_abbrev  0x0000000000000d41      0x18b ./Core/Src/stm32f7xx_it.o
 .debug_abbrev  0x0000000000000ecc       0xbb ./Core/Src/sysmem.o
 .debug_abbrev  0x0000000000000f87      0x136 ./Core/Src/system_stm32f7xx.o
 .debug_abbrev  0x00000000000010bd      0x1e7 ./Core/Src/tim.o
 .debug_abbrev  0x00000000000012a4      0x205 ./Core/Src/usart.o
 .debug_abbrev  0x00000000000014a9      0x21d ./Core/Src/usb_otg.o
 .debug_abbrev  0x00000000000016c6       0x12 ./Core/Startup/startup_stm32f767zitx.o
 .debug_abbrev  0x00000000000016d8      0x20d ./Drivers/STM32F7xx_HAL_Driver/Src/stm32f7xx_hal.o
 .debug_abbrev  0x00000000000018e5      0x244 ./Drivers/STM32F7xx_HAL_Driver/Src/stm32f7xx_hal_can.o
 .debug_abbrev  0x0000000000001b29      0x316 ./Drivers/STM32F7xx_HAL_Driver/Src/stm32f7xx_hal_cortex.o
 .debug_abbrev  0x0000000000001e3f      0x25b ./Drivers/STM32F7xx_HAL_Driver/Src/stm32f7xx_hal_dma.o
 .debug_abbrev  0x000000000000209a      0x2d3 ./Drivers/STM32F7xx_HAL_Driver/Src/stm32f7xx_hal_eth.o
 .debug_abbrev  0x000000000000236d      0x1c4 ./Drivers/STM32F7xx_HAL_Driver/Src/stm32f7xx_hal_gpio.o
 .debug_abbrev  0x0000000000002531      0x2d2 ./Drivers/STM32F7xx_HAL_Driver/Src/stm32f7xx_hal_pcd.o
 .debug_abbrev  0x0000000000002803      0x1bd ./Drivers/STM32F7xx_HAL_Driver/Src/stm32f7xx_hal_pcd_ex.o
 .debug_abbrev  0x00000000000029c0      0x1b8 ./Drivers/STM32F7xx_HAL_Driver/Src/stm32f7xx_hal_pwr.o
 .debug_abbrev  0x0000000000002b78      0x1cb ./Drivers/STM32F7xx_HAL_Driver/Src/stm32f7xx_hal_pwr_ex.o
 .debug_abbrev  0x0000000000002d43      0x2d1 ./Drivers/STM32F7xx_HAL_Driver/Src/stm32f7xx_hal_rcc.o
 .debug_abbrev  0x0000000000003014      0x1b9 ./Drivers/STM32F7xx_HAL_Driver/Src/stm32f7xx_hal_rcc_ex.o
 .debug_abbrev  0x00000000000031cd      0x264 ./Drivers/STM32F7xx_HAL_Driver/Src/stm32f7xx_hal_tim.o
 .debug_abbrev  0x0000000000003431      0x26c ./Drivers/STM32F7xx_HAL_Driver/Src/stm32f7xx_hal_tim_ex.o
 .debug_abbrev  0x000000000000369d      0x2ce ./Drivers/STM32F7xx_HAL_Driver/Src/stm32f7xx_hal_uart.o
 .debug_abbrev  0x000000000000396b      0x278 ./Drivers/STM32F7xx_HAL_Driver/Src/stm32f7xx_ll_usb.o

.debug_aranges  0x0000000000000000     0x15f0
 .debug_aranges
                0x0000000000000000       0x38 ./Core/Lib/app_can.o
 .debug_aranges
                0x0000000000000038       0x80 ./Core/Lib/app_uart.o
 .debug_aranges
                0x00000000000000b8       0x30 ./Core/Src/can.o
 .debug_aranges
                0x00000000000000e8       0x30 ./Core/Src/eth.o
 .debug_aranges
                0x0000000000000118       0x20 ./Core/Src/gpio.o
 .debug_aranges
                0x0000000000000138       0x40 ./Core/Src/main.o
 .debug_aranges
                0x0000000000000178       0x20 ./Core/Src/stm32f7xx_hal_msp.o
 .debug_aranges
                0x0000000000000198       0x70 ./Core/Src/stm32f7xx_it.o
 .debug_aranges
                0x0000000000000208       0x20 ./Core/Src/sysmem.o
 .debug_aranges
                0x0000000000000228       0x28 ./Core/Src/system_stm32f7xx.o
 .debug_aranges
                0x0000000000000250       0x30 ./Core/Src/tim.o
 .debug_aranges
                0x0000000000000280       0x30 ./Core/Src/usart.o
 .debug_aranges
                0x00000000000002b0       0x30 ./Core/Src/usb_otg.o
 .debug_aranges
                0x00000000000002e0       0x28 ./Core/Startup/startup_stm32f767zitx.o
 .debug_aranges
                0x0000000000000308      0x110 ./Drivers/STM32F7xx_HAL_Driver/Src/stm32f7xx_hal.o
 .debug_aranges
                0x0000000000000418      0x138 ./Drivers/STM32F7xx_HAL_Driver/Src/stm32f7xx_hal_can.o
 .debug_aranges
                0x0000000000000550      0x118 ./Drivers/STM32F7xx_HAL_Driver/Src/stm32f7xx_hal_cortex.o
 .debug_aranges
                0x0000000000000668       0x90 ./Drivers/STM32F7xx_HAL_Driver/Src/stm32f7xx_hal_dma.o
 .debug_aranges
                0x00000000000006f8      0x1e0 ./Drivers/STM32F7xx_HAL_Driver/Src/stm32f7xx_hal_eth.o
 .debug_aranges
                0x00000000000008d8       0x58 ./Drivers/STM32F7xx_HAL_Driver/Src/stm32f7xx_hal_gpio.o
 .debug_aranges
                0x0000000000000930      0x148 ./Drivers/STM32F7xx_HAL_Driver/Src/stm32f7xx_hal_pcd.o
 .debug_aranges
                0x0000000000000a78       0x48 ./Drivers/STM32F7xx_HAL_Driver/Src/stm32f7xx_hal_pcd_ex.o
 .debug_aranges
                0x0000000000000ac0       0xa0 ./Drivers/STM32F7xx_HAL_Driver/Src/stm32f7xx_hal_pwr.o
 .debug_aranges
                0x0000000000000b60       0x80 ./Drivers/STM32F7xx_HAL_Driver/Src/stm32f7xx_hal_pwr_ex.o
 .debug_aranges
                0x0000000000000be0       0x88 ./Drivers/STM32F7xx_HAL_Driver/Src/stm32f7xx_hal_rcc.o
 .debug_aranges
                0x0000000000000c68       0x50 ./Drivers/STM32F7xx_HAL_Driver/Src/stm32f7xx_hal_rcc_ex.o
 .debug_aranges
                0x0000000000000cb8      0x3e0 ./Drivers/STM32F7xx_HAL_Driver/Src/stm32f7xx_hal_tim.o
 .debug_aranges
                0x0000000000001098      0x180 ./Drivers/STM32F7xx_HAL_Driver/Src/stm32f7xx_hal_tim_ex.o
 .debug_aranges
                0x0000000000001218      0x230 ./Drivers/STM32F7xx_HAL_Driver/Src/stm32f7xx_hal_uart.o
 .debug_aranges
                0x0000000000001448      0x1a8 ./Drivers/STM32F7xx_HAL_Driver/Src/stm32f7xx_ll_usb.o

.debug_ranges   0x0000000000000000     0x1448
 .debug_ranges  0x0000000000000000       0x28 ./Core/Lib/app_can.o
 .debug_ranges  0x0000000000000028       0x70 ./Core/Lib/app_uart.o
 .debug_ranges  0x0000000000000098       0x20 ./Core/Src/can.o
 .debug_ranges  0x00000000000000b8       0x20 ./Core/Src/eth.o
 .debug_ranges  0x00000000000000d8       0x10 ./Core/Src/gpio.o
 .debug_ranges  0x00000000000000e8       0x30 ./Core/Src/main.o
 .debug_ranges  0x0000000000000118       0x10 ./Core/Src/stm32f7xx_hal_msp.o
 .debug_ranges  0x0000000000000128       0x60 ./Core/Src/stm32f7xx_it.o
 .debug_ranges  0x0000000000000188       0x10 ./Core/Src/sysmem.o
 .debug_ranges  0x0000000000000198       0x18 ./Core/Src/system_stm32f7xx.o
 .debug_ranges  0x00000000000001b0       0x20 ./Core/Src/tim.o
 .debug_ranges  0x00000000000001d0       0x20 ./Core/Src/usart.o
 .debug_ranges  0x00000000000001f0       0x20 ./Core/Src/usb_otg.o
 .debug_ranges  0x0000000000000210       0x20 ./Core/Startup/startup_stm32f767zitx.o
 .debug_ranges  0x0000000000000230      0x100 ./Drivers/STM32F7xx_HAL_Driver/Src/stm32f7xx_hal.o
 .debug_ranges  0x0000000000000330      0x128 ./Drivers/STM32F7xx_HAL_Driver/Src/stm32f7xx_hal_can.o
 .debug_ranges  0x0000000000000458      0x108 ./Drivers/STM32F7xx_HAL_Driver/Src/stm32f7xx_hal_cortex.o
 .debug_ranges  0x0000000000000560       0x80 ./Drivers/STM32F7xx_HAL_Driver/Src/stm32f7xx_hal_dma.o
 .debug_ranges  0x00000000000005e0      0x1d0 ./Drivers/STM32F7xx_HAL_Driver/Src/stm32f7xx_hal_eth.o
 .debug_ranges  0x00000000000007b0       0x48 ./Drivers/STM32F7xx_HAL_Driver/Src/stm32f7xx_hal_gpio.o
 .debug_ranges  0x00000000000007f8      0x138 ./Drivers/STM32F7xx_HAL_Driver/Src/stm32f7xx_hal_pcd.o
 .debug_ranges  0x0000000000000930       0x38 ./Drivers/STM32F7xx_HAL_Driver/Src/stm32f7xx_hal_pcd_ex.o
 .debug_ranges  0x0000000000000968       0x90 ./Drivers/STM32F7xx_HAL_Driver/Src/stm32f7xx_hal_pwr.o
 .debug_ranges  0x00000000000009f8       0x70 ./Drivers/STM32F7xx_HAL_Driver/Src/stm32f7xx_hal_pwr_ex.o
 .debug_ranges  0x0000000000000a68       0x78 ./Drivers/STM32F7xx_HAL_Driver/Src/stm32f7xx_hal_rcc.o
 .debug_ranges  0x0000000000000ae0       0x40 ./Drivers/STM32F7xx_HAL_Driver/Src/stm32f7xx_hal_rcc_ex.o
 .debug_ranges  0x0000000000000b20      0x3d0 ./Drivers/STM32F7xx_HAL_Driver/Src/stm32f7xx_hal_tim.o
 .debug_ranges  0x0000000000000ef0      0x170 ./Drivers/STM32F7xx_HAL_Driver/Src/stm32f7xx_hal_tim_ex.o
 .debug_ranges  0x0000000000001060      0x250 ./Drivers/STM32F7xx_HAL_Driver/Src/stm32f7xx_hal_uart.o
 .debug_ranges  0x00000000000012b0      0x198 ./Drivers/STM32F7xx_HAL_Driver/Src/stm32f7xx_ll_usb.o

.debug_macro    0x0000000000000000    0x2bc32
 .debug_macro   0x0000000000000000      0x39d ./Core/Lib/app_can.o
 .debug_macro   0x000000000000039d      0xa90 ./Core/Lib/app_can.o
 .debug_macro   0x0000000000000e2d       0x22 ./Core/Lib/app_can.o
 .debug_macro   0x0000000000000e4f       0x8e ./Core/Lib/app_can.o
 .debug_macro   0x0000000000000edd       0x51 ./Core/Lib/app_can.o
 .debug_macro   0x0000000000000f2e      0x103 ./Core/Lib/app_can.o
 .debug_macro   0x0000000000001031       0x6a ./Core/Lib/app_can.o
 .debug_macro   0x000000000000109b      0x1df ./Core/Lib/app_can.o
 .debug_macro   0x000000000000127a       0x52 ./Core/Lib/app_can.o
 .debug_macro   0x00000000000012cc       0x1d ./Core/Lib/app_can.o
 .debug_macro   0x00000000000012e9       0x3c ./Core/Lib/app_can.o
 .debug_macro   0x0000000000001325       0x34 ./Core/Lib/app_can.o
 .debug_macro   0x0000000000001359       0x16 ./Core/Lib/app_can.o
 .debug_macro   0x000000000000136f       0x97 ./Core/Lib/app_can.o
 .debug_macro   0x0000000000001406      0x341 ./Core/Lib/app_can.o
 .debug_macro   0x0000000000001747       0xfd ./Core/Lib/app_can.o
 .debug_macro   0x0000000000001844       0x10 ./Core/Lib/app_can.o
 .debug_macro   0x0000000000001854       0x16 ./Core/Lib/app_can.o
 .debug_macro   0x000000000000186a       0x43 ./Core/Lib/app_can.o
 .debug_macro   0x00000000000018ad       0x34 ./Core/Lib/app_can.o
 .debug_macro   0x00000000000018e1       0x10 ./Core/Lib/app_can.o
 .debug_macro   0x00000000000018f1       0x58 ./Core/Lib/app_can.o
 .debug_macro   0x0000000000001949       0x71 ./Core/Lib/app_can.o
 .debug_macro   0x00000000000019ba       0x1c ./Core/Lib/app_can.o
 .debug_macro   0x00000000000019d6      0x12a ./Core/Lib/app_can.o
 .debug_macro   0x0000000000001b00       0x10 ./Core/Lib/app_can.o
 .debug_macro   0x0000000000001b10       0x1c ./Core/Lib/app_can.o
 .debug_macro   0x0000000000001b2c       0x52 ./Core/Lib/app_can.o
 .debug_macro   0x0000000000001b7e       0x22 ./Core/Lib/app_can.o
 .debug_macro   0x0000000000001ba0       0x10 ./Core/Lib/app_can.o
 .debug_macro   0x0000000000001bb0       0x52 ./Core/Lib/app_can.o
 .debug_macro   0x0000000000001c02       0xd5 ./Core/Lib/app_can.o
 .debug_macro   0x0000000000001cd7       0x1c ./Core/Lib/app_can.o
 .debug_macro   0x0000000000001cf3       0x3d ./Core/Lib/app_can.o
 .debug_macro   0x0000000000001d30       0x16 ./Core/Lib/app_can.o
 .debug_macro   0x0000000000001d46      0x145 ./Core/Lib/app_can.o
 .debug_macro   0x0000000000001e8b      0x2a5 ./Core/Lib/app_can.o
 .debug_macro   0x0000000000002130       0x2e ./Core/Lib/app_can.o
 .debug_macro   0x000000000000215e       0x3b ./Core/Lib/app_can.o
 .debug_macro   0x0000000000002199       0x1c ./Core/Lib/app_can.o
 .debug_macro   0x00000000000021b5       0x22 ./Core/Lib/app_can.o
 .debug_macro   0x00000000000021d7       0xd9 ./Core/Lib/app_can.o
 .debug_macro   0x00000000000022b0     0x12cd ./Core/Lib/app_can.o
 .debug_macro   0x000000000000357d      0x11f ./Core/Lib/app_can.o
 .debug_macro   0x000000000000369c       0x19 ./Core/Lib/app_can.o
 .debug_macro   0x00000000000036b5    0x1aa0d ./Core/Lib/app_can.o
 .debug_macro   0x000000000001e0c2       0x6d ./Core/Lib/app_can.o
 .debug_macro   0x000000000001e12f     0x3749 ./Core/Lib/app_can.o
 .debug_macro   0x0000000000021878       0x5d ./Core/Lib/app_can.o
 .debug_macro   0x00000000000218d5     0x1add ./Core/Lib/app_can.o
 .debug_macro   0x00000000000233b2      0x6c4 ./Core/Lib/app_can.o
 .debug_macro   0x0000000000023a76      0x18b ./Core/Lib/app_can.o
 .debug_macro   0x0000000000023c01      0x115 ./Core/Lib/app_can.o
 .debug_macro   0x0000000000023d16      0x26e ./Core/Lib/app_can.o
 .debug_macro   0x0000000000023f84       0xa5 ./Core/Lib/app_can.o
 .debug_macro   0x0000000000024029      0x24f ./Core/Lib/app_can.o
 .debug_macro   0x0000000000024278       0x71 ./Core/Lib/app_can.o
 .debug_macro   0x00000000000242e9       0x58 ./Core/Lib/app_can.o
 .debug_macro   0x0000000000024341      0x236 ./Core/Lib/app_can.o
 .debug_macro   0x0000000000024577      0x40f ./Core/Lib/app_can.o
 .debug_macro   0x0000000000024986      0xd44 ./Core/Lib/app_can.o
 .debug_macro   0x00000000000256ca      0x14e ./Core/Lib/app_can.o
 .debug_macro   0x0000000000025818      0x3db ./Core/Lib/app_can.o
 .debug_macro   0x0000000000025bf3       0x12 ./Core/Lib/app_can.o
 .debug_macro   0x0000000000025c05      0x22c ./Core/Lib/app_can.o
 .debug_macro   0x0000000000025e31       0x61 ./Core/Lib/app_can.o
 .debug_macro   0x0000000000025e92       0xa5 ./Core/Lib/app_can.o
 .debug_macro   0x0000000000025f37      0x12e ./Core/Lib/app_can.o
 .debug_macro   0x0000000000026065      0x108 ./Core/Lib/app_can.o
 .debug_macro   0x000000000002616d       0x35 ./Core/Lib/app_can.o
 .debug_macro   0x00000000000261a2      0xa8a ./Core/Lib/app_can.o
 .debug_macro   0x0000000000026c2c       0xa9 ./Core/Lib/app_can.o
 .debug_macro   0x0000000000026cd5      0x5ba ./Core/Lib/app_can.o
 .debug_macro   0x000000000002728f       0x44 ./Core/Lib/app_can.o
 .debug_macro   0x00000000000272d3      0x256 ./Core/Lib/app_can.o
 .debug_macro   0x0000000000027529       0xba ./Core/Lib/app_can.o
 .debug_macro   0x00000000000275e3      0x15b ./Core/Lib/app_can.o
 .debug_macro   0x000000000002773e      0x148 ./Core/Lib/app_can.o
 .debug_macro   0x0000000000027886      0x3dd ./Core/Lib/app_uart.o
 .debug_macro   0x0000000000027c63       0x16 ./Core/Lib/app_uart.o
 .debug_macro   0x0000000000027c79       0x35 ./Core/Lib/app_uart.o
 .debug_macro   0x0000000000027cae       0x20 ./Core/Lib/app_uart.o
 .debug_macro   0x0000000000027cce      0x234 ./Core/Src/can.o
 .debug_macro   0x0000000000027f02      0x174 ./Core/Src/can.o
 .debug_macro   0x0000000000028076       0x63 ./Core/Src/can.o
 .debug_macro   0x00000000000280d9      0x302 ./Core/Src/eth.o
 .debug_macro   0x00000000000283db       0x10 ./Core/Src/eth.o
 .debug_macro   0x00000000000283eb      0x234 ./Core/Src/gpio.o
 .debug_macro   0x000000000002861f      0x27e ./Core/Src/main.o
 .debug_macro   0x000000000002889d      0x22a ./Core/Src/stm32f7xx_hal_msp.o
 .debug_macro   0x0000000000028ac7      0x234 ./Core/Src/stm32f7xx_it.o
 .debug_macro   0x0000000000028cfb       0xff ./Core/Src/sysmem.o
 .debug_macro   0x0000000000028dfa      0x23b ./Core/Src/sysmem.o
 .debug_macro   0x0000000000029035      0x21b ./Core/Src/system_stm32f7xx.o
 .debug_macro   0x0000000000029250      0x234 ./Core/Src/tim.o
 .debug_macro   0x0000000000029484      0x234 ./Core/Src/usart.o
 .debug_macro   0x00000000000296b8      0x234 ./Core/Src/usb_otg.o
 .debug_macro   0x00000000000298ec      0x23f ./Drivers/STM32F7xx_HAL_Driver/Src/stm32f7xx_hal.o
 .debug_macro   0x0000000000029b2b      0x223 ./Drivers/STM32F7xx_HAL_Driver/Src/stm32f7xx_hal_can.o
 .debug_macro   0x0000000000029d4e      0x21b ./Drivers/STM32F7xx_HAL_Driver/Src/stm32f7xx_hal_cortex.o
 .debug_macro   0x0000000000029f69      0x221 ./Drivers/STM32F7xx_HAL_Driver/Src/stm32f7xx_hal_dma.o
 .debug_macro   0x000000000002a18a      0x2f5 ./Drivers/STM32F7xx_HAL_Driver/Src/stm32f7xx_hal_eth.o
 .debug_macro   0x000000000002a47f      0x221 ./Drivers/STM32F7xx_HAL_Driver/Src/stm32f7xx_hal_gpio.o
 .debug_macro   0x000000000002a6a0      0x227 ./Drivers/STM32F7xx_HAL_Driver/Src/stm32f7xx_hal_pcd.o
 .debug_macro   0x000000000002a8c7      0x21b ./Drivers/STM32F7xx_HAL_Driver/Src/stm32f7xx_hal_pcd_ex.o
 .debug_macro   0x000000000002aae2      0x239 ./Drivers/STM32F7xx_HAL_Driver/Src/stm32f7xx_hal_pwr.o
 .debug_macro   0x000000000002ad1b      0x233 ./Drivers/STM32F7xx_HAL_Driver/Src/stm32f7xx_hal_pwr_ex.o
 .debug_macro   0x000000000002af4e      0x23f ./Drivers/STM32F7xx_HAL_Driver/Src/stm32f7xx_hal_rcc.o
 .debug_macro   0x000000000002b18d      0x21b ./Drivers/STM32F7xx_HAL_Driver/Src/stm32f7xx_hal_rcc_ex.o
 .debug_macro   0x000000000002b3a8      0x21c ./Drivers/STM32F7xx_HAL_Driver/Src/stm32f7xx_hal_tim.o
 .debug_macro   0x000000000002b5c4      0x21b ./Drivers/STM32F7xx_HAL_Driver/Src/stm32f7xx_hal_tim_ex.o
 .debug_macro   0x000000000002b7df      0x238 ./Drivers/STM32F7xx_HAL_Driver/Src/stm32f7xx_hal_uart.o
 .debug_macro   0x000000000002ba17      0x21b ./Drivers/STM32F7xx_HAL_Driver/Src/stm32f7xx_ll_usb.o

.debug_line     0x0000000000000000    0x1be81
 .debug_line    0x0000000000000000      0xa24 ./Core/Lib/app_can.o
 .debug_line    0x0000000000000a24      0xca0 ./Core/Lib/app_uart.o
 .debug_line    0x00000000000016c4      0x7c9 ./Core/Src/can.o
 .debug_line    0x0000000000001e8d      0x967 ./Core/Src/eth.o
 .debug_line    0x00000000000027f4      0x79e ./Core/Src/gpio.o
 .debug_line    0x0000000000002f92      0x87d ./Core/Src/main.o
 .debug_line    0x000000000000380f      0x75b ./Core/Src/stm32f7xx_hal_msp.o
 .debug_line    0x0000000000003f6a      0x84e ./Core/Src/stm32f7xx_it.o
 .debug_line    0x00000000000047b8      0x4ea ./Core/Src/sysmem.o
 .debug_line    0x0000000000004ca2      0x7db ./Core/Src/system_stm32f7xx.o
 .debug_line    0x000000000000547d      0x7b6 ./Core/Src/tim.o
 .debug_line    0x0000000000005c33      0x7e0 ./Core/Src/usart.o
 .debug_line    0x0000000000006413      0x7ec ./Core/Src/usb_otg.o
 .debug_line    0x0000000000006bff       0x88 ./Core/Startup/startup_stm32f767zitx.o
 .debug_line    0x0000000000006c87      0xa9c ./Drivers/STM32F7xx_HAL_Driver/Src/stm32f7xx_hal.o
 .debug_line    0x0000000000007723     0x11b3 ./Drivers/STM32F7xx_HAL_Driver/Src/stm32f7xx_hal_can.o
 .debug_line    0x00000000000088d6      0xcf2 ./Drivers/STM32F7xx_HAL_Driver/Src/stm32f7xx_hal_cortex.o
 .debug_line    0x00000000000095c8      0xfbb ./Drivers/STM32F7xx_HAL_Driver/Src/stm32f7xx_hal_dma.o
 .debug_line    0x000000000000a583     0x19b4 ./Drivers/STM32F7xx_HAL_Driver/Src/stm32f7xx_hal_eth.o
 .debug_line    0x000000000000bf37      0xbe0 ./Drivers/STM32F7xx_HAL_Driver/Src/stm32f7xx_hal_gpio.o
 .debug_line    0x000000000000cb17     0x14b7 ./Drivers/STM32F7xx_HAL_Driver/Src/stm32f7xx_hal_pcd.o
 .debug_line    0x000000000000dfce      0x86d ./Drivers/STM32F7xx_HAL_Driver/Src/stm32f7xx_hal_pcd_ex.o
 .debug_line    0x000000000000e83b      0x970 ./Drivers/STM32F7xx_HAL_Driver/Src/stm32f7xx_hal_pwr.o
 .debug_line    0x000000000000f1ab      0x9e1 ./Drivers/STM32F7xx_HAL_Driver/Src/stm32f7xx_hal_pwr_ex.o
 .debug_line    0x000000000000fb8c      0xede ./Drivers/STM32F7xx_HAL_Driver/Src/stm32f7xx_hal_rcc.o
 .debug_line    0x0000000000010a6a      0xeba ./Drivers/STM32F7xx_HAL_Driver/Src/stm32f7xx_hal_rcc_ex.o