../Core/Lib/app_uart.c:97:6:AppUart_Init	8	static
../Core/Lib/app_uart.c:108:6:AppUart_ProcessInput	8	static
../Core/Lib/app_uart.c:166:6:AppUart_SendInfo	16	static
../Core/Lib/app_uart.c:221:10:AppUart_DecodeInputHex	24	static
../Core/Lib/app_uart.c:234:16:AppUart_ConvertToHex	24	static
../Core/Lib/app_uart.c:254:10:AppUart_DecodeInputDec	24	static
../Core/Lib/app_uart.c:267:6:AppUart_ProcessMode	16	static
../Core/Lib/app_uart.c:286:6:AppUart_ProcessId	16	static
../Core/Lib/app_uart.c:305:6:AppUart_ProcessDlc	16	static
../Core/Lib/app_uart.c:329:6:AppUart_ProcessData	24	static
../Core/Lib/app_uart.c:357:6:AppUart_ProcessPeriod	16	static
../Core/Lib/app_uart.c:376:6:AppUart_ProcessSummary	8	static
../Core/Lib/app_uart.c:391:6:AppUart_ProcessError	8	static
